ANNarchy 4.8 (4.8.2.6) on linux (posix).
Pesos de INICIO:  [[  0.         0.         0.         0.         0.         0.
    0.         0.        19.8144    -0.993763   0.         0.
    0.         0.         0.         0.         0.         0.
    0.         0.         0.         0.         0.         0.
    0.         0.         0.         0.         0.      ]
 [  0.         0.         0.         0.         0.         0.
    0.         0.         0.         1.32806    0.         0.
    0.         0.         0.         0.         0.         0.
    0.         0.         0.         0.         0.         0.
    0.         0.         0.         0.        32.8287  ]
 [  0.         0.         0.         0.         0.         0.
    0.         0.        78.3239    44.254      0.         0.
    0.         0.         0.         0.         0.         0.
    0.         0.         0.         0.         0.         0.
    0.         0.         0.         0.         0.      ]
 [  0.         0.         0.         0.         0.         0.
    0.         0.        26.3662    55.9735     0.         0.
    0.         0.         0.         0.         0.         0.
    0.         0.         0.         0.         0.         0.
    0.         0.         0.         0.         0.      ]
 [  0.         0.         0.         0.         0.         0.
    0.         0.        -8.58287    0.         0.         0.
    0.         0.         0.         0.         0.         0.
    0.         0.         0.         0.         0.         0.
    0.         0.         0.         0.         0.      ]
 [  0.         0.         0.         0.         0.         0.
    0.         0.         9.42509   78.3596     0.         0.
    0.         0.         0.         0.         0.         0.
    0.         0.         0.         0.         0.         0.
    0.         0.         0.         0.         0.      ]
 [  0.         0.         0.         0.         0.         0.
    0.         0.        67.755     -4.53449    0.         0.
    0.         0.         0.         0.         0.         0.
    0.         0.         0.         0.         0.         0.
    0.         0.         0.         0.         0.      ]
 [  0.         0.         0.       -13.0484     0.         0.
    0.         0.       -21.4334    52.8257     0.         0.
    0.         0.         0.         0.         0.         0.
    0.         0.         0.         0.         0.         0.
    0.         0.         0.         0.         0.      ]
 [  0.         0.        82.2968     0.         0.         0.
    0.         0.         0.         0.         0.         0.
    0.         0.         0.         0.         0.         0.
    0.         0.         0.         0.         0.         0.
    0.         0.         0.         0.         0.      ]
 [  0.         0.         0.         0.        14.9933     0.
    0.         0.         0.         0.         0.         0.
    0.         0.         0.         0.         0.         0.
    0.         0.         0.         0.         0.         0.
    0.         0.         0.         0.         0.      ]
 [  0.         0.         0.         0.         0.         0.
    0.         0.         0.         0.         0.         0.
    0.         0.         0.         0.         0.         0.
    0.         0.         0.         0.         0.         0.
    0.         0.         0.         0.         0.      ]
 [  0.         0.         0.         0.         0.         0.
    0.         0.         0.         0.         0.         0.
    0.         0.         0.         0.         0.         0.
    0.         0.         0.         0.         0.         0.
    0.         0.         0.         0.         0.      ]
 [  0.         0.         0.         0.         0.         0.
    0.         0.         0.         0.         0.         0.
    0.         0.         0.         0.         0.         0.
    0.         0.         0.         0.         0.         0.
    0.         0.         0.         0.         0.      ]
 [  0.         0.         0.         0.         0.         0.
    0.         0.         0.         0.         0.         0.
    0.         0.         0.         0.         0.         0.
    0.         0.         0.         0.         0.         0.
    0.         0.         0.         0.         0.      ]
 [  0.         0.         0.         0.         0.         0.
    0.         0.         0.         0.         0.         0.
    0.         0.         0.         0.         0.         0.
    0.         0.         0.         0.         0.         0.
    0.         0.         0.         0.         0.      ]
 [  0.         0.         0.         0.         0.         0.
    0.         0.         0.         0.         0.         0.
    0.         0.         0.         0.         0.         0.
    0.         0.         0.         0.         0.         0.
    0.         0.         0.         0.         0.      ]
 [  0.         0.         0.         0.         0.         0.
    0.         0.         0.         0.         0.         0.
    0.         0.         0.         0.         0.         0.
    0.         0.         0.         0.         0.         0.
    0.         0.         0.         0.         0.      ]
 [  0.         0.         0.         0.         0.         0.
    0.         0.         0.         0.         0.         0.
    0.         0.         0.         0.         0.         0.
    0.         0.         0.         0.         0.         0.
    0.         0.         0.         0.         0.      ]
 [  0.         0.         0.         0.         0.         0.
    0.         0.         0.         0.         0.         0.
    0.         0.         0.         0.         0.         0.
    0.         0.         0.         0.         0.         0.
    0.         0.         0.         0.         0.      ]
 [  0.         0.         0.         0.         0.         0.
    0.         0.         0.         0.         0.         0.
    0.         0.         0.         0.         0.         0.
    0.         0.         0.         0.         0.         0.
    0.         0.         0.         0.         0.      ]
 [  0.         0.         0.         0.         0.         0.
    0.         0.        54.7798     0.         0.         0.
    0.         0.         0.         0.         0.         0.
    0.         0.         0.         0.         0.         0.
    0.         0.         0.         0.         0.      ]
 [  0.         0.         0.         0.         0.         0.
    0.         0.         0.         0.         0.         0.
    0.         0.         0.         0.         0.         0.
    0.         0.         0.         0.         0.         0.
    0.         0.         0.         0.         0.      ]
 [  0.         0.         0.         0.         0.         0.
    0.         0.         0.         0.         0.         0.
    0.         0.         0.         0.         0.         0.
    0.         0.         0.         0.         0.         0.
    0.         0.         0.         0.         0.      ]
 [  0.         0.         0.         0.         0.         0.
    0.         0.         0.         0.         0.         0.
    0.         0.         0.         0.         0.         0.
    0.         0.         0.         0.         0.         0.
    0.         0.         0.         0.         0.      ]
 [  0.         0.         0.         0.         0.         0.
    0.         0.         0.         0.         0.         0.
    0.         0.         0.         0.         0.         0.
    0.         0.         0.         0.         0.         0.
    0.         0.         0.         0.         0.      ]
 [  0.         0.         0.         0.         0.         0.
    0.         0.         0.         0.         0.         0.
    0.         0.         0.         0.         0.         0.
    0.         0.         0.         0.         0.         0.
    0.         0.         0.         0.         0.      ]
 [  0.         0.         0.         0.         0.         0.
    0.         0.         0.         0.         0.         0.
    0.         0.         0.         0.         0.         0.
    0.         0.         0.         0.         0.         0.
    0.         0.         0.         0.         0.      ]
 [  0.         0.         0.         0.         0.         0.
    0.         0.         0.         0.         0.         0.
    0.         0.         0.         0.         0.         0.
    0.         0.         0.         0.         0.         0.
    0.         0.         0.         0.         0.      ]
 [  0.         0.         0.         0.         0.         0.
    0.         0.         0.         0.         0.         0.
    0.         0.         0.         0.         0.         0.
    0.         0.       -18.478      0.         0.         0.
    0.         0.         0.         0.         0.      ]]
Pesos de INICIO:  <Compressed Sparse Row sparse matrix of dtype 'float64'
	with 20 stored elements and shape (29, 29)>
  Coords	Values
  (0, 8)	19.8144
  (0, 9)	-0.993763
  (1, 9)	1.32806
  (1, 28)	32.8287
  (2, 8)	78.3239
  (2, 9)	44.254
  (3, 8)	26.3662
  (3, 9)	55.9735
  (4, 8)	-8.58287
  (5, 8)	9.42509
  (5, 9)	78.3596
  (6, 8)	67.755
  (6, 9)	-4.53449
  (7, 3)	-13.0484
  (7, 8)	-21.4334
  (7, 9)	52.8257
  (8, 2)	82.2968
  (9, 4)	14.9933
  (20, 8)	54.7798
  (28, 20)	-18.478
Compiling ...  OK 
[496.492]
[496.492, 496.855]
[496.492, 496.855, 495.516]
[496.492, 496.855, 495.516, 495.475]
[496.492, 496.855, 495.516, 495.475, 497.917]
[496.492, 496.855, 495.516, 495.475, 497.917, 496.002]
[496.492, 496.855, 495.516, 495.475, 497.917, 496.002, 496.041]
[496.492, 496.855, 495.516, 495.475, 497.917, 496.002, 496.041, 496.441]
[496.492, 496.855, 495.516, 495.475, 497.917, 496.002, 496.041, 496.441, 496.134]
[496.492, 496.855, 495.516, 495.475, 497.917, 496.002, 496.041, 496.441, 496.134, 496.259]
[496.492, 496.855, 495.516, 495.475, 497.917, 496.002, 496.041, 496.441, 496.134, 496.259, 495.77]
[496.492, 496.855, 495.516, 495.475, 497.917, 496.002, 496.041, 496.441, 496.134, 496.259, 495.77, 496.172]
[496.492, 496.855, 495.516, 495.475, 497.917, 496.002, 496.041, 496.441, 496.134, 496.259, 495.77, 496.172, 494.222]
[496.492, 496.855, 495.516, 495.475, 497.917, 496.002, 496.041, 496.441, 496.134, 496.259, 495.77, 496.172, 494.222, 497.016]
[496.492, 496.855, 495.516, 495.475, 497.917, 496.002, 496.041, 496.441, 496.134, 496.259, 495.77, 496.172, 494.222, 497.016, 496.316]
[496.492, 496.855, 495.516, 495.475, 497.917, 496.002, 496.041, 496.441, 496.134, 496.259, 495.77, 496.172, 494.222, 497.016, 496.316, 497.48]
[496.492, 496.855, 495.516, 495.475, 497.917, 496.002, 496.041, 496.441, 496.134, 496.259, 495.77, 496.172, 494.222, 497.016, 496.316, 497.48, 495.181]
[496.492, 496.855, 495.516, 495.475, 497.917, 496.002, 496.041, 496.441, 496.134, 496.259, 495.77, 496.172, 494.222, 497.016, 496.316, 497.48, 495.181, 495.998]
[496.492, 496.855, 495.516, 495.475, 497.917, 496.002, 496.041, 496.441, 496.134, 496.259, 495.77, 496.172, 494.222, 497.016, 496.316, 497.48, 495.181, 495.998, 496.659]
[496.492, 496.855, 495.516, 495.475, 497.917, 496.002, 496.041, 496.441, 496.134, 496.259, 495.77, 496.172, 494.222, 497.016, 496.316, 497.48, 495.181, 495.998, 496.659, 496.904]
[496.492, 496.855, 495.516, 495.475, 497.917, 496.002, 496.041, 496.441, 496.134, 496.259, 495.77, 496.172, 494.222, 497.016, 496.316, 497.48, 495.181, 495.998, 496.659, 496.904, 496.134]
[496.492, 496.855, 495.516, 495.475, 497.917, 496.002, 496.041, 496.441, 496.134, 496.259, 495.77, 496.172, 494.222, 497.016, 496.316, 497.48, 495.181, 495.998, 496.659, 496.904, 496.134, 497.14]
[496.492, 496.855, 495.516, 495.475, 497.917, 496.002, 496.041, 496.441, 496.134, 496.259, 495.77, 496.172, 494.222, 497.016, 496.316, 497.48, 495.181, 495.998, 496.659, 496.904, 496.134, 497.14, 496.937]
[496.492, 496.855, 495.516, 495.475, 497.917, 496.002, 496.041, 496.441, 496.134, 496.259, 495.77, 496.172, 494.222, 497.016, 496.316, 497.48, 495.181, 495.998, 496.659, 496.904, 496.134, 497.14, 496.937, 497.428]
[496.492, 496.855, 495.516, 495.475, 497.917, 496.002, 496.041, 496.441, 496.134, 496.259, 495.77, 496.172, 494.222, 497.016, 496.316, 497.48, 495.181, 495.998, 496.659, 496.904, 496.134, 497.14, 496.937, 497.428, 496.141]
[496.492, 496.855, 495.516, 495.475, 497.917, 496.002, 496.041, 496.441, 496.134, 496.259, 495.77, 496.172, 494.222, 497.016, 496.316, 497.48, 495.181, 495.998, 496.659, 496.904, 496.134, 497.14, 496.937, 497.428, 496.141, 497.464]
[496.492, 496.855, 495.516, 495.475, 497.917, 496.002, 496.041, 496.441, 496.134, 496.259, 495.77, 496.172, 494.222, 497.016, 496.316, 497.48, 495.181, 495.998, 496.659, 496.904, 496.134, 497.14, 496.937, 497.428, 496.141, 497.464, 495.679]
[496.492, 496.855, 495.516, 495.475, 497.917, 496.002, 496.041, 496.441, 496.134, 496.259, 495.77, 496.172, 494.222, 497.016, 496.316, 497.48, 495.181, 495.998, 496.659, 496.904, 496.134, 497.14, 496.937, 497.428, 496.141, 497.464, 495.679, 497.297]
[496.492, 496.855, 495.516, 495.475, 497.917, 496.002, 496.041, 496.441, 496.134, 496.259, 495.77, 496.172, 494.222, 497.016, 496.316, 497.48, 495.181, 495.998, 496.659, 496.904, 496.134, 497.14, 496.937, 497.428, 496.141, 497.464, 495.679, 497.297, 497.328]
[496.492, 496.855, 495.516, 495.475, 497.917, 496.002, 496.041, 496.441, 496.134, 496.259, 495.77, 496.172, 494.222, 497.016, 496.316, 497.48, 495.181, 495.998, 496.659, 496.904, 496.134, 497.14, 496.937, 497.428, 496.141, 497.464, 495.679, 497.297, 497.328, 496.723]
[496.492, 496.855, 495.516, 495.475, 497.917, 496.002, 496.041, 496.441, 496.134, 496.259, 495.77, 496.172, 494.222, 497.016, 496.316, 497.48, 495.181, 495.998, 496.659, 496.904, 496.134, 497.14, 496.937, 497.428, 496.141, 497.464, 495.679, 497.297, 497.328, 496.723, 497.907]
[496.492, 496.855, 495.516, 495.475, 497.917, 496.002, 496.041, 496.441, 496.134, 496.259, 495.77, 496.172, 494.222, 497.016, 496.316, 497.48, 495.181, 495.998, 496.659, 496.904, 496.134, 497.14, 496.937, 497.428, 496.141, 497.464, 495.679, 497.297, 497.328, 496.723, 497.907, 497.243]
[496.492, 496.855, 495.516, 495.475, 497.917, 496.002, 496.041, 496.441, 496.134, 496.259, 495.77, 496.172, 494.222, 497.016, 496.316, 497.48, 495.181, 495.998, 496.659, 496.904, 496.134, 497.14, 496.937, 497.428, 496.141, 497.464, 495.679, 497.297, 497.328, 496.723, 497.907, 497.243, 497.8]
