ANNarchy 4.8 (4.8.2.6) on linux (posix).
Pesos de INICIO:  [[  0.        0.        0.        0.        0.        0.        0.
    0.      -18.0245  -15.1163 ]
 [  0.        0.        0.        0.        0.        0.        0.
    0.       27.5995   32.9899 ]
 [  0.        0.        0.        0.        0.        0.        0.
    0.       67.8957   -7.45091]
 [  0.        0.        0.        0.        0.        0.        0.
    0.       64.0233   14.8893 ]
 [  0.        0.        0.        0.        0.        0.        0.
    0.      -18.5829  -17.9977 ]
 [  0.        0.        0.        0.        0.        0.        0.
    0.       14.4251   61.4909 ]
 [  0.        0.        0.        0.        0.        0.        0.
    0.       45.9146   39.6196 ]
 [  0.        0.        0.        0.        0.        0.        0.
    0.       -1.68811  67.8257 ]
 [  0.        0.        0.        0.        0.        0.        0.
    0.        0.        0.     ]
 [  0.        0.        0.        0.        0.        0.        0.
    0.        0.        0.     ]]
Pesos de INICIO:  <Compressed Sparse Row sparse matrix of dtype 'float64'
	with 16 stored elements and shape (10, 10)>
  Coords	Values
  (0, 8)	-18.0245
  (0, 9)	-15.1163
  (1, 8)	27.5995
  (1, 9)	32.9899
  (2, 8)	67.8957
  (2, 9)	-7.45091
  (3, 8)	64.0233
  (3, 9)	14.8893
  (4, 8)	-18.5829
  (4, 9)	-17.9977
  (5, 8)	14.4251
  (5, 9)	61.4909
  (6, 8)	45.9146
  (6, 9)	39.6196
  (7, 8)	-1.68811
  (7, 9)	67.8257
Compiling ...  OK 
[490.379]
[490.379, 492.976]
[490.379, 492.976, 491.787]
[490.379, 492.976, 491.787, 491.659]
[490.379, 492.976, 491.787, 491.659, 496.437]
[490.379, 492.976, 491.787, 491.659, 496.437, 492.896]
[490.379, 492.976, 491.787, 491.659, 496.437, 492.896, 493.264]
[490.379, 492.976, 491.787, 491.659, 496.437, 492.896, 493.264, 494.245]
[490.379, 492.976, 491.787, 491.659, 496.437, 492.896, 493.264, 494.245, 495.269]
[490.379, 492.976, 491.787, 491.659, 496.437, 492.896, 493.264, 494.245, 495.269, 489.568]
[490.379, 492.976, 491.787, 491.659, 496.437, 492.896, 493.264, 494.245, 495.269, 489.568, 488.207]
[490.379, 492.976, 491.787, 491.659, 496.437, 492.896, 493.264, 494.245, 495.269, 489.568, 488.207, 493.837]
[490.379, 492.976, 491.787, 491.659, 496.437, 492.896, 493.264, 494.245, 495.269, 489.568, 488.207, 493.837, 498.049]
[490.379, 492.976, 491.787, 491.659, 496.437, 492.896, 493.264, 494.245, 495.269, 489.568, 488.207, 493.837, 498.049, 492.675]
[490.379, 492.976, 491.787, 491.659, 496.437, 492.896, 493.264, 494.245, 495.269, 489.568, 488.207, 493.837, 498.049, 492.675, 486.752]
[490.379, 492.976, 491.787, 491.659, 496.437, 492.896, 493.264, 494.245, 495.269, 489.568, 488.207, 493.837, 498.049, 492.675, 486.752, 490.989]
[490.379, 492.976, 491.787, 491.659, 496.437, 492.896, 493.264, 494.245, 495.269, 489.568, 488.207, 493.837, 498.049, 492.675, 486.752, 490.989, 493.417]
[490.379, 492.976, 491.787, 491.659, 496.437, 492.896, 493.264, 494.245, 495.269, 489.568, 488.207, 493.837, 498.049, 492.675, 486.752, 490.989, 493.417, 495.225]
[490.379, 492.976, 491.787, 491.659, 496.437, 492.896, 493.264, 494.245, 495.269, 489.568, 488.207, 493.837, 498.049, 492.675, 486.752, 490.989, 493.417, 495.225, 491.966]
[490.379, 492.976, 491.787, 491.659, 496.437, 492.896, 493.264, 494.245, 495.269, 489.568, 488.207, 493.837, 498.049, 492.675, 486.752, 490.989, 493.417, 495.225, 491.966, 490.748]
[490.379, 492.976, 491.787, 491.659, 496.437, 492.896, 493.264, 494.245, 495.269, 489.568, 488.207, 493.837, 498.049, 492.675, 486.752, 490.989, 493.417, 495.225, 491.966, 490.748, 491.891]
[490.379, 492.976, 491.787, 491.659, 496.437, 492.896, 493.264, 494.245, 495.269, 489.568, 488.207, 493.837, 498.049, 492.675, 486.752, 490.989, 493.417, 495.225, 491.966, 490.748, 491.891, 489.262]
[490.379, 492.976, 491.787, 491.659, 496.437, 492.896, 493.264, 494.245, 495.269, 489.568, 488.207, 493.837, 498.049, 492.675, 486.752, 490.989, 493.417, 495.225, 491.966, 490.748, 491.891, 489.262, 495.536]
[490.379, 492.976, 491.787, 491.659, 496.437, 492.896, 493.264, 494.245, 495.269, 489.568, 488.207, 493.837, 498.049, 492.675, 486.752, 490.989, 493.417, 495.225, 491.966, 490.748, 491.891, 489.262, 495.536, 493.007]
[490.379, 492.976, 491.787, 491.659, 496.437, 492.896, 493.264, 494.245, 495.269, 489.568, 488.207, 493.837, 498.049, 492.675, 486.752, 490.989, 493.417, 495.225, 491.966, 490.748, 491.891, 489.262, 495.536, 493.007, 496.556]
[490.379, 492.976, 491.787, 491.659, 496.437, 492.896, 493.264, 494.245, 495.269, 489.568, 488.207, 493.837, 498.049, 492.675, 486.752, 490.989, 493.417, 495.225, 491.966, 490.748, 491.891, 489.262, 495.536, 493.007, 496.556, 497.256]
[490.379, 492.976, 491.787, 491.659, 496.437, 492.896, 493.264, 494.245, 495.269, 489.568, 488.207, 493.837, 498.049, 492.675, 486.752, 490.989, 493.417, 495.225, 491.966, 490.748, 491.891, 489.262, 495.536, 493.007, 496.556, 497.256, 495.072]
[490.379, 492.976, 491.787, 491.659, 496.437, 492.896, 493.264, 494.245, 495.269, 489.568, 488.207, 493.837, 498.049, 492.675, 486.752, 490.989, 493.417, 495.225, 491.966, 490.748, 491.891, 489.262, 495.536, 493.007, 496.556, 497.256, 495.072, 497.484]
[490.379, 492.976, 491.787, 491.659, 496.437, 492.896, 493.264, 494.245, 495.269, 489.568, 488.207, 493.837, 498.049, 492.675, 486.752, 490.989, 493.417, 495.225, 491.966, 490.748, 491.891, 489.262, 495.536, 493.007, 496.556, 497.256, 495.072, 497.484, 493.719]
[490.379, 492.976, 491.787, 491.659, 496.437, 492.896, 493.264, 494.245, 495.269, 489.568, 488.207, 493.837, 498.049, 492.675, 486.752, 490.989, 493.417, 495.225, 491.966, 490.748, 491.891, 489.262, 495.536, 493.007, 496.556, 497.256, 495.072, 497.484, 493.719, 495.244]
[490.379, 492.976, 491.787, 491.659, 496.437, 492.896, 493.264, 494.245, 495.269, 489.568, 488.207, 493.837, 498.049, 492.675, 486.752, 490.989, 493.417, 495.225, 491.966, 490.748, 491.891, 489.262, 495.536, 493.007, 496.556, 497.256, 495.072, 497.484, 493.719, 495.244, 495.711]
[490.379, 492.976, 491.787, 491.659, 496.437, 492.896, 493.264, 494.245, 495.269, 489.568, 488.207, 493.837, 498.049, 492.675, 486.752, 490.989, 493.417, 495.225, 491.966, 490.748, 491.891, 489.262, 495.536, 493.007, 496.556, 497.256, 495.072, 497.484, 493.719, 495.244, 495.711, 487.951]
[490.379, 492.976, 491.787, 491.659, 496.437, 492.896, 493.264, 494.245, 495.269, 489.568, 488.207, 493.837, 498.049, 492.675, 486.752, 490.989, 493.417, 495.225, 491.966, 490.748, 491.891, 489.262, 495.536, 493.007, 496.556, 497.256, 495.072, 497.484, 493.719, 495.244, 495.711, 487.951, 491.791]
