ANNarchy 4.8 (4.8.2.6) on linux (posix).
Pesos de INICIO:  [[0. 0. 0. ... 0. 0. 0.]
 [0. 0. 0. ... 0. 0. 0.]
 [0. 0. 0. ... 0. 0. 0.]
 ...
 [0. 0. 0. ... 0. 0. 0.]
 [0. 0. 0. ... 0. 0. 0.]
 [0. 0. 0. ... 0. 0. 0.]]
Pesos de INICIO:  <Compressed Sparse Row sparse matrix of dtype 'float64'
	with 25 stored elements and shape (39, 39)>
  Coords	Values
  (0, 8)	-12.991
  (0, 9)	-19.3995
  (0, 18)	-45.3287
  (1, 8)	72.3728
  (1, 9)	64.391
  (2, 8)	41.8447
  (2, 9)	7.54909
  (3, 8)	31.8515
  (3, 9)	20.0709
  (4, 8)	21.2154
  (4, 9)	62.8278
  (5, 8)	14.4251
  (5, 9)	66.4909
  (5, 36)	-21.0931
  (6, 4)	-34.7674
  (6, 8)	45.9146
  (6, 37)	3.98712
  (7, 8)	0.746891
  (14, 8)	19.4251
  (16, 38)	1.04342
  (18, 8)	-12.991
  (28, 14)	19.5963
  (36, 28)	-15.68
  (37, 16)	-0.221237
  (38, 9)	-16.3673
Compiling ...  OK 
[356.348]
[356.348, 352.589]
[356.348, 352.589, 362.17]
[356.348, 352.589, 362.17, 342.62]
[356.348, 352.589, 362.17, 342.62, 350.636]
[356.348, 352.589, 362.17, 342.62, 350.636, 341.933]
[356.348, 352.589, 362.17, 342.62, 350.636, 341.933, 375.372]
[356.348, 352.589, 362.17, 342.62, 350.636, 341.933, 375.372, 349.452]
[356.348, 352.589, 362.17, 342.62, 350.636, 341.933, 375.372, 349.452, 357.804]
[356.348, 352.589, 362.17, 342.62, 350.636, 341.933, 375.372, 349.452, 357.804, 369.738]
[356.348, 352.589, 362.17, 342.62, 350.636, 341.933, 375.372, 349.452, 357.804, 369.738, 334.781]
[356.348, 352.589, 362.17, 342.62, 350.636, 341.933, 375.372, 349.452, 357.804, 369.738, 334.781, 352.861]
[356.348, 352.589, 362.17, 342.62, 350.636, 341.933, 375.372, 349.452, 357.804, 369.738, 334.781, 352.861, 355.908]
[356.348, 352.589, 362.17, 342.62, 350.636, 341.933, 375.372, 349.452, 357.804, 369.738, 334.781, 352.861, 355.908, 350.133]
[356.348, 352.589, 362.17, 342.62, 350.636, 341.933, 375.372, 349.452, 357.804, 369.738, 334.781, 352.861, 355.908, 350.133, 363.11]
[356.348, 352.589, 362.17, 342.62, 350.636, 341.933, 375.372, 349.452, 357.804, 369.738, 334.781, 352.861, 355.908, 350.133, 363.11, 344.342]
[356.348, 352.589, 362.17, 342.62, 350.636, 341.933, 375.372, 349.452, 357.804, 369.738, 334.781, 352.861, 355.908, 350.133, 363.11, 344.342, 340.408]
[356.348, 352.589, 362.17, 342.62, 350.636, 341.933, 375.372, 349.452, 357.804, 369.738, 334.781, 352.861, 355.908, 350.133, 363.11, 344.342, 340.408, 352.308]
[356.348, 352.589, 362.17, 342.62, 350.636, 341.933, 375.372, 349.452, 357.804, 369.738, 334.781, 352.861, 355.908, 350.133, 363.11, 344.342, 340.408, 352.308, 357.307]
[356.348, 352.589, 362.17, 342.62, 350.636, 341.933, 375.372, 349.452, 357.804, 369.738, 334.781, 352.861, 355.908, 350.133, 363.11, 344.342, 340.408, 352.308, 357.307, 343.519]
[356.348, 352.589, 362.17, 342.62, 350.636, 341.933, 375.372, 349.452, 357.804, 369.738, 334.781, 352.861, 355.908, 350.133, 363.11, 344.342, 340.408, 352.308, 357.307, 343.519, 373.951]
[356.348, 352.589, 362.17, 342.62, 350.636, 341.933, 375.372, 349.452, 357.804, 369.738, 334.781, 352.861, 355.908, 350.133, 363.11, 344.342, 340.408, 352.308, 357.307, 343.519, 373.951, 348.2]
[356.348, 352.589, 362.17, 342.62, 350.636, 341.933, 375.372, 349.452, 357.804, 369.738, 334.781, 352.861, 355.908, 350.133, 363.11, 344.342, 340.408, 352.308, 357.307, 343.519, 373.951, 348.2, 357.813]
[356.348, 352.589, 362.17, 342.62, 350.636, 341.933, 375.372, 349.452, 357.804, 369.738, 334.781, 352.861, 355.908, 350.133, 363.11, 344.342, 340.408, 352.308, 357.307, 343.519, 373.951, 348.2, 357.813, 358.295]
[356.348, 352.589, 362.17, 342.62, 350.636, 341.933, 375.372, 349.452, 357.804, 369.738, 334.781, 352.861, 355.908, 350.133, 363.11, 344.342, 340.408, 352.308, 357.307, 343.519, 373.951, 348.2, 357.813, 358.295, 355.138]
[356.348, 352.589, 362.17, 342.62, 350.636, 341.933, 375.372, 349.452, 357.804, 369.738, 334.781, 352.861, 355.908, 350.133, 363.11, 344.342, 340.408, 352.308, 357.307, 343.519, 373.951, 348.2, 357.813, 358.295, 355.138, 344.781]
[356.348, 352.589, 362.17, 342.62, 350.636, 341.933, 375.372, 349.452, 357.804, 369.738, 334.781, 352.861, 355.908, 350.133, 363.11, 344.342, 340.408, 352.308, 357.307, 343.519, 373.951, 348.2, 357.813, 358.295, 355.138, 344.781, 367.874]
[356.348, 352.589, 362.17, 342.62, 350.636, 341.933, 375.372, 349.452, 357.804, 369.738, 334.781, 352.861, 355.908, 350.133, 363.11, 344.342, 340.408, 352.308, 357.307, 343.519, 373.951, 348.2, 357.813, 358.295, 355.138, 344.781, 367.874, 331.088]
[356.348, 352.589, 362.17, 342.62, 350.636, 341.933, 375.372, 349.452, 357.804, 369.738, 334.781, 352.861, 355.908, 350.133, 363.11, 344.342, 340.408, 352.308, 357.307, 343.519, 373.951, 348.2, 357.813, 358.295, 355.138, 344.781, 367.874, 331.088, 345.755]
[356.348, 352.589, 362.17, 342.62, 350.636, 341.933, 375.372, 349.452, 357.804, 369.738, 334.781, 352.861, 355.908, 350.133, 363.11, 344.342, 340.408, 352.308, 357.307, 343.519, 373.951, 348.2, 357.813, 358.295, 355.138, 344.781, 367.874, 331.088, 345.755, 347.413]
[356.348, 352.589, 362.17, 342.62, 350.636, 341.933, 375.372, 349.452, 357.804, 369.738, 334.781, 352.861, 355.908, 350.133, 363.11, 344.342, 340.408, 352.308, 357.307, 343.519, 373.951, 348.2, 357.813, 358.295, 355.138, 344.781, 367.874, 331.088, 345.755, 347.413, 345.982]
[356.348, 352.589, 362.17, 342.62, 350.636, 341.933, 375.372, 349.452, 357.804, 369.738, 334.781, 352.861, 355.908, 350.133, 363.11, 344.342, 340.408, 352.308, 357.307, 343.519, 373.951, 348.2, 357.813, 358.295, 355.138, 344.781, 367.874, 331.088, 345.755, 347.413, 345.982, 373.286]
[356.348, 352.589, 362.17, 342.62, 350.636, 341.933, 375.372, 349.452, 357.804, 369.738, 334.781, 352.861, 355.908, 350.133, 363.11, 344.342, 340.408, 352.308, 357.307, 343.519, 373.951, 348.2, 357.813, 358.295, 355.138, 344.781, 367.874, 331.088, 345.755, 347.413, 345.982, 373.286, 340.552]
