ANNarchy 4.8 (4.8.2.6) on linux (posix).
Pesos de INICIO:  [[  0.         0.         0.         0.         0.         0.
    0.         0.        -4.42858   -7.30053    0.         0.
    0.         0.         0.         0.         0.         0.
    0.      ]
 [  0.         0.         0.         0.         0.         0.
    0.         0.        -3.72433    1.96495    0.         0.
    0.         0.         0.         0.         0.         0.
    0.      ]
 [  0.         0.         0.         0.         0.         0.
    0.         0.        42.9904     2.54909    0.         0.
    0.         0.         0.         0.         0.         0.
    0.      ]
 [  0.         0.         0.         0.         0.         0.
    0.         0.        67.6769    63.1038     0.         0.
    0.         0.         0.         0.         0.         0.
    0.      ]
 [  0.         0.        -0.323417   0.         0.         0.
    0.         0.        15.7193     4.10533    0.         0.
    0.         0.         0.         0.         0.         0.
    0.      ]
 [  0.         0.         0.         0.         0.         0.
    0.       -41.9452    19.4251    55.9208     0.         0.
    0.         0.         0.         0.         0.         0.
    0.      ]
 [  0.         0.         0.         0.         0.         0.
    0.         0.        47.755     -1.09418    0.         0.
    0.         0.         0.         0.         0.         0.
    0.      ]
 [  0.         0.         0.         0.         0.         0.
    0.         0.         0.        57.8257     0.         0.
    0.         0.         0.         0.         0.         0.
  -20.3122  ]
 [  0.         0.         0.         0.         0.         0.
    0.         0.         0.         0.         0.         0.
    0.         0.         0.         0.         0.         0.
    0.      ]
 [  0.         0.         0.         0.         0.         0.
    0.         0.         0.         0.         0.         0.
    0.         0.         0.         0.         0.         0.
    0.      ]
 [  0.         0.         0.         0.         0.         0.
    0.         0.         0.         0.         0.         0.
    0.         0.         0.         0.         0.         0.
    0.      ]
 [  0.         0.         0.         0.         0.         0.
    0.         0.         0.         0.         0.         0.
    0.         0.         0.         0.         0.         0.
    0.      ]
 [  0.         0.         0.         0.         0.         0.
    0.         0.         0.         0.         0.         0.
    0.         0.         0.         0.         0.         0.
    0.      ]
 [  0.         0.         0.         0.         0.         0.
    0.         0.         0.         0.         0.         0.
    0.         0.         0.         0.         0.         0.
    0.      ]
 [  0.         0.         0.         0.         0.         0.
    0.         0.         0.         0.         0.         0.
    0.         0.         0.         0.         0.         0.
    0.      ]
 [  0.         0.         0.         0.         0.         0.
    0.         0.         0.         0.         0.         0.
    0.         0.         0.         0.         0.         0.
    0.      ]
 [  0.         0.         0.         0.         0.         0.
    0.         0.         0.         0.         0.         0.
    0.         0.         0.         0.         0.         0.
    0.      ]
 [  0.         0.         0.         0.         0.         0.
    0.         0.         0.         0.         0.         0.
    0.         0.         0.         0.         0.         0.
    0.      ]
 [  0.         0.         0.         0.         0.         0.
    0.         0.       -18.3823     0.         0.         0.
    0.         0.         0.         0.         0.         0.
    0.      ]]
Pesos de INICIO:  <Compressed Sparse Row sparse matrix of dtype 'float64'
	with 19 stored elements and shape (19, 19)>
  Coords	Values
  (0, 8)	-4.42858
  (0, 9)	-7.30053
  (1, 8)	-3.72433
  (1, 9)	1.96495
  (2, 8)	42.9904
  (2, 9)	2.54909
  (3, 8)	67.6769
  (3, 9)	63.1038
  (4, 2)	-0.323417
  (4, 8)	15.7193
  (4, 9)	4.10533
  (5, 7)	-41.9452
  (5, 8)	19.4251
  (5, 9)	55.9208
  (6, 8)	47.755
  (6, 9)	-1.09418
  (7, 9)	57.8257
  (7, 18)	-20.3122
  (18, 8)	-18.3823
Compiling ...  OK 
[469.248]
[469.248, 464.829]
[469.248, 464.829, 458.969]
[469.248, 464.829, 458.969, 464.878]
[469.248, 464.829, 458.969, 464.878, 466.573]
[469.248, 464.829, 458.969, 464.878, 466.573, 465.946]
[469.248, 464.829, 458.969, 464.878, 466.573, 465.946, 463.609]
[469.248, 464.829, 458.969, 464.878, 466.573, 465.946, 463.609, 457.322]
[469.248, 464.829, 458.969, 464.878, 466.573, 465.946, 463.609, 457.322, 454.52]
[469.248, 464.829, 458.969, 464.878, 466.573, 465.946, 463.609, 457.322, 454.52, 466.261]
[469.248, 464.829, 458.969, 464.878, 466.573, 465.946, 463.609, 457.322, 454.52, 466.261, 457.201]
[469.248, 464.829, 458.969, 464.878, 466.573, 465.946, 463.609, 457.322, 454.52, 466.261, 457.201, 463.568]
[469.248, 464.829, 458.969, 464.878, 466.573, 465.946, 463.609, 457.322, 454.52, 466.261, 457.201, 463.568, 469.93]
[469.248, 464.829, 458.969, 464.878, 466.573, 465.946, 463.609, 457.322, 454.52, 466.261, 457.201, 463.568, 469.93, 463.44]
[469.248, 464.829, 458.969, 464.878, 466.573, 465.946, 463.609, 457.322, 454.52, 466.261, 457.201, 463.568, 469.93, 463.44, 461.24]
[469.248, 464.829, 458.969, 464.878, 466.573, 465.946, 463.609, 457.322, 454.52, 466.261, 457.201, 463.568, 469.93, 463.44, 461.24, 468.763]
[469.248, 464.829, 458.969, 464.878, 466.573, 465.946, 463.609, 457.322, 454.52, 466.261, 457.201, 463.568, 469.93, 463.44, 461.24, 468.763, 466.429]
[469.248, 464.829, 458.969, 464.878, 466.573, 465.946, 463.609, 457.322, 454.52, 466.261, 457.201, 463.568, 469.93, 463.44, 461.24, 468.763, 466.429, 466.024]
[469.248, 464.829, 458.969, 464.878, 466.573, 465.946, 463.609, 457.322, 454.52, 466.261, 457.201, 463.568, 469.93, 463.44, 461.24, 468.763, 466.429, 466.024, 470.619]
[469.248, 464.829, 458.969, 464.878, 466.573, 465.946, 463.609, 457.322, 454.52, 466.261, 457.201, 463.568, 469.93, 463.44, 461.24, 468.763, 466.429, 466.024, 470.619, 461.748]
[469.248, 464.829, 458.969, 464.878, 466.573, 465.946, 463.609, 457.322, 454.52, 466.261, 457.201, 463.568, 469.93, 463.44, 461.24, 468.763, 466.429, 466.024, 470.619, 461.748, 452.639]
[469.248, 464.829, 458.969, 464.878, 466.573, 465.946, 463.609, 457.322, 454.52, 466.261, 457.201, 463.568, 469.93, 463.44, 461.24, 468.763, 466.429, 466.024, 470.619, 461.748, 452.639, 461.89]
[469.248, 464.829, 458.969, 464.878, 466.573, 465.946, 463.609, 457.322, 454.52, 466.261, 457.201, 463.568, 469.93, 463.44, 461.24, 468.763, 466.429, 466.024, 470.619, 461.748, 452.639, 461.89, 465.015]
[469.248, 464.829, 458.969, 464.878, 466.573, 465.946, 463.609, 457.322, 454.52, 466.261, 457.201, 463.568, 469.93, 463.44, 461.24, 468.763, 466.429, 466.024, 470.619, 461.748, 452.639, 461.89, 465.015, 456.217]
[469.248, 464.829, 458.969, 464.878, 466.573, 465.946, 463.609, 457.322, 454.52, 466.261, 457.201, 463.568, 469.93, 463.44, 461.24, 468.763, 466.429, 466.024, 470.619, 461.748, 452.639, 461.89, 465.015, 456.217, 463.308]
[469.248, 464.829, 458.969, 464.878, 466.573, 465.946, 463.609, 457.322, 454.52, 466.261, 457.201, 463.568, 469.93, 463.44, 461.24, 468.763, 466.429, 466.024, 470.619, 461.748, 452.639, 461.89, 465.015, 456.217, 463.308, 465.692]
[469.248, 464.829, 458.969, 464.878, 466.573, 465.946, 463.609, 457.322, 454.52, 466.261, 457.201, 463.568, 469.93, 463.44, 461.24, 468.763, 466.429, 466.024, 470.619, 461.748, 452.639, 461.89, 465.015, 456.217, 463.308, 465.692, 465.681]
[469.248, 464.829, 458.969, 464.878, 466.573, 465.946, 463.609, 457.322, 454.52, 466.261, 457.201, 463.568, 469.93, 463.44, 461.24, 468.763, 466.429, 466.024, 470.619, 461.748, 452.639, 461.89, 465.015, 456.217, 463.308, 465.692, 465.681, 466.796]
[469.248, 464.829, 458.969, 464.878, 466.573, 465.946, 463.609, 457.322, 454.52, 466.261, 457.201, 463.568, 469.93, 463.44, 461.24, 468.763, 466.429, 466.024, 470.619, 461.748, 452.639, 461.89, 465.015, 456.217, 463.308, 465.692, 465.681, 466.796, 462.992]
[469.248, 464.829, 458.969, 464.878, 466.573, 465.946, 463.609, 457.322, 454.52, 466.261, 457.201, 463.568, 469.93, 463.44, 461.24, 468.763, 466.429, 466.024, 470.619, 461.748, 452.639, 461.89, 465.015, 456.217, 463.308, 465.692, 465.681, 466.796, 462.992, 473.312]
[469.248, 464.829, 458.969, 464.878, 466.573, 465.946, 463.609, 457.322, 454.52, 466.261, 457.201, 463.568, 469.93, 463.44, 461.24, 468.763, 466.429, 466.024, 470.619, 461.748, 452.639, 461.89, 465.015, 456.217, 463.308, 465.692, 465.681, 466.796, 462.992, 473.312, 466.23]
[469.248, 464.829, 458.969, 464.878, 466.573, 465.946, 463.609, 457.322, 454.52, 466.261, 457.201, 463.568, 469.93, 463.44, 461.24, 468.763, 466.429, 466.024, 470.619, 461.748, 452.639, 461.89, 465.015, 456.217, 463.308, 465.692, 465.681, 466.796, 462.992, 473.312, 466.23, 462.54]
[469.248, 464.829, 458.969, 464.878, 466.573, 465.946, 463.609, 457.322, 454.52, 466.261, 457.201, 463.568, 469.93, 463.44, 461.24, 468.763, 466.429, 466.024, 470.619, 461.748, 452.639, 461.89, 465.015, 456.217, 463.308, 465.692, 465.681, 466.796, 462.992, 473.312, 466.23, 462.54, 459.998]
