ANNarchy 4.8 (4.8.2.6) on linux (posix).
Pesos de INICIO:  [[  0.         0.         0.         0.         0.         0.
    0.         0.        19.8144    -0.993763   0.         0.
    0.         0.         0.         0.         0.         0.
    0.         0.         0.         0.         0.         0.
    0.         0.         0.         0.         0.      ]
 [  0.         0.         0.         0.         0.         0.
    0.         0.         0.         1.32806    0.         0.
    0.         0.         0.         0.         0.         0.
    0.         0.         0.         0.         0.         0.
    0.         0.         0.         0.        32.8287  ]
 [  0.         0.         0.         0.         0.         0.
    0.         0.        78.3239    44.254      0.         0.
    0.         0.         0.         0.         0.         0.
    0.         0.         0.         0.         0.         0.
    0.         0.         0.         0.         0.      ]
 [  0.         0.         0.         0.         0.         0.
    0.         0.        26.3662    55.9735     0.         0.
    0.         0.         0.         0.         0.         0.
    0.         0.         0.         0.         0.         0.
    0.         0.         0.         0.         0.      ]
 [  0.         0.         0.         0.         0.         0.
    0.         0.        -8.58287    0.         0.         0.
    0.         0.         0.         0.         0.         0.
    0.         0.         0.         0.         0.         0.
    0.         0.         0.         0.         0.      ]
 [  0.         0.         0.         0.         0.         0.
    0.         0.         9.42509   78.3596     0.         0.
    0.         0.         0.         0.         0.         0.
    0.         0.         0.         0.         0.         0.
    0.         0.         0.         0.         0.      ]
 [  0.         0.         0.         0.         0.         0.
    0.         0.        67.755     -4.53449    0.         0.
    0.         0.         0.         0.         0.         0.
    0.         0.         0.         0.         0.         0.
    0.         0.         0.         0.         0.      ]
 [  0.         0.         0.       -13.0484     0.         0.
    0.         0.       -21.4334    52.8257     0.         0.
    0.         0.         0.         0.         0.         0.
    0.         0.         0.         0.         0.         0.
    0.         0.         0.         0.         0.      ]
 [  0.         0.        82.2968     0.         0.         0.
    0.         0.         0.         0.         0.         0.
    0.         0.         0.         0.         0.         0.
    0.         0.         0.         0.         0.         0.
    0.         0.         0.         0.         0.      ]
 [  0.         0.         0.         0.        14.9933     0.
    0.         0.         0.         0.         0.         0.
    0.         0.         0.         0.         0.         0.
    0.         0.         0.         0.         0.         0.
    0.         0.         0.         0.         0.      ]
 [  0.         0.         0.         0.         0.         0.
    0.         0.         0.         0.         0.         0.
    0.         0.         0.         0.         0.         0.
    0.         0.         0.         0.         0.         0.
    0.         0.         0.         0.         0.      ]
 [  0.         0.         0.         0.         0.         0.
    0.         0.         0.         0.         0.         0.
    0.         0.         0.         0.         0.         0.
    0.         0.         0.         0.         0.         0.
    0.         0.         0.         0.         0.      ]
 [  0.         0.         0.         0.         0.         0.
    0.         0.         0.         0.         0.         0.
    0.         0.         0.         0.         0.         0.
    0.         0.         0.         0.         0.         0.
    0.         0.         0.         0.         0.      ]
 [  0.         0.         0.         0.         0.         0.
    0.         0.         0.         0.         0.         0.
    0.         0.         0.         0.         0.         0.
    0.         0.         0.         0.         0.         0.
    0.         0.         0.         0.         0.      ]
 [  0.         0.         0.         0.         0.         0.
    0.         0.         0.         0.         0.         0.
    0.         0.         0.         0.         0.         0.
    0.         0.         0.         0.         0.         0.
    0.         0.         0.         0.         0.      ]
 [  0.         0.         0.         0.         0.         0.
    0.         0.         0.         0.         0.         0.
    0.         0.         0.         0.         0.         0.
    0.         0.         0.         0.         0.         0.
    0.         0.         0.         0.         0.      ]
 [  0.         0.         0.         0.         0.         0.
    0.         0.         0.         0.         0.         0.
    0.         0.         0.         0.         0.         0.
    0.         0.         0.         0.         0.         0.
    0.         0.         0.         0.         0.      ]
 [  0.         0.         0.         0.         0.         0.
    0.         0.         0.         0.         0.         0.
    0.         0.         0.         0.         0.         0.
    0.         0.         0.         0.         0.         0.
    0.         0.         0.         0.         0.      ]
 [  0.         0.         0.         0.         0.         0.
    0.         0.         0.         0.         0.         0.
    0.         0.         0.         0.         0.         0.
    0.         0.         0.         0.         0.         0.
    0.         0.         0.         0.         0.      ]
 [  0.         0.         0.         0.         0.         0.
    0.         0.         0.         0.         0.         0.
    0.         0.         0.         0.         0.         0.
    0.         0.         0.         0.         0.         0.
    0.         0.         0.         0.         0.      ]
 [  0.         0.         0.         0.         0.         0.
    0.         0.        54.7798     0.         0.         0.
    0.         0.         0.         0.         0.         0.
    0.         0.         0.         0.         0.         0.
    0.         0.         0.         0.         0.      ]
 [  0.         0.         0.         0.         0.         0.
    0.         0.         0.         0.         0.         0.
    0.         0.         0.         0.         0.         0.
    0.         0.         0.         0.         0.         0.
    0.         0.         0.         0.         0.      ]
 [  0.         0.         0.         0.         0.         0.
    0.         0.         0.         0.         0.         0.
    0.         0.         0.         0.         0.         0.
    0.         0.         0.         0.         0.         0.
    0.         0.         0.         0.         0.      ]
 [  0.         0.         0.         0.         0.         0.
    0.         0.         0.         0.         0.         0.
    0.         0.         0.         0.         0.         0.
    0.         0.         0.         0.         0.         0.
    0.         0.         0.         0.         0.      ]
 [  0.         0.         0.         0.         0.         0.
    0.         0.         0.         0.         0.         0.
    0.         0.         0.         0.         0.         0.
    0.         0.         0.         0.         0.         0.
    0.         0.         0.         0.         0.      ]
 [  0.         0.         0.         0.         0.         0.
    0.         0.         0.         0.         0.         0.
    0.         0.         0.         0.         0.         0.
    0.         0.         0.         0.         0.         0.
    0.         0.         0.         0.         0.      ]
 [  0.         0.         0.         0.         0.         0.
    0.         0.         0.         0.         0.         0.
    0.         0.         0.         0.         0.         0.
    0.         0.         0.         0.         0.         0.
    0.         0.         0.         0.         0.      ]
 [  0.         0.         0.         0.         0.         0.
    0.         0.         0.         0.         0.         0.
    0.         0.         0.         0.         0.         0.
    0.         0.         0.         0.         0.         0.
    0.         0.         0.         0.         0.      ]
 [  0.         0.         0.         0.         0.         0.
    0.         0.         0.         0.         0.         0.
    0.         0.         0.         0.         0.         0.
    0.         0.       -18.478      0.         0.         0.
    0.         0.         0.         0.         0.      ]]
Pesos de INICIO:  <Compressed Sparse Row sparse matrix of dtype 'float64'
	with 20 stored elements and shape (29, 29)>
  Coords	Values
  (0, 8)	19.8144
  (0, 9)	-0.993763
  (1, 9)	1.32806
  (1, 28)	32.8287
  (2, 8)	78.3239
  (2, 9)	44.254
  (3, 8)	26.3662
  (3, 9)	55.9735
  (4, 8)	-8.58287
  (5, 8)	9.42509
  (5, 9)	78.3596
  (6, 8)	67.755
  (6, 9)	-4.53449
  (7, 3)	-13.0484
  (7, 8)	-21.4334
  (7, 9)	52.8257
  (8, 2)	82.2968
  (9, 4)	14.9933
  (20, 8)	54.7798
  (28, 20)	-18.478
Compiling ...  OK 
[498.125]
[498.125, 497.376]
[498.125, 497.376, 497.96]
[498.125, 497.376, 497.96, 497.396]
[498.125, 497.376, 497.96, 497.396, 497.468]
[498.125, 497.376, 497.96, 497.396, 497.468, 497.295]
[498.125, 497.376, 497.96, 497.396, 497.468, 497.295, 496.875]
[498.125, 497.376, 497.96, 497.396, 497.468, 497.295, 496.875, 494.861]
[498.125, 497.376, 497.96, 497.396, 497.468, 497.295, 496.875, 494.861, 497.353]
[498.125, 497.376, 497.96, 497.396, 497.468, 497.295, 496.875, 494.861, 497.353, 495.652]
[498.125, 497.376, 497.96, 497.396, 497.468, 497.295, 496.875, 494.861, 497.353, 495.652, 495.574]
[498.125, 497.376, 497.96, 497.396, 497.468, 497.295, 496.875, 494.861, 497.353, 495.652, 495.574, 496.008]
[498.125, 497.376, 497.96, 497.396, 497.468, 497.295, 496.875, 494.861, 497.353, 495.652, 495.574, 496.008, 494.949]
[498.125, 497.376, 497.96, 497.396, 497.468, 497.295, 496.875, 494.861, 497.353, 495.652, 495.574, 496.008, 494.949, 496.529]
[498.125, 497.376, 497.96, 497.396, 497.468, 497.295, 496.875, 494.861, 497.353, 495.652, 495.574, 496.008, 494.949, 496.529, 497.868]
[498.125, 497.376, 497.96, 497.396, 497.468, 497.295, 496.875, 494.861, 497.353, 495.652, 495.574, 496.008, 494.949, 496.529, 497.868, 497.024]
[498.125, 497.376, 497.96, 497.396, 497.468, 497.295, 496.875, 494.861, 497.353, 495.652, 495.574, 496.008, 494.949, 496.529, 497.868, 497.024, 498.013]
[498.125, 497.376, 497.96, 497.396, 497.468, 497.295, 496.875, 494.861, 497.353, 495.652, 495.574, 496.008, 494.949, 496.529, 497.868, 497.024, 498.013, 496.174]
[498.125, 497.376, 497.96, 497.396, 497.468, 497.295, 496.875, 494.861, 497.353, 495.652, 495.574, 496.008, 494.949, 496.529, 497.868, 497.024, 498.013, 496.174, 496.529]
[498.125, 497.376, 497.96, 497.396, 497.468, 497.295, 496.875, 494.861, 497.353, 495.652, 495.574, 496.008, 494.949, 496.529, 497.868, 497.024, 498.013, 496.174, 496.529, 495.256]
[498.125, 497.376, 497.96, 497.396, 497.468, 497.295, 496.875, 494.861, 497.353, 495.652, 495.574, 496.008, 494.949, 496.529, 497.868, 497.024, 498.013, 496.174, 496.529, 495.256, 497.601]
[498.125, 497.376, 497.96, 497.396, 497.468, 497.295, 496.875, 494.861, 497.353, 495.652, 495.574, 496.008, 494.949, 496.529, 497.868, 497.024, 498.013, 496.174, 496.529, 495.256, 497.601, 494.936]
[498.125, 497.376, 497.96, 497.396, 497.468, 497.295, 496.875, 494.861, 497.353, 495.652, 495.574, 496.008, 494.949, 496.529, 497.868, 497.024, 498.013, 496.174, 496.529, 495.256, 497.601, 494.936, 495.64]
[498.125, 497.376, 497.96, 497.396, 497.468, 497.295, 496.875, 494.861, 497.353, 495.652, 495.574, 496.008, 494.949, 496.529, 497.868, 497.024, 498.013, 496.174, 496.529, 495.256, 497.601, 494.936, 495.64, 496.965]
[498.125, 497.376, 497.96, 497.396, 497.468, 497.295, 496.875, 494.861, 497.353, 495.652, 495.574, 496.008, 494.949, 496.529, 497.868, 497.024, 498.013, 496.174, 496.529, 495.256, 497.601, 494.936, 495.64, 496.965, 496.8]
[498.125, 497.376, 497.96, 497.396, 497.468, 497.295, 496.875, 494.861, 497.353, 495.652, 495.574, 496.008, 494.949, 496.529, 497.868, 497.024, 498.013, 496.174, 496.529, 495.256, 497.601, 494.936, 495.64, 496.965, 496.8, 497.873]
[498.125, 497.376, 497.96, 497.396, 497.468, 497.295, 496.875, 494.861, 497.353, 495.652, 495.574, 496.008, 494.949, 496.529, 497.868, 497.024, 498.013, 496.174, 496.529, 495.256, 497.601, 494.936, 495.64, 496.965, 496.8, 497.873, 496.683]
[498.125, 497.376, 497.96, 497.396, 497.468, 497.295, 496.875, 494.861, 497.353, 495.652, 495.574, 496.008, 494.949, 496.529, 497.868, 497.024, 498.013, 496.174, 496.529, 495.256, 497.601, 494.936, 495.64, 496.965, 496.8, 497.873, 496.683, 496.629]
[498.125, 497.376, 497.96, 497.396, 497.468, 497.295, 496.875, 494.861, 497.353, 495.652, 495.574, 496.008, 494.949, 496.529, 497.868, 497.024, 498.013, 496.174, 496.529, 495.256, 497.601, 494.936, 495.64, 496.965, 496.8, 497.873, 496.683, 496.629, 498.579]
[498.125, 497.376, 497.96, 497.396, 497.468, 497.295, 496.875, 494.861, 497.353, 495.652, 495.574, 496.008, 494.949, 496.529, 497.868, 497.024, 498.013, 496.174, 496.529, 495.256, 497.601, 494.936, 495.64, 496.965, 496.8, 497.873, 496.683, 496.629, 498.579, 496.198]
[498.125, 497.376, 497.96, 497.396, 497.468, 497.295, 496.875, 494.861, 497.353, 495.652, 495.574, 496.008, 494.949, 496.529, 497.868, 497.024, 498.013, 496.174, 496.529, 495.256, 497.601, 494.936, 495.64, 496.965, 496.8, 497.873, 496.683, 496.629, 498.579, 496.198, 498.274]
[498.125, 497.376, 497.96, 497.396, 497.468, 497.295, 496.875, 494.861, 497.353, 495.652, 495.574, 496.008, 494.949, 496.529, 497.868, 497.024, 498.013, 496.174, 496.529, 495.256, 497.601, 494.936, 495.64, 496.965, 496.8, 497.873, 496.683, 496.629, 498.579, 496.198, 498.274, 497.929]
[498.125, 497.376, 497.96, 497.396, 497.468, 497.295, 496.875, 494.861, 497.353, 495.652, 495.574, 496.008, 494.949, 496.529, 497.868, 497.024, 498.013, 496.174, 496.529, 495.256, 497.601, 494.936, 495.64, 496.965, 496.8, 497.873, 496.683, 496.629, 498.579, 496.198, 498.274, 497.929, 496.825]
