ANNarchy 4.8 (4.8.2.6) on linux (posix).
Pesos de INICIO:  [[  0.         0.         0.         0.         0.         0.
    0.         0.        19.8144    -0.993763   0.         0.
    0.         0.         0.         0.         0.         0.
    0.         0.         0.         0.         0.         0.
    0.         0.         0.         0.         0.      ]
 [  0.         0.         0.         0.         0.         0.
    0.         0.         0.         1.32806    0.         0.
    0.         0.         0.         0.         0.         0.
    0.         0.         0.         0.         0.         0.
    0.         0.         0.         0.        32.8287  ]
 [  0.         0.         0.         0.         0.         0.
    0.         0.        78.3239    44.254      0.         0.
    0.         0.         0.         0.         0.         0.
    0.         0.         0.         0.         0.         0.
    0.         0.         0.         0.         0.      ]
 [  0.         0.         0.         0.         0.         0.
    0.         0.        26.3662    55.9735     0.         0.
    0.         0.         0.         0.         0.         0.
    0.         0.         0.         0.         0.         0.
    0.         0.         0.         0.         0.      ]
 [  0.         0.         0.         0.         0.         0.
    0.         0.        -8.58287    0.         0.         0.
    0.         0.         0.         0.         0.         0.
    0.         0.         0.         0.         0.         0.
    0.         0.         0.         0.         0.      ]
 [  0.         0.         0.         0.         0.         0.
    0.         0.         9.42509   78.3596     0.         0.
    0.         0.         0.         0.         0.         0.
    0.         0.         0.         0.         0.         0.
    0.         0.         0.         0.         0.      ]
 [  0.         0.         0.         0.         0.         0.
    0.         0.        67.755     -4.53449    0.         0.
    0.         0.         0.         0.         0.         0.
    0.         0.         0.         0.         0.         0.
    0.         0.         0.         0.         0.      ]
 [  0.         0.         0.       -13.0484     0.         0.
    0.         0.       -21.4334    52.8257     0.         0.
    0.         0.         0.         0.         0.         0.
    0.         0.         0.         0.         0.         0.
    0.         0.         0.         0.         0.      ]
 [  0.         0.        82.2968     0.         0.         0.
    0.         0.         0.         0.         0.         0.
    0.         0.         0.         0.         0.         0.
    0.         0.         0.         0.         0.         0.
    0.         0.         0.         0.         0.      ]
 [  0.         0.         0.         0.        14.9933     0.
    0.         0.         0.         0.         0.         0.
    0.         0.         0.         0.         0.         0.
    0.         0.         0.         0.         0.         0.
    0.         0.         0.         0.         0.      ]
 [  0.         0.         0.         0.         0.         0.
    0.         0.         0.         0.         0.         0.
    0.         0.         0.         0.         0.         0.
    0.         0.         0.         0.         0.         0.
    0.         0.         0.         0.         0.      ]
 [  0.         0.         0.         0.         0.         0.
    0.         0.         0.         0.         0.         0.
    0.         0.         0.         0.         0.         0.
    0.         0.         0.         0.         0.         0.
    0.         0.         0.         0.         0.      ]
 [  0.         0.         0.         0.         0.         0.
    0.         0.         0.         0.         0.         0.
    0.         0.         0.         0.         0.         0.
    0.         0.         0.         0.         0.         0.
    0.         0.         0.         0.         0.      ]
 [  0.         0.         0.         0.         0.         0.
    0.         0.         0.         0.         0.         0.
    0.         0.         0.         0.         0.         0.
    0.         0.         0.         0.         0.         0.
    0.         0.         0.         0.         0.      ]
 [  0.         0.         0.         0.         0.         0.
    0.         0.         0.         0.         0.         0.
    0.         0.         0.         0.         0.         0.
    0.         0.         0.         0.         0.         0.
    0.         0.         0.         0.         0.      ]
 [  0.         0.         0.         0.         0.         0.
    0.         0.         0.         0.         0.         0.
    0.         0.         0.         0.         0.         0.
    0.         0.         0.         0.         0.         0.
    0.         0.         0.         0.         0.      ]
 [  0.         0.         0.         0.         0.         0.
    0.         0.         0.         0.         0.         0.
    0.         0.         0.         0.         0.         0.
    0.         0.         0.         0.         0.         0.
    0.         0.         0.         0.         0.      ]
 [  0.         0.         0.         0.         0.         0.
    0.         0.         0.         0.         0.         0.
    0.         0.         0.         0.         0.         0.
    0.         0.         0.         0.         0.         0.
    0.         0.         0.         0.         0.      ]
 [  0.         0.         0.         0.         0.         0.
    0.         0.         0.         0.         0.         0.
    0.         0.         0.         0.         0.         0.
    0.         0.         0.         0.         0.         0.
    0.         0.         0.         0.         0.      ]
 [  0.         0.         0.         0.         0.         0.
    0.         0.         0.         0.         0.         0.
    0.         0.         0.         0.         0.         0.
    0.         0.         0.         0.         0.         0.
    0.         0.         0.         0.         0.      ]
 [  0.         0.         0.         0.         0.         0.
    0.         0.        54.7798     0.         0.         0.
    0.         0.         0.         0.         0.         0.
    0.         0.         0.         0.         0.         0.
    0.         0.         0.         0.         0.      ]
 [  0.         0.         0.         0.         0.         0.
    0.         0.         0.         0.         0.         0.
    0.         0.         0.         0.         0.         0.
    0.         0.         0.         0.         0.         0.
    0.         0.         0.         0.         0.      ]
 [  0.         0.         0.         0.         0.         0.
    0.         0.         0.         0.         0.         0.
    0.         0.         0.         0.         0.         0.
    0.         0.         0.         0.         0.         0.
    0.         0.         0.         0.         0.      ]
 [  0.         0.         0.         0.         0.         0.
    0.         0.         0.         0.         0.         0.
    0.         0.         0.         0.         0.         0.
    0.         0.         0.         0.         0.         0.
    0.         0.         0.         0.         0.      ]
 [  0.         0.         0.         0.         0.         0.
    0.         0.         0.         0.         0.         0.
    0.         0.         0.         0.         0.         0.
    0.         0.         0.         0.         0.         0.
    0.         0.         0.         0.         0.      ]
 [  0.         0.         0.         0.         0.         0.
    0.         0.         0.         0.         0.         0.
    0.         0.         0.         0.         0.         0.
    0.         0.         0.         0.         0.         0.
    0.         0.         0.         0.         0.      ]
 [  0.         0.         0.         0.         0.         0.
    0.         0.         0.         0.         0.         0.
    0.         0.         0.         0.         0.         0.
    0.         0.         0.         0.         0.         0.
    0.         0.         0.         0.         0.      ]
 [  0.         0.         0.         0.         0.         0.
    0.         0.         0.         0.         0.         0.
    0.         0.         0.         0.         0.         0.
    0.         0.         0.         0.         0.         0.
    0.         0.         0.         0.         0.      ]
 [  0.         0.         0.         0.         0.         0.
    0.         0.         0.         0.         0.         0.
    0.         0.         0.         0.         0.         0.
    0.         0.       -18.478      0.         0.         0.
    0.         0.         0.         0.         0.      ]]
Pesos de INICIO:  <Compressed Sparse Row sparse matrix of dtype 'float64'
	with 20 stored elements and shape (29, 29)>
  Coords	Values
  (0, 8)	19.8144
  (0, 9)	-0.993763
  (1, 9)	1.32806
  (1, 28)	32.8287
  (2, 8)	78.3239
  (2, 9)	44.254
  (3, 8)	26.3662
  (3, 9)	55.9735
  (4, 8)	-8.58287
  (5, 8)	9.42509
  (5, 9)	78.3596
  (6, 8)	67.755
  (6, 9)	-4.53449
  (7, 3)	-13.0484
  (7, 8)	-21.4334
  (7, 9)	52.8257
  (8, 2)	82.2968
  (9, 4)	14.9933
  (20, 8)	54.7798
  (28, 20)	-18.478
Compiling ...  OK 
[495.986]
[495.986, 494.414]
[495.986, 494.414, 495.056]
[495.986, 494.414, 495.056, 495.815]
[495.986, 494.414, 495.056, 495.815, 497.941]
[495.986, 494.414, 495.056, 495.815, 497.941, 495.911]
[495.986, 494.414, 495.056, 495.815, 497.941, 495.911, 496.979]
[495.986, 494.414, 495.056, 495.815, 497.941, 495.911, 496.979, 495.264]
[495.986, 494.414, 495.056, 495.815, 497.941, 495.911, 496.979, 495.264, 496.036]
[495.986, 494.414, 495.056, 495.815, 497.941, 495.911, 496.979, 495.264, 496.036, 493.753]
[495.986, 494.414, 495.056, 495.815, 497.941, 495.911, 496.979, 495.264, 496.036, 493.753, 497.367]
[495.986, 494.414, 495.056, 495.815, 497.941, 495.911, 496.979, 495.264, 496.036, 493.753, 497.367, 495.983]
[495.986, 494.414, 495.056, 495.815, 497.941, 495.911, 496.979, 495.264, 496.036, 493.753, 497.367, 495.983, 496.646]
[495.986, 494.414, 495.056, 495.815, 497.941, 495.911, 496.979, 495.264, 496.036, 493.753, 497.367, 495.983, 496.646, 493.363]
[495.986, 494.414, 495.056, 495.815, 497.941, 495.911, 496.979, 495.264, 496.036, 493.753, 497.367, 495.983, 496.646, 493.363, 494.558]
[495.986, 494.414, 495.056, 495.815, 497.941, 495.911, 496.979, 495.264, 496.036, 493.753, 497.367, 495.983, 496.646, 493.363, 494.558, 497.29]
[495.986, 494.414, 495.056, 495.815, 497.941, 495.911, 496.979, 495.264, 496.036, 493.753, 497.367, 495.983, 496.646, 493.363, 494.558, 497.29, 495.192]
[495.986, 494.414, 495.056, 495.815, 497.941, 495.911, 496.979, 495.264, 496.036, 493.753, 497.367, 495.983, 496.646, 493.363, 494.558, 497.29, 495.192, 496.559]
[495.986, 494.414, 495.056, 495.815, 497.941, 495.911, 496.979, 495.264, 496.036, 493.753, 497.367, 495.983, 496.646, 493.363, 494.558, 497.29, 495.192, 496.559, 495.955]
[495.986, 494.414, 495.056, 495.815, 497.941, 495.911, 496.979, 495.264, 496.036, 493.753, 497.367, 495.983, 496.646, 493.363, 494.558, 497.29, 495.192, 496.559, 495.955, 495.248]
[495.986, 494.414, 495.056, 495.815, 497.941, 495.911, 496.979, 495.264, 496.036, 493.753, 497.367, 495.983, 496.646, 493.363, 494.558, 497.29, 495.192, 496.559, 495.955, 495.248, 495.568]
[495.986, 494.414, 495.056, 495.815, 497.941, 495.911, 496.979, 495.264, 496.036, 493.753, 497.367, 495.983, 496.646, 493.363, 494.558, 497.29, 495.192, 496.559, 495.955, 495.248, 495.568, 496.037]
[495.986, 494.414, 495.056, 495.815, 497.941, 495.911, 496.979, 495.264, 496.036, 493.753, 497.367, 495.983, 496.646, 493.363, 494.558, 497.29, 495.192, 496.559, 495.955, 495.248, 495.568, 496.037, 496.008]
[495.986, 494.414, 495.056, 495.815, 497.941, 495.911, 496.979, 495.264, 496.036, 493.753, 497.367, 495.983, 496.646, 493.363, 494.558, 497.29, 495.192, 496.559, 495.955, 495.248, 495.568, 496.037, 496.008, 496.525]
[495.986, 494.414, 495.056, 495.815, 497.941, 495.911, 496.979, 495.264, 496.036, 493.753, 497.367, 495.983, 496.646, 493.363, 494.558, 497.29, 495.192, 496.559, 495.955, 495.248, 495.568, 496.037, 496.008, 496.525, 495.993]
[495.986, 494.414, 495.056, 495.815, 497.941, 495.911, 496.979, 495.264, 496.036, 493.753, 497.367, 495.983, 496.646, 493.363, 494.558, 497.29, 495.192, 496.559, 495.955, 495.248, 495.568, 496.037, 496.008, 496.525, 495.993, 493.601]
[495.986, 494.414, 495.056, 495.815, 497.941, 495.911, 496.979, 495.264, 496.036, 493.753, 497.367, 495.983, 496.646, 493.363, 494.558, 497.29, 495.192, 496.559, 495.955, 495.248, 495.568, 496.037, 496.008, 496.525, 495.993, 493.601, 495.365]
[495.986, 494.414, 495.056, 495.815, 497.941, 495.911, 496.979, 495.264, 496.036, 493.753, 497.367, 495.983, 496.646, 493.363, 494.558, 497.29, 495.192, 496.559, 495.955, 495.248, 495.568, 496.037, 496.008, 496.525, 495.993, 493.601, 495.365, 495.17]
[495.986, 494.414, 495.056, 495.815, 497.941, 495.911, 496.979, 495.264, 496.036, 493.753, 497.367, 495.983, 496.646, 493.363, 494.558, 497.29, 495.192, 496.559, 495.955, 495.248, 495.568, 496.037, 496.008, 496.525, 495.993, 493.601, 495.365, 495.17, 497.454]
[495.986, 494.414, 495.056, 495.815, 497.941, 495.911, 496.979, 495.264, 496.036, 493.753, 497.367, 495.983, 496.646, 493.363, 494.558, 497.29, 495.192, 496.559, 495.955, 495.248, 495.568, 496.037, 496.008, 496.525, 495.993, 493.601, 495.365, 495.17, 497.454, 495.636]
[495.986, 494.414, 495.056, 495.815, 497.941, 495.911, 496.979, 495.264, 496.036, 493.753, 497.367, 495.983, 496.646, 493.363, 494.558, 497.29, 495.192, 496.559, 495.955, 495.248, 495.568, 496.037, 496.008, 496.525, 495.993, 493.601, 495.365, 495.17, 497.454, 495.636, 495.015]
[495.986, 494.414, 495.056, 495.815, 497.941, 495.911, 496.979, 495.264, 496.036, 493.753, 497.367, 495.983, 496.646, 493.363, 494.558, 497.29, 495.192, 496.559, 495.955, 495.248, 495.568, 496.037, 496.008, 496.525, 495.993, 493.601, 495.365, 495.17, 497.454, 495.636, 495.015, 495.195]
[495.986, 494.414, 495.056, 495.815, 497.941, 495.911, 496.979, 495.264, 496.036, 493.753, 497.367, 495.983, 496.646, 493.363, 494.558, 497.29, 495.192, 496.559, 495.955, 495.248, 495.568, 496.037, 496.008, 496.525, 495.993, 493.601, 495.365, 495.17, 497.454, 495.636, 495.015, 495.195, 495.65]
