ANNarchy 4.8 (4.8.2.6) on linux (posix).
Pesos de INICIO:  [[0. 0. 0. ... 0. 0. 0.]
 [0. 0. 0. ... 0. 0. 0.]
 [0. 0. 0. ... 0. 0. 0.]
 ...
 [0. 0. 0. ... 0. 0. 0.]
 [0. 0. 0. ... 0. 0. 0.]
 [0. 0. 0. ... 0. 0. 0.]]
Pesos de INICIO:  <Compressed Sparse Row sparse matrix of dtype 'float64'
	with 25 stored elements and shape (39, 39)>
  Coords	Values
  (0, 8)	-12.991
  (0, 9)	-19.3995
  (0, 18)	-45.3287
  (1, 8)	72.3728
  (1, 9)	64.391
  (2, 8)	41.8447
  (2, 9)	7.54909
  (3, 8)	31.8515
  (3, 9)	20.0709
  (4, 8)	21.2154
  (4, 9)	62.8278
  (5, 8)	14.4251
  (5, 9)	66.4909
  (5, 36)	-21.0931
  (6, 4)	-34.7674
  (6, 8)	45.9146
  (6, 37)	3.98712
  (7, 8)	0.746891
  (14, 8)	19.4251
  (16, 38)	1.04342
  (18, 8)	-12.991
  (28, 14)	19.5963
  (36, 28)	-15.68
  (37, 16)	-0.221237
  (38, 9)	-16.3673
Compiling ...  OK 
[487.699]
[487.699, 488.325]
[487.699, 488.325, 488.311]
[487.699, 488.325, 488.311, 487.089]
[487.699, 488.325, 488.311, 487.089, 487.344]
[487.699, 488.325, 488.311, 487.089, 487.344, 486.955]
[487.699, 488.325, 488.311, 487.089, 487.344, 486.955, 488.699]
[487.699, 488.325, 488.311, 487.089, 487.344, 486.955, 488.699, 487.943]
[487.699, 488.325, 488.311, 487.089, 487.344, 486.955, 488.699, 487.943, 489.242]
[487.699, 488.325, 488.311, 487.089, 487.344, 486.955, 488.699, 487.943, 489.242, 489.896]
[487.699, 488.325, 488.311, 487.089, 487.344, 486.955, 488.699, 487.943, 489.242, 489.896, 487.815]
[487.699, 488.325, 488.311, 487.089, 487.344, 486.955, 488.699, 487.943, 489.242, 489.896, 487.815, 491.417]
[487.699, 488.325, 488.311, 487.089, 487.344, 486.955, 488.699, 487.943, 489.242, 489.896, 487.815, 491.417, 490.452]
[487.699, 488.325, 488.311, 487.089, 487.344, 486.955, 488.699, 487.943, 489.242, 489.896, 487.815, 491.417, 490.452, 487.03]
[487.699, 488.325, 488.311, 487.089, 487.344, 486.955, 488.699, 487.943, 489.242, 489.896, 487.815, 491.417, 490.452, 487.03, 487.3]
[487.699, 488.325, 488.311, 487.089, 487.344, 486.955, 488.699, 487.943, 489.242, 489.896, 487.815, 491.417, 490.452, 487.03, 487.3, 489.066]
[487.699, 488.325, 488.311, 487.089, 487.344, 486.955, 488.699, 487.943, 489.242, 489.896, 487.815, 491.417, 490.452, 487.03, 487.3, 489.066, 488.386]
[487.699, 488.325, 488.311, 487.089, 487.344, 486.955, 488.699, 487.943, 489.242, 489.896, 487.815, 491.417, 490.452, 487.03, 487.3, 489.066, 488.386, 489.043]
[487.699, 488.325, 488.311, 487.089, 487.344, 486.955, 488.699, 487.943, 489.242, 489.896, 487.815, 491.417, 490.452, 487.03, 487.3, 489.066, 488.386, 489.043, 487.454]
[487.699, 488.325, 488.311, 487.089, 487.344, 486.955, 488.699, 487.943, 489.242, 489.896, 487.815, 491.417, 490.452, 487.03, 487.3, 489.066, 488.386, 489.043, 487.454, 486.062]
[487.699, 488.325, 488.311, 487.089, 487.344, 486.955, 488.699, 487.943, 489.242, 489.896, 487.815, 491.417, 490.452, 487.03, 487.3, 489.066, 488.386, 489.043, 487.454, 486.062, 488.601]
[487.699, 488.325, 488.311, 487.089, 487.344, 486.955, 488.699, 487.943, 489.242, 489.896, 487.815, 491.417, 490.452, 487.03, 487.3, 489.066, 488.386, 489.043, 487.454, 486.062, 488.601, 487.49]
[487.699, 488.325, 488.311, 487.089, 487.344, 486.955, 488.699, 487.943, 489.242, 489.896, 487.815, 491.417, 490.452, 487.03, 487.3, 489.066, 488.386, 489.043, 487.454, 486.062, 488.601, 487.49, 490.812]
[487.699, 488.325, 488.311, 487.089, 487.344, 486.955, 488.699, 487.943, 489.242, 489.896, 487.815, 491.417, 490.452, 487.03, 487.3, 489.066, 488.386, 489.043, 487.454, 486.062, 488.601, 487.49, 490.812, 488.603]
[487.699, 488.325, 488.311, 487.089, 487.344, 486.955, 488.699, 487.943, 489.242, 489.896, 487.815, 491.417, 490.452, 487.03, 487.3, 489.066, 488.386, 489.043, 487.454, 486.062, 488.601, 487.49, 490.812, 488.603, 487.669]
[487.699, 488.325, 488.311, 487.089, 487.344, 486.955, 488.699, 487.943, 489.242, 489.896, 487.815, 491.417, 490.452, 487.03, 487.3, 489.066, 488.386, 489.043, 487.454, 486.062, 488.601, 487.49, 490.812, 488.603, 487.669, 486.494]
[487.699, 488.325, 488.311, 487.089, 487.344, 486.955, 488.699, 487.943, 489.242, 489.896, 487.815, 491.417, 490.452, 487.03, 487.3, 489.066, 488.386, 489.043, 487.454, 486.062, 488.601, 487.49, 490.812, 488.603, 487.669, 486.494, 489.38]
[487.699, 488.325, 488.311, 487.089, 487.344, 486.955, 488.699, 487.943, 489.242, 489.896, 487.815, 491.417, 490.452, 487.03, 487.3, 489.066, 488.386, 489.043, 487.454, 486.062, 488.601, 487.49, 490.812, 488.603, 487.669, 486.494, 489.38, 486.214]
[487.699, 488.325, 488.311, 487.089, 487.344, 486.955, 488.699, 487.943, 489.242, 489.896, 487.815, 491.417, 490.452, 487.03, 487.3, 489.066, 488.386, 489.043, 487.454, 486.062, 488.601, 487.49, 490.812, 488.603, 487.669, 486.494, 489.38, 486.214, 489.972]
[487.699, 488.325, 488.311, 487.089, 487.344, 486.955, 488.699, 487.943, 489.242, 489.896, 487.815, 491.417, 490.452, 487.03, 487.3, 489.066, 488.386, 489.043, 487.454, 486.062, 488.601, 487.49, 490.812, 488.603, 487.669, 486.494, 489.38, 486.214, 489.972, 489.225]
[487.699, 488.325, 488.311, 487.089, 487.344, 486.955, 488.699, 487.943, 489.242, 489.896, 487.815, 491.417, 490.452, 487.03, 487.3, 489.066, 488.386, 489.043, 487.454, 486.062, 488.601, 487.49, 490.812, 488.603, 487.669, 486.494, 489.38, 486.214, 489.972, 489.225, 485.913]
[487.699, 488.325, 488.311, 487.089, 487.344, 486.955, 488.699, 487.943, 489.242, 489.896, 487.815, 491.417, 490.452, 487.03, 487.3, 489.066, 488.386, 489.043, 487.454, 486.062, 488.601, 487.49, 490.812, 488.603, 487.669, 486.494, 489.38, 486.214, 489.972, 489.225, 485.913, 488.767]
[487.699, 488.325, 488.311, 487.089, 487.344, 486.955, 488.699, 487.943, 489.242, 489.896, 487.815, 491.417, 490.452, 487.03, 487.3, 489.066, 488.386, 489.043, 487.454, 486.062, 488.601, 487.49, 490.812, 488.603, 487.669, 486.494, 489.38, 486.214, 489.972, 489.225, 485.913, 488.767, 488.746]
