ANNarchy 4.8 (4.8.2.6) on linux (posix).
Pesos de INICIO:  [[  0.         0.         0.         0.         0.         0.
    0.         0.        48.5712    63.342   ]
 [  0.         0.         0.         0.         0.         0.
    0.         0.        24.4407    40.6969  ]
 [  0.         0.         0.         0.         0.         0.
    0.         0.        58.0224    35.6542  ]
 [  0.         0.         0.         0.         0.         0.
    0.         0.        66.5434    65.4177  ]
 [  0.       -13.2467     0.         0.         0.         0.
    0.         0.        51.1612    89.53    ]
 [  0.         0.         0.         0.         0.         0.
    0.         0.         8.18458   61.4443  ]
 [  0.         0.         0.         0.         0.         0.
    0.         0.        79.8924    24.6341  ]
 [  0.         0.         0.         0.         0.         0.
    0.         0.         0.        -0.897232]
 [  0.         0.         0.         0.         0.         0.
    0.         0.         0.         0.      ]
 [  0.         0.         0.         0.         0.         0.
    0.         0.         0.         0.      ]]
Pesos de INICIO:  <Compressed Sparse Row sparse matrix of dtype 'float64'
	with 16 stored elements and shape (10, 10)>
  Coords	Values
  (0, 8)	48.5712
  (0, 9)	63.342
  (1, 8)	24.4407
  (1, 9)	40.6969
  (2, 8)	58.0224
  (2, 9)	35.6542
  (3, 8)	66.5434
  (3, 9)	65.4177
  (4, 1)	-13.2467
  (4, 8)	51.1612
  (4, 9)	89.53
  (5, 8)	8.18458
  (5, 9)	61.4443
  (6, 8)	79.8924
  (6, 9)	24.6341
  (7, 9)	-0.897232
Compiling ...  OK 
[100.368]
[100.368, 101.606]
[100.368, 101.606, 98.657]
[100.368, 101.606, 98.657, 105.425]
[100.368, 101.606, 98.657, 105.425, 105.25]
[100.368, 101.606, 98.657, 105.425, 105.25, 95.788]
[100.368, 101.606, 98.657, 105.425, 105.25, 95.788, 99.911]
[100.368, 101.606, 98.657, 105.425, 105.25, 95.788, 99.911, 101.157]
[100.368, 101.606, 98.657, 105.425, 105.25, 95.788, 99.911, 101.157, 111.227]
[100.368, 101.606, 98.657, 105.425, 105.25, 95.788, 99.911, 101.157, 111.227, 108.297]
[100.368, 101.606, 98.657, 105.425, 105.25, 95.788, 99.911, 101.157, 111.227, 108.297, 100.747]
[100.368, 101.606, 98.657, 105.425, 105.25, 95.788, 99.911, 101.157, 111.227, 108.297, 100.747, 102.334]
[100.368, 101.606, 98.657, 105.425, 105.25, 95.788, 99.911, 101.157, 111.227, 108.297, 100.747, 102.334, 102.186]
[100.368, 101.606, 98.657, 105.425, 105.25, 95.788, 99.911, 101.157, 111.227, 108.297, 100.747, 102.334, 102.186, 109.88]
[100.368, 101.606, 98.657, 105.425, 105.25, 95.788, 99.911, 101.157, 111.227, 108.297, 100.747, 102.334, 102.186, 109.88, 103.176]
[100.368, 101.606, 98.657, 105.425, 105.25, 95.788, 99.911, 101.157, 111.227, 108.297, 100.747, 102.334, 102.186, 109.88, 103.176, 106.642]
[100.368, 101.606, 98.657, 105.425, 105.25, 95.788, 99.911, 101.157, 111.227, 108.297, 100.747, 102.334, 102.186, 109.88, 103.176, 106.642, 106.863]
[100.368, 101.606, 98.657, 105.425, 105.25, 95.788, 99.911, 101.157, 111.227, 108.297, 100.747, 102.334, 102.186, 109.88, 103.176, 106.642, 106.863, 108.419]
[100.368, 101.606, 98.657, 105.425, 105.25, 95.788, 99.911, 101.157, 111.227, 108.297, 100.747, 102.334, 102.186, 109.88, 103.176, 106.642, 106.863, 108.419, 96.712]
[100.368, 101.606, 98.657, 105.425, 105.25, 95.788, 99.911, 101.157, 111.227, 108.297, 100.747, 102.334, 102.186, 109.88, 103.176, 106.642, 106.863, 108.419, 96.712, 108.995]
[100.368, 101.606, 98.657, 105.425, 105.25, 95.788, 99.911, 101.157, 111.227, 108.297, 100.747, 102.334, 102.186, 109.88, 103.176, 106.642, 106.863, 108.419, 96.712, 108.995, 103.464]
[100.368, 101.606, 98.657, 105.425, 105.25, 95.788, 99.911, 101.157, 111.227, 108.297, 100.747, 102.334, 102.186, 109.88, 103.176, 106.642, 106.863, 108.419, 96.712, 108.995, 103.464, 102.674]
[100.368, 101.606, 98.657, 105.425, 105.25, 95.788, 99.911, 101.157, 111.227, 108.297, 100.747, 102.334, 102.186, 109.88, 103.176, 106.642, 106.863, 108.419, 96.712, 108.995, 103.464, 102.674, 102.049]
[100.368, 101.606, 98.657, 105.425, 105.25, 95.788, 99.911, 101.157, 111.227, 108.297, 100.747, 102.334, 102.186, 109.88, 103.176, 106.642, 106.863, 108.419, 96.712, 108.995, 103.464, 102.674, 102.049, 98.883]
[100.368, 101.606, 98.657, 105.425, 105.25, 95.788, 99.911, 101.157, 111.227, 108.297, 100.747, 102.334, 102.186, 109.88, 103.176, 106.642, 106.863, 108.419, 96.712, 108.995, 103.464, 102.674, 102.049, 98.883, 98.765]
[100.368, 101.606, 98.657, 105.425, 105.25, 95.788, 99.911, 101.157, 111.227, 108.297, 100.747, 102.334, 102.186, 109.88, 103.176, 106.642, 106.863, 108.419, 96.712, 108.995, 103.464, 102.674, 102.049, 98.883, 98.765, 97.226]
[100.368, 101.606, 98.657, 105.425, 105.25, 95.788, 99.911, 101.157, 111.227, 108.297, 100.747, 102.334, 102.186, 109.88, 103.176, 106.642, 106.863, 108.419, 96.712, 108.995, 103.464, 102.674, 102.049, 98.883, 98.765, 97.226, 103.299]
[100.368, 101.606, 98.657, 105.425, 105.25, 95.788, 99.911, 101.157, 111.227, 108.297, 100.747, 102.334, 102.186, 109.88, 103.176, 106.642, 106.863, 108.419, 96.712, 108.995, 103.464, 102.674, 102.049, 98.883, 98.765, 97.226, 103.299, 107.387]
[100.368, 101.606, 98.657, 105.425, 105.25, 95.788, 99.911, 101.157, 111.227, 108.297, 100.747, 102.334, 102.186, 109.88, 103.176, 106.642, 106.863, 108.419, 96.712, 108.995, 103.464, 102.674, 102.049, 98.883, 98.765, 97.226, 103.299, 107.387, 99.878]
[100.368, 101.606, 98.657, 105.425, 105.25, 95.788, 99.911, 101.157, 111.227, 108.297, 100.747, 102.334, 102.186, 109.88, 103.176, 106.642, 106.863, 108.419, 96.712, 108.995, 103.464, 102.674, 102.049, 98.883, 98.765, 97.226, 103.299, 107.387, 99.878, 107.148]
[100.368, 101.606, 98.657, 105.425, 105.25, 95.788, 99.911, 101.157, 111.227, 108.297, 100.747, 102.334, 102.186, 109.88, 103.176, 106.642, 106.863, 108.419, 96.712, 108.995, 103.464, 102.674, 102.049, 98.883, 98.765, 97.226, 103.299, 107.387, 99.878, 107.148, 105.396]
[100.368, 101.606, 98.657, 105.425, 105.25, 95.788, 99.911, 101.157, 111.227, 108.297, 100.747, 102.334, 102.186, 109.88, 103.176, 106.642, 106.863, 108.419, 96.712, 108.995, 103.464, 102.674, 102.049, 98.883, 98.765, 97.226, 103.299, 107.387, 99.878, 107.148, 105.396, 112.132]
[100.368, 101.606, 98.657, 105.425, 105.25, 95.788, 99.911, 101.157, 111.227, 108.297, 100.747, 102.334, 102.186, 109.88, 103.176, 106.642, 106.863, 108.419, 96.712, 108.995, 103.464, 102.674, 102.049, 98.883, 98.765, 97.226, 103.299, 107.387, 99.878, 107.148, 105.396, 112.132, 99.02]
