ANNarchy 4.8 (4.8.2.6) on linux (posix).
Pesos de INICIO:  [[  0.        0.        0.        0.        0.        0.        0.
    0.       29.8144  -10.1163    0.     ]
 [  0.        0.        0.        0.        0.        0.        0.
    0.       71.3027   51.9695    0.     ]
 [  0.        0.        0.        0.        0.        0.        0.
    0.       37.9904   39.254     0.     ]
 [-42.9493    0.        0.        0.        0.        0.        0.
    0.       24.3339    9.08287   0.     ]
 [  0.        0.        0.        0.        0.        0.        0.
    0.       24.5977    9.10533   0.     ]
 [  0.        0.        0.        0.        0.        0.        0.
    0.        0.       66.4909   56.9587 ]
 [  0.      -19.5997    0.        0.        0.        0.        0.
    0.       10.4295  -21.3673    0.     ]
 [  0.        0.        0.        0.        0.        4.33677   0.
    0.      -23.3823   52.8257    0.     ]
 [  0.        0.        0.        0.        0.        0.        0.
    0.        0.        0.        0.     ]
 [  0.       74.3016    0.        0.        0.        0.        0.
    0.        0.        0.        0.     ]
 [  0.        0.        0.        0.        0.        0.       14.7189
    0.        3.04212   0.        0.     ]]
Pesos de INICIO:  <Compressed Sparse Row sparse matrix of dtype 'float64'
	with 22 stored elements and shape (11, 11)>
  Coords	Values
  (0, 8)	29.8144
  (0, 9)	-10.1163
  (1, 8)	71.3027
  (1, 9)	51.9695
  (2, 8)	37.9904
  (2, 9)	39.254
  (3, 0)	-42.9493
  (3, 8)	24.3339
  (3, 9)	9.08287
  (4, 8)	24.5977
  (4, 9)	9.10533
  (5, 9)	66.4909
  (5, 10)	56.9587
  (6, 1)	-19.5997
  (6, 8)	10.4295
  (6, 9)	-21.3673
  (7, 5)	4.33677
  (7, 8)	-23.3823
  (7, 9)	52.8257
  (9, 1)	74.3016
  (10, 6)	14.7189
  (10, 8)	3.04212
Compiling ...  OK 
[481.004]
[481.004, 483.328]
[481.004, 483.328, 482.623]
[481.004, 483.328, 482.623, 477.91]
[481.004, 483.328, 482.623, 477.91, 484.727]
[481.004, 483.328, 482.623, 477.91, 484.727, 483.995]
[481.004, 483.328, 482.623, 477.91, 484.727, 483.995, 485.112]
[481.004, 483.328, 482.623, 477.91, 484.727, 483.995, 485.112, 483.935]
[481.004, 483.328, 482.623, 477.91, 484.727, 483.995, 485.112, 483.935, 484.919]
[481.004, 483.328, 482.623, 477.91, 484.727, 483.995, 485.112, 483.935, 484.919, 482.581]
[481.004, 483.328, 482.623, 477.91, 484.727, 483.995, 485.112, 483.935, 484.919, 482.581, 484.824]
[481.004, 483.328, 482.623, 477.91, 484.727, 483.995, 485.112, 483.935, 484.919, 482.581, 484.824, 483.234]
[481.004, 483.328, 482.623, 477.91, 484.727, 483.995, 485.112, 483.935, 484.919, 482.581, 484.824, 483.234, 481.106]
[481.004, 483.328, 482.623, 477.91, 484.727, 483.995, 485.112, 483.935, 484.919, 482.581, 484.824, 483.234, 481.106, 484.057]
[481.004, 483.328, 482.623, 477.91, 484.727, 483.995, 485.112, 483.935, 484.919, 482.581, 484.824, 483.234, 481.106, 484.057, 485.581]
[481.004, 483.328, 482.623, 477.91, 484.727, 483.995, 485.112, 483.935, 484.919, 482.581, 484.824, 483.234, 481.106, 484.057, 485.581, 487.953]
[481.004, 483.328, 482.623, 477.91, 484.727, 483.995, 485.112, 483.935, 484.919, 482.581, 484.824, 483.234, 481.106, 484.057, 485.581, 487.953, 484.183]
[481.004, 483.328, 482.623, 477.91, 484.727, 483.995, 485.112, 483.935, 484.919, 482.581, 484.824, 483.234, 481.106, 484.057, 485.581, 487.953, 484.183, 483.374]
[481.004, 483.328, 482.623, 477.91, 484.727, 483.995, 485.112, 483.935, 484.919, 482.581, 484.824, 483.234, 481.106, 484.057, 485.581, 487.953, 484.183, 483.374, 485.887]
[481.004, 483.328, 482.623, 477.91, 484.727, 483.995, 485.112, 483.935, 484.919, 482.581, 484.824, 483.234, 481.106, 484.057, 485.581, 487.953, 484.183, 483.374, 485.887, 487.423]
[481.004, 483.328, 482.623, 477.91, 484.727, 483.995, 485.112, 483.935, 484.919, 482.581, 484.824, 483.234, 481.106, 484.057, 485.581, 487.953, 484.183, 483.374, 485.887, 487.423, 482.196]
[481.004, 483.328, 482.623, 477.91, 484.727, 483.995, 485.112, 483.935, 484.919, 482.581, 484.824, 483.234, 481.106, 484.057, 485.581, 487.953, 484.183, 483.374, 485.887, 487.423, 482.196, 486.49]
[481.004, 483.328, 482.623, 477.91, 484.727, 483.995, 485.112, 483.935, 484.919, 482.581, 484.824, 483.234, 481.106, 484.057, 485.581, 487.953, 484.183, 483.374, 485.887, 487.423, 482.196, 486.49, 480.413]
[481.004, 483.328, 482.623, 477.91, 484.727, 483.995, 485.112, 483.935, 484.919, 482.581, 484.824, 483.234, 481.106, 484.057, 485.581, 487.953, 484.183, 483.374, 485.887, 487.423, 482.196, 486.49, 480.413, 483.6]
[481.004, 483.328, 482.623, 477.91, 484.727, 483.995, 485.112, 483.935, 484.919, 482.581, 484.824, 483.234, 481.106, 484.057, 485.581, 487.953, 484.183, 483.374, 485.887, 487.423, 482.196, 486.49, 480.413, 483.6, 484.044]
[481.004, 483.328, 482.623, 477.91, 484.727, 483.995, 485.112, 483.935, 484.919, 482.581, 484.824, 483.234, 481.106, 484.057, 485.581, 487.953, 484.183, 483.374, 485.887, 487.423, 482.196, 486.49, 480.413, 483.6, 484.044, 484.847]
[481.004, 483.328, 482.623, 477.91, 484.727, 483.995, 485.112, 483.935, 484.919, 482.581, 484.824, 483.234, 481.106, 484.057, 485.581, 487.953, 484.183, 483.374, 485.887, 487.423, 482.196, 486.49, 480.413, 483.6, 484.044, 484.847, 482.241]
[481.004, 483.328, 482.623, 477.91, 484.727, 483.995, 485.112, 483.935, 484.919, 482.581, 484.824, 483.234, 481.106, 484.057, 485.581, 487.953, 484.183, 483.374, 485.887, 487.423, 482.196, 486.49, 480.413, 483.6, 484.044, 484.847, 482.241, 481.442]
[481.004, 483.328, 482.623, 477.91, 484.727, 483.995, 485.112, 483.935, 484.919, 482.581, 484.824, 483.234, 481.106, 484.057, 485.581, 487.953, 484.183, 483.374, 485.887, 487.423, 482.196, 486.49, 480.413, 483.6, 484.044, 484.847, 482.241, 481.442, 482.575]
[481.004, 483.328, 482.623, 477.91, 484.727, 483.995, 485.112, 483.935, 484.919, 482.581, 484.824, 483.234, 481.106, 484.057, 485.581, 487.953, 484.183, 483.374, 485.887, 487.423, 482.196, 486.49, 480.413, 483.6, 484.044, 484.847, 482.241, 481.442, 482.575, 482.817]
[481.004, 483.328, 482.623, 477.91, 484.727, 483.995, 485.112, 483.935, 484.919, 482.581, 484.824, 483.234, 481.106, 484.057, 485.581, 487.953, 484.183, 483.374, 485.887, 487.423, 482.196, 486.49, 480.413, 483.6, 484.044, 484.847, 482.241, 481.442, 482.575, 482.817, 483.841]
[481.004, 483.328, 482.623, 477.91, 484.727, 483.995, 485.112, 483.935, 484.919, 482.581, 484.824, 483.234, 481.106, 484.057, 485.581, 487.953, 484.183, 483.374, 485.887, 487.423, 482.196, 486.49, 480.413, 483.6, 484.044, 484.847, 482.241, 481.442, 482.575, 482.817, 483.841, 482.533]
[481.004, 483.328, 482.623, 477.91, 484.727, 483.995, 485.112, 483.935, 484.919, 482.581, 484.824, 483.234, 481.106, 484.057, 485.581, 487.953, 484.183, 483.374, 485.887, 487.423, 482.196, 486.49, 480.413, 483.6, 484.044, 484.847, 482.241, 481.442, 482.575, 482.817, 483.841, 482.533, 481.2]
