ANNarchy 4.8 (4.8.2.6) on linux (posix).
Pesos de INICIO:  [[  0.        0.        0.        0.        0.        0.        0.
    0.      -12.991    -5.11626   0.        0.        0.        0.
    0.        0.        0.        0.        0.        0.        0.
    0.        0.        0.     ]
 [  0.        0.        0.        0.        0.        0.        0.
    0.       72.3728   35.6969    0.        0.        0.        0.
    0.        0.        0.        0.        0.        0.        0.
    0.        0.        0.     ]
 [  0.        0.        0.        0.        0.        0.        0.
    0.      -14.8875    2.54909   0.        0.        0.        0.
    0.        0.        0.        0.        0.        0.        0.
    0.        0.        0.     ]
 [  0.        0.        0.        0.        0.        0.        0.
    0.        0.       16.157     0.        0.        0.        0.
    0.        0.        0.        0.        0.        0.        0.
    0.        0.       26.1543 ]
 [  0.        0.        0.        0.        0.        0.        0.
    0.       40.5368   51.8867    0.        0.        0.        0.
    0.        0.        0.        0.        0.        0.        0.
    0.        0.        0.     ]
 [  0.        0.        0.        0.        0.        0.        0.
    0.        9.42509   0.       26.7021    0.        0.        0.
    0.        0.        0.        0.        0.        0.        0.
    0.        0.        0.     ]
 [  0.        0.        0.        0.        0.        0.        0.
    0.       35.9146  -11.3673    0.        0.        0.        0.
    0.        0.        0.        0.        0.        0.        0.
    0.        0.        0.     ]
 [  0.        0.        0.        0.        0.        0.        0.
    0.       10.7469   52.8257    0.        0.        0.        0.
    0.        0.        0.        0.        0.        0.        0.
    0.        0.        0.     ]
 [  0.        0.      -60.4145    0.        0.        0.        0.
    0.        0.        0.        0.        0.        0.        0.
    0.        0.        0.        0.        0.        0.        0.
    0.        0.        0.     ]
 [  0.        0.        0.        0.        0.        0.        0.
    0.        0.        0.        0.        0.        0.        0.
    0.        0.        0.        0.        0.        0.        0.
    0.        0.        0.     ]
 [  0.        0.        0.        0.        0.        0.        0.
    0.        0.       61.4909    0.        0.        0.        0.
    0.        0.        0.        0.        0.        0.        0.
    0.        0.        0.     ]
 [  0.        0.        0.        0.        0.        0.        0.
    0.        0.        0.        0.        0.        0.        0.
    0.        0.        0.        0.        0.        0.        0.
    0.        0.        0.     ]
 [  0.        0.        0.        0.        0.        0.        0.
    0.        0.        0.        0.        0.        0.        0.
    0.        0.        0.        0.        0.        0.        0.
    0.        0.        0.     ]
 [  0.        0.        0.        0.        0.        0.        0.
    0.        0.        0.        0.        0.        0.        0.
    0.        0.        0.        0.        0.        0.        0.
    0.        0.        0.     ]
 [  0.        0.        0.        0.        0.        0.        0.
    0.        0.        0.        0.        0.        0.        0.
    0.        0.        0.        0.        0.        0.        0.
    0.        0.        0.     ]
 [  0.        0.        0.        0.        0.        0.        0.
    0.        0.        0.        0.        0.        0.        0.
    0.        0.        0.        0.        0.        0.        0.
    0.        0.        0.     ]
 [  0.        0.        0.        0.        0.        0.        0.
    0.        0.        0.        0.        0.        0.        0.
    0.        0.        0.        0.        0.        0.        0.
    0.        0.        0.     ]
 [  0.        0.        0.        0.        0.        0.        0.
    0.        0.        0.        0.        0.        0.        0.
    0.        0.        0.        0.        0.        0.        0.
    0.        0.        0.     ]
 [  0.        0.        0.        0.        0.        0.        0.
    0.        0.        0.        0.        0.        0.        0.
    0.        0.        0.        0.        0.        0.        0.
    0.        0.        0.     ]
 [  0.        0.        0.        0.        0.        0.        0.
    0.        0.        0.        0.        0.        0.        0.
    0.        0.        0.        0.        0.        0.        0.
    0.        0.        0.     ]
 [  0.        0.        0.        0.        0.        0.        0.
    0.        0.        0.        0.        0.        0.        0.
    0.        0.        0.        0.        0.        0.        0.
    0.        0.        0.     ]
 [  0.        0.        0.        0.        0.        0.        0.
    0.        0.        0.        0.        0.        0.        0.
    0.        0.        0.        0.        0.        0.        0.
    0.        0.        0.     ]
 [  0.        0.        0.        0.        0.        0.        0.
    0.        0.        0.        0.        0.        0.        0.
    0.        0.        0.        0.        0.        0.        0.
    0.        0.        0.     ]
 [  0.        0.        0.        0.        0.        0.        0.
    0.       10.5239    0.        0.        0.        0.        0.
    0.        0.        0.        0.        0.        0.        0.
    0.        0.        0.     ]]
Pesos de INICIO:  <Compressed Sparse Row sparse matrix of dtype 'float64'
	with 19 stored elements and shape (24, 24)>
  Coords	Values
  (0, 8)	-12.991
  (0, 9)	-5.11626
  (1, 8)	72.3728
  (1, 9)	35.6969
  (2, 8)	-14.8875
  (2, 9)	2.54909
  (3, 9)	16.157
  (3, 23)	26.1543
  (4, 8)	40.5368
  (4, 9)	51.8867
  (5, 8)	9.42509
  (5, 10)	26.7021
  (6, 8)	35.9146
  (6, 9)	-11.3673
  (7, 8)	10.7469
  (7, 9)	52.8257
  (8, 2)	-60.4145
  (10, 9)	61.4909
  (23, 8)	10.5239
Compiling ...  OK 
[378.291]
[378.291, 381.594]
[378.291, 381.594, 379.485]
[378.291, 381.594, 379.485, 380.222]
[378.291, 381.594, 379.485, 380.222, 379.581]
[378.291, 381.594, 379.485, 380.222, 379.581, 377.585]
[378.291, 381.594, 379.485, 380.222, 379.581, 377.585, 383.228]
[378.291, 381.594, 379.485, 380.222, 379.581, 377.585, 383.228, 373.536]
[378.291, 381.594, 379.485, 380.222, 379.581, 377.585, 383.228, 373.536, 376.69]
[378.291, 381.594, 379.485, 380.222, 379.581, 377.585, 383.228, 373.536, 376.69, 381.06]
[378.291, 381.594, 379.485, 380.222, 379.581, 377.585, 383.228, 373.536, 376.69, 381.06, 387.372]
[378.291, 381.594, 379.485, 380.222, 379.581, 377.585, 383.228, 373.536, 376.69, 381.06, 387.372, 378.707]
[378.291, 381.594, 379.485, 380.222, 379.581, 377.585, 383.228, 373.536, 376.69, 381.06, 387.372, 378.707, 380.258]
[378.291, 381.594, 379.485, 380.222, 379.581, 377.585, 383.228, 373.536, 376.69, 381.06, 387.372, 378.707, 380.258, 393.369]
[378.291, 381.594, 379.485, 380.222, 379.581, 377.585, 383.228, 373.536, 376.69, 381.06, 387.372, 378.707, 380.258, 393.369, 380.482]
[378.291, 381.594, 379.485, 380.222, 379.581, 377.585, 383.228, 373.536, 376.69, 381.06, 387.372, 378.707, 380.258, 393.369, 380.482, 379.666]
[378.291, 381.594, 379.485, 380.222, 379.581, 377.585, 383.228, 373.536, 376.69, 381.06, 387.372, 378.707, 380.258, 393.369, 380.482, 379.666, 384.648]
[378.291, 381.594, 379.485, 380.222, 379.581, 377.585, 383.228, 373.536, 376.69, 381.06, 387.372, 378.707, 380.258, 393.369, 380.482, 379.666, 384.648, 383.098]
[378.291, 381.594, 379.485, 380.222, 379.581, 377.585, 383.228, 373.536, 376.69, 381.06, 387.372, 378.707, 380.258, 393.369, 380.482, 379.666, 384.648, 383.098, 377.33]
[378.291, 381.594, 379.485, 380.222, 379.581, 377.585, 383.228, 373.536, 376.69, 381.06, 387.372, 378.707, 380.258, 393.369, 380.482, 379.666, 384.648, 383.098, 377.33, 380.968]
[378.291, 381.594, 379.485, 380.222, 379.581, 377.585, 383.228, 373.536, 376.69, 381.06, 387.372, 378.707, 380.258, 393.369, 380.482, 379.666, 384.648, 383.098, 377.33, 380.968, 377.195]
[378.291, 381.594, 379.485, 380.222, 379.581, 377.585, 383.228, 373.536, 376.69, 381.06, 387.372, 378.707, 380.258, 393.369, 380.482, 379.666, 384.648, 383.098, 377.33, 380.968, 377.195, 383.73]
[378.291, 381.594, 379.485, 380.222, 379.581, 377.585, 383.228, 373.536, 376.69, 381.06, 387.372, 378.707, 380.258, 393.369, 380.482, 379.666, 384.648, 383.098, 377.33, 380.968, 377.195, 383.73, 381.951]
[378.291, 381.594, 379.485, 380.222, 379.581, 377.585, 383.228, 373.536, 376.69, 381.06, 387.372, 378.707, 380.258, 393.369, 380.482, 379.666, 384.648, 383.098, 377.33, 380.968, 377.195, 383.73, 381.951, 387.214]
[378.291, 381.594, 379.485, 380.222, 379.581, 377.585, 383.228, 373.536, 376.69, 381.06, 387.372, 378.707, 380.258, 393.369, 380.482, 379.666, 384.648, 383.098, 377.33, 380.968, 377.195, 383.73, 381.951, 387.214, 383.053]
[378.291, 381.594, 379.485, 380.222, 379.581, 377.585, 383.228, 373.536, 376.69, 381.06, 387.372, 378.707, 380.258, 393.369, 380.482, 379.666, 384.648, 383.098, 377.33, 380.968, 377.195, 383.73, 381.951, 387.214, 383.053, 380.339]
[378.291, 381.594, 379.485, 380.222, 379.581, 377.585, 383.228, 373.536, 376.69, 381.06, 387.372, 378.707, 380.258, 393.369, 380.482, 379.666, 384.648, 383.098, 377.33, 380.968, 377.195, 383.73, 381.951, 387.214, 383.053, 380.339, 378.575]
[378.291, 381.594, 379.485, 380.222, 379.581, 377.585, 383.228, 373.536, 376.69, 381.06, 387.372, 378.707, 380.258, 393.369, 380.482, 379.666, 384.648, 383.098, 377.33, 380.968, 377.195, 383.73, 381.951, 387.214, 383.053, 380.339, 378.575, 375.627]
[378.291, 381.594, 379.485, 380.222, 379.581, 377.585, 383.228, 373.536, 376.69, 381.06, 387.372, 378.707, 380.258, 393.369, 380.482, 379.666, 384.648, 383.098, 377.33, 380.968, 377.195, 383.73, 381.951, 387.214, 383.053, 380.339, 378.575, 375.627, 382.412]
[378.291, 381.594, 379.485, 380.222, 379.581, 377.585, 383.228, 373.536, 376.69, 381.06, 387.372, 378.707, 380.258, 393.369, 380.482, 379.666, 384.648, 383.098, 377.33, 380.968, 377.195, 383.73, 381.951, 387.214, 383.053, 380.339, 378.575, 375.627, 382.412, 394.312]
[378.291, 381.594, 379.485, 380.222, 379.581, 377.585, 383.228, 373.536, 376.69, 381.06, 387.372, 378.707, 380.258, 393.369, 380.482, 379.666, 384.648, 383.098, 377.33, 380.968, 377.195, 383.73, 381.951, 387.214, 383.053, 380.339, 378.575, 375.627, 382.412, 394.312, 383.38]
[378.291, 381.594, 379.485, 380.222, 379.581, 377.585, 383.228, 373.536, 376.69, 381.06, 387.372, 378.707, 380.258, 393.369, 380.482, 379.666, 384.648, 383.098, 377.33, 380.968, 377.195, 383.73, 381.951, 387.214, 383.053, 380.339, 378.575, 375.627, 382.412, 394.312, 383.38, 381.96]
[378.291, 381.594, 379.485, 380.222, 379.581, 377.585, 383.228, 373.536, 376.69, 381.06, 387.372, 378.707, 380.258, 393.369, 380.482, 379.666, 384.648, 383.098, 377.33, 380.968, 377.195, 383.73, 381.951, 387.214, 383.053, 380.339, 378.575, 375.627, 382.412, 394.312, 383.38, 381.96, 384.956]
