ANNarchy 4.8 (4.8.2.6) on linux (posix).
Pesos de INICIO:  [[0. 0. 0. ... 0. 0. 0.]
 [0. 0. 0. ... 0. 0. 0.]
 [0. 0. 0. ... 0. 0. 0.]
 ...
 [0. 0. 0. ... 0. 0. 0.]
 [0. 0. 0. ... 0. 0. 0.]
 [0. 0. 0. ... 0. 0. 0.]]
Pesos de INICIO:  <Compressed Sparse Row sparse matrix of dtype 'float64'
	with 25 stored elements and shape (39, 39)>
  Coords	Values
  (0, 8)	-12.991
  (0, 9)	-19.3995
  (0, 18)	-45.3287
  (1, 8)	72.3728
  (1, 9)	64.391
  (2, 8)	41.8447
  (2, 9)	7.54909
  (3, 8)	31.8515
  (3, 9)	20.0709
  (4, 8)	21.2154
  (4, 9)	62.8278
  (5, 8)	14.4251
  (5, 9)	66.4909
  (5, 36)	-21.0931
  (6, 4)	-34.7674
  (6, 8)	45.9146
  (6, 37)	3.98712
  (7, 8)	0.746891
  (14, 8)	19.4251
  (16, 38)	1.04342
  (18, 8)	-12.991
  (28, 14)	19.5963
  (36, 28)	-15.68
  (37, 16)	-0.221237
  (38, 9)	-16.3673
Compiling ...  OK 
[403.136]
[403.136, 399.365]
[403.136, 399.365, 394.019]
[403.136, 399.365, 394.019, 381.799]
[403.136, 399.365, 394.019, 381.799, 394.822]
[403.136, 399.365, 394.019, 381.799, 394.822, 397.476]
[403.136, 399.365, 394.019, 381.799, 394.822, 397.476, 373.55]
[403.136, 399.365, 394.019, 381.799, 394.822, 397.476, 373.55, 392.367]
[403.136, 399.365, 394.019, 381.799, 394.822, 397.476, 373.55, 392.367, 400.747]
[403.136, 399.365, 394.019, 381.799, 394.822, 397.476, 373.55, 392.367, 400.747, 381.985]
[403.136, 399.365, 394.019, 381.799, 394.822, 397.476, 373.55, 392.367, 400.747, 381.985, 400.441]
[403.136, 399.365, 394.019, 381.799, 394.822, 397.476, 373.55, 392.367, 400.747, 381.985, 400.441, 394.663]
[403.136, 399.365, 394.019, 381.799, 394.822, 397.476, 373.55, 392.367, 400.747, 381.985, 400.441, 394.663, 391.755]
[403.136, 399.365, 394.019, 381.799, 394.822, 397.476, 373.55, 392.367, 400.747, 381.985, 400.441, 394.663, 391.755, 403.121]
[403.136, 399.365, 394.019, 381.799, 394.822, 397.476, 373.55, 392.367, 400.747, 381.985, 400.441, 394.663, 391.755, 403.121, 379.052]
[403.136, 399.365, 394.019, 381.799, 394.822, 397.476, 373.55, 392.367, 400.747, 381.985, 400.441, 394.663, 391.755, 403.121, 379.052, 395.245]
[403.136, 399.365, 394.019, 381.799, 394.822, 397.476, 373.55, 392.367, 400.747, 381.985, 400.441, 394.663, 391.755, 403.121, 379.052, 395.245, 393.855]
[403.136, 399.365, 394.019, 381.799, 394.822, 397.476, 373.55, 392.367, 400.747, 381.985, 400.441, 394.663, 391.755, 403.121, 379.052, 395.245, 393.855, 407.499]
[403.136, 399.365, 394.019, 381.799, 394.822, 397.476, 373.55, 392.367, 400.747, 381.985, 400.441, 394.663, 391.755, 403.121, 379.052, 395.245, 393.855, 407.499, 379.242]
[403.136, 399.365, 394.019, 381.799, 394.822, 397.476, 373.55, 392.367, 400.747, 381.985, 400.441, 394.663, 391.755, 403.121, 379.052, 395.245, 393.855, 407.499, 379.242, 391.33]
[403.136, 399.365, 394.019, 381.799, 394.822, 397.476, 373.55, 392.367, 400.747, 381.985, 400.441, 394.663, 391.755, 403.121, 379.052, 395.245, 393.855, 407.499, 379.242, 391.33, 390.623]
[403.136, 399.365, 394.019, 381.799, 394.822, 397.476, 373.55, 392.367, 400.747, 381.985, 400.441, 394.663, 391.755, 403.121, 379.052, 395.245, 393.855, 407.499, 379.242, 391.33, 390.623, 401.993]
[403.136, 399.365, 394.019, 381.799, 394.822, 397.476, 373.55, 392.367, 400.747, 381.985, 400.441, 394.663, 391.755, 403.121, 379.052, 395.245, 393.855, 407.499, 379.242, 391.33, 390.623, 401.993, 398.844]
[403.136, 399.365, 394.019, 381.799, 394.822, 397.476, 373.55, 392.367, 400.747, 381.985, 400.441, 394.663, 391.755, 403.121, 379.052, 395.245, 393.855, 407.499, 379.242, 391.33, 390.623, 401.993, 398.844, 392.349]
[403.136, 399.365, 394.019, 381.799, 394.822, 397.476, 373.55, 392.367, 400.747, 381.985, 400.441, 394.663, 391.755, 403.121, 379.052, 395.245, 393.855, 407.499, 379.242, 391.33, 390.623, 401.993, 398.844, 392.349, 378.662]
[403.136, 399.365, 394.019, 381.799, 394.822, 397.476, 373.55, 392.367, 400.747, 381.985, 400.441, 394.663, 391.755, 403.121, 379.052, 395.245, 393.855, 407.499, 379.242, 391.33, 390.623, 401.993, 398.844, 392.349, 378.662, 382.427]
[403.136, 399.365, 394.019, 381.799, 394.822, 397.476, 373.55, 392.367, 400.747, 381.985, 400.441, 394.663, 391.755, 403.121, 379.052, 395.245, 393.855, 407.499, 379.242, 391.33, 390.623, 401.993, 398.844, 392.349, 378.662, 382.427, 388.232]
[403.136, 399.365, 394.019, 381.799, 394.822, 397.476, 373.55, 392.367, 400.747, 381.985, 400.441, 394.663, 391.755, 403.121, 379.052, 395.245, 393.855, 407.499, 379.242, 391.33, 390.623, 401.993, 398.844, 392.349, 378.662, 382.427, 388.232, 392.94]
[403.136, 399.365, 394.019, 381.799, 394.822, 397.476, 373.55, 392.367, 400.747, 381.985, 400.441, 394.663, 391.755, 403.121, 379.052, 395.245, 393.855, 407.499, 379.242, 391.33, 390.623, 401.993, 398.844, 392.349, 378.662, 382.427, 388.232, 392.94, 413.425]
[403.136, 399.365, 394.019, 381.799, 394.822, 397.476, 373.55, 392.367, 400.747, 381.985, 400.441, 394.663, 391.755, 403.121, 379.052, 395.245, 393.855, 407.499, 379.242, 391.33, 390.623, 401.993, 398.844, 392.349, 378.662, 382.427, 388.232, 392.94, 413.425, 401.154]
[403.136, 399.365, 394.019, 381.799, 394.822, 397.476, 373.55, 392.367, 400.747, 381.985, 400.441, 394.663, 391.755, 403.121, 379.052, 395.245, 393.855, 407.499, 379.242, 391.33, 390.623, 401.993, 398.844, 392.349, 378.662, 382.427, 388.232, 392.94, 413.425, 401.154, 388.081]
[403.136, 399.365, 394.019, 381.799, 394.822, 397.476, 373.55, 392.367, 400.747, 381.985, 400.441, 394.663, 391.755, 403.121, 379.052, 395.245, 393.855, 407.499, 379.242, 391.33, 390.623, 401.993, 398.844, 392.349, 378.662, 382.427, 388.232, 392.94, 413.425, 401.154, 388.081, 396.344]
[403.136, 399.365, 394.019, 381.799, 394.822, 397.476, 373.55, 392.367, 400.747, 381.985, 400.441, 394.663, 391.755, 403.121, 379.052, 395.245, 393.855, 407.499, 379.242, 391.33, 390.623, 401.993, 398.844, 392.349, 378.662, 382.427, 388.232, 392.94, 413.425, 401.154, 388.081, 396.344, 393.181]
