ANNarchy 4.8 (4.8.2.6) on linux (posix).
Pesos de INICIO:  [[  0.         0.         0.         0.         0.         0.
    0.         0.        19.8144    -0.993763   0.         0.
    0.         0.         0.         0.         0.         0.
    0.         0.         0.         0.         0.         0.
    0.         0.         0.         0.         0.      ]
 [  0.         0.         0.         0.         0.         0.
    0.         0.         0.         1.32806    0.         0.
    0.         0.         0.         0.         0.         0.
    0.         0.         0.         0.         0.         0.
    0.         0.         0.         0.        32.8287  ]
 [  0.         0.         0.         0.         0.         0.
    0.         0.        78.3239    44.254      0.         0.
    0.         0.         0.         0.         0.         0.
    0.         0.         0.         0.         0.         0.
    0.         0.         0.         0.         0.      ]
 [  0.         0.         0.         0.         0.         0.
    0.         0.        26.3662    55.9735     0.         0.
    0.         0.         0.         0.         0.         0.
    0.         0.         0.         0.         0.         0.
    0.         0.         0.         0.         0.      ]
 [  0.         0.         0.         0.         0.         0.
    0.         0.        -8.58287    0.         0.         0.
    0.         0.         0.         0.         0.         0.
    0.         0.         0.         0.         0.         0.
    0.         0.         0.         0.         0.      ]
 [  0.         0.         0.         0.         0.         0.
    0.         0.         9.42509   78.3596     0.         0.
    0.         0.         0.         0.         0.         0.
    0.         0.         0.         0.         0.         0.
    0.         0.         0.         0.         0.      ]
 [  0.         0.         0.         0.         0.         0.
    0.         0.        67.755     -4.53449    0.         0.
    0.         0.         0.         0.         0.         0.
    0.         0.         0.         0.         0.         0.
    0.         0.         0.         0.         0.      ]
 [  0.         0.         0.       -13.0484     0.         0.
    0.         0.       -21.4334    52.8257     0.         0.
    0.         0.         0.         0.         0.         0.
    0.         0.         0.         0.         0.         0.
    0.         0.         0.         0.         0.      ]
 [  0.         0.        82.2968     0.         0.         0.
    0.         0.         0.         0.         0.         0.
    0.         0.         0.         0.         0.         0.
    0.         0.         0.         0.         0.         0.
    0.         0.         0.         0.         0.      ]
 [  0.         0.         0.         0.        14.9933     0.
    0.         0.         0.         0.         0.         0.
    0.         0.         0.         0.         0.         0.
    0.         0.         0.         0.         0.         0.
    0.         0.         0.         0.         0.      ]
 [  0.         0.         0.         0.         0.         0.
    0.         0.         0.         0.         0.         0.
    0.         0.         0.         0.         0.         0.
    0.         0.         0.         0.         0.         0.
    0.         0.         0.         0.         0.      ]
 [  0.         0.         0.         0.         0.         0.
    0.         0.         0.         0.         0.         0.
    0.         0.         0.         0.         0.         0.
    0.         0.         0.         0.         0.         0.
    0.         0.         0.         0.         0.      ]
 [  0.         0.         0.         0.         0.         0.
    0.         0.         0.         0.         0.         0.
    0.         0.         0.         0.         0.         0.
    0.         0.         0.         0.         0.         0.
    0.         0.         0.         0.         0.      ]
 [  0.         0.         0.         0.         0.         0.
    0.         0.         0.         0.         0.         0.
    0.         0.         0.         0.         0.         0.
    0.         0.         0.         0.         0.         0.
    0.         0.         0.         0.         0.      ]
 [  0.         0.         0.         0.         0.         0.
    0.         0.         0.         0.         0.         0.
    0.         0.         0.         0.         0.         0.
    0.         0.         0.         0.         0.         0.
    0.         0.         0.         0.         0.      ]
 [  0.         0.         0.         0.         0.         0.
    0.         0.         0.         0.         0.         0.
    0.         0.         0.         0.         0.         0.
    0.         0.         0.         0.         0.         0.
    0.         0.         0.         0.         0.      ]
 [  0.         0.         0.         0.         0.         0.
    0.         0.         0.         0.         0.         0.
    0.         0.         0.         0.         0.         0.
    0.         0.         0.         0.         0.         0.
    0.         0.         0.         0.         0.      ]
 [  0.         0.         0.         0.         0.         0.
    0.         0.         0.         0.         0.         0.
    0.         0.         0.         0.         0.         0.
    0.         0.         0.         0.         0.         0.
    0.         0.         0.         0.         0.      ]
 [  0.         0.         0.         0.         0.         0.
    0.         0.         0.         0.         0.         0.
    0.         0.         0.         0.         0.         0.
    0.         0.         0.         0.         0.         0.
    0.         0.         0.         0.         0.      ]
 [  0.         0.         0.         0.         0.         0.
    0.         0.         0.         0.         0.         0.
    0.         0.         0.         0.         0.         0.
    0.         0.         0.         0.         0.         0.
    0.         0.         0.         0.         0.      ]
 [  0.         0.         0.         0.         0.         0.
    0.         0.        54.7798     0.         0.         0.
    0.         0.         0.         0.         0.         0.
    0.         0.         0.         0.         0.         0.
    0.         0.         0.         0.         0.      ]
 [  0.         0.         0.         0.         0.         0.
    0.         0.         0.         0.         0.         0.
    0.         0.         0.         0.         0.         0.
    0.         0.         0.         0.         0.         0.
    0.         0.         0.         0.         0.      ]
 [  0.         0.         0.         0.         0.         0.
    0.         0.         0.         0.         0.         0.
    0.         0.         0.         0.         0.         0.
    0.         0.         0.         0.         0.         0.
    0.         0.         0.         0.         0.      ]
 [  0.         0.         0.         0.         0.         0.
    0.         0.         0.         0.         0.         0.
    0.         0.         0.         0.         0.         0.
    0.         0.         0.         0.         0.         0.
    0.         0.         0.         0.         0.      ]
 [  0.         0.         0.         0.         0.         0.
    0.         0.         0.         0.         0.         0.
    0.         0.         0.         0.         0.         0.
    0.         0.         0.         0.         0.         0.
    0.         0.         0.         0.         0.      ]
 [  0.         0.         0.         0.         0.         0.
    0.         0.         0.         0.         0.         0.
    0.         0.         0.         0.         0.         0.
    0.         0.         0.         0.         0.         0.
    0.         0.         0.         0.         0.      ]
 [  0.         0.         0.         0.         0.         0.
    0.         0.         0.         0.         0.         0.
    0.         0.         0.         0.         0.         0.
    0.         0.         0.         0.         0.         0.
    0.         0.         0.         0.         0.      ]
 [  0.         0.         0.         0.         0.         0.
    0.         0.         0.         0.         0.         0.
    0.         0.         0.         0.         0.         0.
    0.         0.         0.         0.         0.         0.
    0.         0.         0.         0.         0.      ]
 [  0.         0.         0.         0.         0.         0.
    0.         0.         0.         0.         0.         0.
    0.         0.         0.         0.         0.         0.
    0.         0.       -18.478      0.         0.         0.
    0.         0.         0.         0.         0.      ]]
Pesos de INICIO:  <Compressed Sparse Row sparse matrix of dtype 'float64'
	with 20 stored elements and shape (29, 29)>
  Coords	Values
  (0, 8)	19.8144
  (0, 9)	-0.993763
  (1, 9)	1.32806
  (1, 28)	32.8287
  (2, 8)	78.3239
  (2, 9)	44.254
  (3, 8)	26.3662
  (3, 9)	55.9735
  (4, 8)	-8.58287
  (5, 8)	9.42509
  (5, 9)	78.3596
  (6, 8)	67.755
  (6, 9)	-4.53449
  (7, 3)	-13.0484
  (7, 8)	-21.4334
  (7, 9)	52.8257
  (8, 2)	82.2968
  (9, 4)	14.9933
  (20, 8)	54.7798
  (28, 20)	-18.478
Compiling ...  OK 
[444.307]
[444.307, 461.445]
[444.307, 461.445, 425.791]
[444.307, 461.445, 425.791, 437.898]
[444.307, 461.445, 425.791, 437.898, 443.381]
[444.307, 461.445, 425.791, 437.898, 443.381, 444.977]
[444.307, 461.445, 425.791, 437.898, 443.381, 444.977, 440.734]
[444.307, 461.445, 425.791, 437.898, 443.381, 444.977, 440.734, 416.104]
[444.307, 461.445, 425.791, 437.898, 443.381, 444.977, 440.734, 416.104, 462.47]
[444.307, 461.445, 425.791, 437.898, 443.381, 444.977, 440.734, 416.104, 462.47, 452.814]
[444.307, 461.445, 425.791, 437.898, 443.381, 444.977, 440.734, 416.104, 462.47, 452.814, 474.152]
[444.307, 461.445, 425.791, 437.898, 443.381, 444.977, 440.734, 416.104, 462.47, 452.814, 474.152, 447.256]
[444.307, 461.445, 425.791, 437.898, 443.381, 444.977, 440.734, 416.104, 462.47, 452.814, 474.152, 447.256, 434.814]
[444.307, 461.445, 425.791, 437.898, 443.381, 444.977, 440.734, 416.104, 462.47, 452.814, 474.152, 447.256, 434.814, 443.409]
[444.307, 461.445, 425.791, 437.898, 443.381, 444.977, 440.734, 416.104, 462.47, 452.814, 474.152, 447.256, 434.814, 443.409, 482.102]
[444.307, 461.445, 425.791, 437.898, 443.381, 444.977, 440.734, 416.104, 462.47, 452.814, 474.152, 447.256, 434.814, 443.409, 482.102, 450.823]
[444.307, 461.445, 425.791, 437.898, 443.381, 444.977, 440.734, 416.104, 462.47, 452.814, 474.152, 447.256, 434.814, 443.409, 482.102, 450.823, 431.969]
[444.307, 461.445, 425.791, 437.898, 443.381, 444.977, 440.734, 416.104, 462.47, 452.814, 474.152, 447.256, 434.814, 443.409, 482.102, 450.823, 431.969, 394.74]
[444.307, 461.445, 425.791, 437.898, 443.381, 444.977, 440.734, 416.104, 462.47, 452.814, 474.152, 447.256, 434.814, 443.409, 482.102, 450.823, 431.969, 394.74, 460.477]
[444.307, 461.445, 425.791, 437.898, 443.381, 444.977, 440.734, 416.104, 462.47, 452.814, 474.152, 447.256, 434.814, 443.409, 482.102, 450.823, 431.969, 394.74, 460.477, 405.795]
[444.307, 461.445, 425.791, 437.898, 443.381, 444.977, 440.734, 416.104, 462.47, 452.814, 474.152, 447.256, 434.814, 443.409, 482.102, 450.823, 431.969, 394.74, 460.477, 405.795, 439.252]
[444.307, 461.445, 425.791, 437.898, 443.381, 444.977, 440.734, 416.104, 462.47, 452.814, 474.152, 447.256, 434.814, 443.409, 482.102, 450.823, 431.969, 394.74, 460.477, 405.795, 439.252, 461.63]
[444.307, 461.445, 425.791, 437.898, 443.381, 444.977, 440.734, 416.104, 462.47, 452.814, 474.152, 447.256, 434.814, 443.409, 482.102, 450.823, 431.969, 394.74, 460.477, 405.795, 439.252, 461.63, 444.657]
[444.307, 461.445, 425.791, 437.898, 443.381, 444.977, 440.734, 416.104, 462.47, 452.814, 474.152, 447.256, 434.814, 443.409, 482.102, 450.823, 431.969, 394.74, 460.477, 405.795, 439.252, 461.63, 444.657, 450.757]
[444.307, 461.445, 425.791, 437.898, 443.381, 444.977, 440.734, 416.104, 462.47, 452.814, 474.152, 447.256, 434.814, 443.409, 482.102, 450.823, 431.969, 394.74, 460.477, 405.795, 439.252, 461.63, 444.657, 450.757, 436.149]
[444.307, 461.445, 425.791, 437.898, 443.381, 444.977, 440.734, 416.104, 462.47, 452.814, 474.152, 447.256, 434.814, 443.409, 482.102, 450.823, 431.969, 394.74, 460.477, 405.795, 439.252, 461.63, 444.657, 450.757, 436.149, 460.945]
[444.307, 461.445, 425.791, 437.898, 443.381, 444.977, 440.734, 416.104, 462.47, 452.814, 474.152, 447.256, 434.814, 443.409, 482.102, 450.823, 431.969, 394.74, 460.477, 405.795, 439.252, 461.63, 444.657, 450.757, 436.149, 460.945, 460.496]
[444.307, 461.445, 425.791, 437.898, 443.381, 444.977, 440.734, 416.104, 462.47, 452.814, 474.152, 447.256, 434.814, 443.409, 482.102, 450.823, 431.969, 394.74, 460.477, 405.795, 439.252, 461.63, 444.657, 450.757, 436.149, 460.945, 460.496, 428.684]
[444.307, 461.445, 425.791, 437.898, 443.381, 444.977, 440.734, 416.104, 462.47, 452.814, 474.152, 447.256, 434.814, 443.409, 482.102, 450.823, 431.969, 394.74, 460.477, 405.795, 439.252, 461.63, 444.657, 450.757, 436.149, 460.945, 460.496, 428.684, 400.265]
[444.307, 461.445, 425.791, 437.898, 443.381, 444.977, 440.734, 416.104, 462.47, 452.814, 474.152, 447.256, 434.814, 443.409, 482.102, 450.823, 431.969, 394.74, 460.477, 405.795, 439.252, 461.63, 444.657, 450.757, 436.149, 460.945, 460.496, 428.684, 400.265, 453.099]
[444.307, 461.445, 425.791, 437.898, 443.381, 444.977, 440.734, 416.104, 462.47, 452.814, 474.152, 447.256, 434.814, 443.409, 482.102, 450.823, 431.969, 394.74, 460.477, 405.795, 439.252, 461.63, 444.657, 450.757, 436.149, 460.945, 460.496, 428.684, 400.265, 453.099, 384.541]
[444.307, 461.445, 425.791, 437.898, 443.381, 444.977, 440.734, 416.104, 462.47, 452.814, 474.152, 447.256, 434.814, 443.409, 482.102, 450.823, 431.969, 394.74, 460.477, 405.795, 439.252, 461.63, 444.657, 450.757, 436.149, 460.945, 460.496, 428.684, 400.265, 453.099, 384.541, 425.105]
[444.307, 461.445, 425.791, 437.898, 443.381, 444.977, 440.734, 416.104, 462.47, 452.814, 474.152, 447.256, 434.814, 443.409, 482.102, 450.823, 431.969, 394.74, 460.477, 405.795, 439.252, 461.63, 444.657, 450.757, 436.149, 460.945, 460.496, 428.684, 400.265, 453.099, 384.541, 425.105, 441.979]
