ANNarchy 4.8 (4.8.2.6) on linux (posix).
Pesos de INICIO:  [[  0.         0.         0.         0.         0.         0.
    0.         0.        19.8144    -0.993763   0.         0.
    0.         0.         0.         0.         0.         0.
    0.         0.         0.         0.         0.         0.
    0.         0.         0.         0.         0.      ]
 [  0.         0.         0.         0.         0.         0.
    0.         0.         0.         1.32806    0.         0.
    0.         0.         0.         0.         0.         0.
    0.         0.         0.         0.         0.         0.
    0.         0.         0.         0.        32.8287  ]
 [  0.         0.         0.         0.         0.         0.
    0.         0.        78.3239    44.254      0.         0.
    0.         0.         0.         0.         0.         0.
    0.         0.         0.         0.         0.         0.
    0.         0.         0.         0.         0.      ]
 [  0.         0.         0.         0.         0.         0.
    0.         0.        26.3662    55.9735     0.         0.
    0.         0.         0.         0.         0.         0.
    0.         0.         0.         0.         0.         0.
    0.         0.         0.         0.         0.      ]
 [  0.         0.         0.         0.         0.         0.
    0.         0.        -8.58287    0.         0.         0.
    0.         0.         0.         0.         0.         0.
    0.         0.         0.         0.         0.         0.
    0.         0.         0.         0.         0.      ]
 [  0.         0.         0.         0.         0.         0.
    0.         0.         9.42509   78.3596     0.         0.
    0.         0.         0.         0.         0.         0.
    0.         0.         0.         0.         0.         0.
    0.         0.         0.         0.         0.      ]
 [  0.         0.         0.         0.         0.         0.
    0.         0.        67.755     -4.53449    0.         0.
    0.         0.         0.         0.         0.         0.
    0.         0.         0.         0.         0.         0.
    0.         0.         0.         0.         0.      ]
 [  0.         0.         0.       -13.0484     0.         0.
    0.         0.       -21.4334    52.8257     0.         0.
    0.         0.         0.         0.         0.         0.
    0.         0.         0.         0.         0.         0.
    0.         0.         0.         0.         0.      ]
 [  0.         0.        82.2968     0.         0.         0.
    0.         0.         0.         0.         0.         0.
    0.         0.         0.         0.         0.         0.
    0.         0.         0.         0.         0.         0.
    0.         0.         0.         0.         0.      ]
 [  0.         0.         0.         0.        14.9933     0.
    0.         0.         0.         0.         0.         0.
    0.         0.         0.         0.         0.         0.
    0.         0.         0.         0.         0.         0.
    0.         0.         0.         0.         0.      ]
 [  0.         0.         0.         0.         0.         0.
    0.         0.         0.         0.         0.         0.
    0.         0.         0.         0.         0.         0.
    0.         0.         0.         0.         0.         0.
    0.         0.         0.         0.         0.      ]
 [  0.         0.         0.         0.         0.         0.
    0.         0.         0.         0.         0.         0.
    0.         0.         0.         0.         0.         0.
    0.         0.         0.         0.         0.         0.
    0.         0.         0.         0.         0.      ]
 [  0.         0.         0.         0.         0.         0.
    0.         0.         0.         0.         0.         0.
    0.         0.         0.         0.         0.         0.
    0.         0.         0.         0.         0.         0.
    0.         0.         0.         0.         0.      ]
 [  0.         0.         0.         0.         0.         0.
    0.         0.         0.         0.         0.         0.
    0.         0.         0.         0.         0.         0.
    0.         0.         0.         0.         0.         0.
    0.         0.         0.         0.         0.      ]
 [  0.         0.         0.         0.         0.         0.
    0.         0.         0.         0.         0.         0.
    0.         0.         0.         0.         0.         0.
    0.         0.         0.         0.         0.         0.
    0.         0.         0.         0.         0.      ]
 [  0.         0.         0.         0.         0.         0.
    0.         0.         0.         0.         0.         0.
    0.         0.         0.         0.         0.         0.
    0.         0.         0.         0.         0.         0.
    0.         0.         0.         0.         0.      ]
 [  0.         0.         0.         0.         0.         0.
    0.         0.         0.         0.         0.         0.
    0.         0.         0.         0.         0.         0.
    0.         0.         0.         0.         0.         0.
    0.         0.         0.         0.         0.      ]
 [  0.         0.         0.         0.         0.         0.
    0.         0.         0.         0.         0.         0.
    0.         0.         0.         0.         0.         0.
    0.         0.         0.         0.         0.         0.
    0.         0.         0.         0.         0.      ]
 [  0.         0.         0.         0.         0.         0.
    0.         0.         0.         0.         0.         0.
    0.         0.         0.         0.         0.         0.
    0.         0.         0.         0.         0.         0.
    0.         0.         0.         0.         0.      ]
 [  0.         0.         0.         0.         0.         0.
    0.         0.         0.         0.         0.         0.
    0.         0.         0.         0.         0.         0.
    0.         0.         0.         0.         0.         0.
    0.         0.         0.         0.         0.      ]
 [  0.         0.         0.         0.         0.         0.
    0.         0.        54.7798     0.         0.         0.
    0.         0.         0.         0.         0.         0.
    0.         0.         0.         0.         0.         0.
    0.         0.         0.         0.         0.      ]
 [  0.         0.         0.         0.         0.         0.
    0.         0.         0.         0.         0.         0.
    0.         0.         0.         0.         0.         0.
    0.         0.         0.         0.         0.         0.
    0.         0.         0.         0.         0.      ]
 [  0.         0.         0.         0.         0.         0.
    0.         0.         0.         0.         0.         0.
    0.         0.         0.         0.         0.         0.
    0.         0.         0.         0.         0.         0.
    0.         0.         0.         0.         0.      ]
 [  0.         0.         0.         0.         0.         0.
    0.         0.         0.         0.         0.         0.
    0.         0.         0.         0.         0.         0.
    0.         0.         0.         0.         0.         0.
    0.         0.         0.         0.         0.      ]
 [  0.         0.         0.         0.         0.         0.
    0.         0.         0.         0.         0.         0.
    0.         0.         0.         0.         0.         0.
    0.         0.         0.         0.         0.         0.
    0.         0.         0.         0.         0.      ]
 [  0.         0.         0.         0.         0.         0.
    0.         0.         0.         0.         0.         0.
    0.         0.         0.         0.         0.         0.
    0.         0.         0.         0.         0.         0.
    0.         0.         0.         0.         0.      ]
 [  0.         0.         0.         0.         0.         0.
    0.         0.         0.         0.         0.         0.
    0.         0.         0.         0.         0.         0.
    0.         0.         0.         0.         0.         0.
    0.         0.         0.         0.         0.      ]
 [  0.         0.         0.         0.         0.         0.
    0.         0.         0.         0.         0.         0.
    0.         0.         0.         0.         0.         0.
    0.         0.         0.         0.         0.         0.
    0.         0.         0.         0.         0.      ]
 [  0.         0.         0.         0.         0.         0.
    0.         0.         0.         0.         0.         0.
    0.         0.         0.         0.         0.         0.
    0.         0.       -18.478      0.         0.         0.
    0.         0.         0.         0.         0.      ]]
Pesos de INICIO:  <Compressed Sparse Row sparse matrix of dtype 'float64'
	with 20 stored elements and shape (29, 29)>
  Coords	Values
  (0, 8)	19.8144
  (0, 9)	-0.993763
  (1, 9)	1.32806
  (1, 28)	32.8287
  (2, 8)	78.3239
  (2, 9)	44.254
  (3, 8)	26.3662
  (3, 9)	55.9735
  (4, 8)	-8.58287
  (5, 8)	9.42509
  (5, 9)	78.3596
  (6, 8)	67.755
  (6, 9)	-4.53449
  (7, 3)	-13.0484
  (7, 8)	-21.4334
  (7, 9)	52.8257
  (8, 2)	82.2968
  (9, 4)	14.9933
  (20, 8)	54.7798
  (28, 20)	-18.478
Compiling ...  OK 
[497.672]
[497.672, 498.698]
[497.672, 498.698, 496.842]
[497.672, 498.698, 496.842, 498.001]
[497.672, 498.698, 496.842, 498.001, 497.028]
[497.672, 498.698, 496.842, 498.001, 497.028, 498.242]
[497.672, 498.698, 496.842, 498.001, 497.028, 498.242, 497.238]
[497.672, 498.698, 496.842, 498.001, 497.028, 498.242, 497.238, 498.046]
[497.672, 498.698, 496.842, 498.001, 497.028, 498.242, 497.238, 498.046, 498.979]
[497.672, 498.698, 496.842, 498.001, 497.028, 498.242, 497.238, 498.046, 498.979, 496.283]
[497.672, 498.698, 496.842, 498.001, 497.028, 498.242, 497.238, 498.046, 498.979, 496.283, 497.752]
[497.672, 498.698, 496.842, 498.001, 497.028, 498.242, 497.238, 498.046, 498.979, 496.283, 497.752, 496.942]
[497.672, 498.698, 496.842, 498.001, 497.028, 498.242, 497.238, 498.046, 498.979, 496.283, 497.752, 496.942, 496.978]
[497.672, 498.698, 496.842, 498.001, 497.028, 498.242, 497.238, 498.046, 498.979, 496.283, 497.752, 496.942, 496.978, 498.791]
[497.672, 498.698, 496.842, 498.001, 497.028, 498.242, 497.238, 498.046, 498.979, 496.283, 497.752, 496.942, 496.978, 498.791, 498.539]
[497.672, 498.698, 496.842, 498.001, 497.028, 498.242, 497.238, 498.046, 498.979, 496.283, 497.752, 496.942, 496.978, 498.791, 498.539, 496.915]
[497.672, 498.698, 496.842, 498.001, 497.028, 498.242, 497.238, 498.046, 498.979, 496.283, 497.752, 496.942, 496.978, 498.791, 498.539, 496.915, 497.575]
[497.672, 498.698, 496.842, 498.001, 497.028, 498.242, 497.238, 498.046, 498.979, 496.283, 497.752, 496.942, 496.978, 498.791, 498.539, 496.915, 497.575, 497.975]
[497.672, 498.698, 496.842, 498.001, 497.028, 498.242, 497.238, 498.046, 498.979, 496.283, 497.752, 496.942, 496.978, 498.791, 498.539, 496.915, 497.575, 497.975, 496.331]
[497.672, 498.698, 496.842, 498.001, 497.028, 498.242, 497.238, 498.046, 498.979, 496.283, 497.752, 496.942, 496.978, 498.791, 498.539, 496.915, 497.575, 497.975, 496.331, 496.875]
[497.672, 498.698, 496.842, 498.001, 497.028, 498.242, 497.238, 498.046, 498.979, 496.283, 497.752, 496.942, 496.978, 498.791, 498.539, 496.915, 497.575, 497.975, 496.331, 496.875, 498.048]
[497.672, 498.698, 496.842, 498.001, 497.028, 498.242, 497.238, 498.046, 498.979, 496.283, 497.752, 496.942, 496.978, 498.791, 498.539, 496.915, 497.575, 497.975, 496.331, 496.875, 498.048, 498.016]
[497.672, 498.698, 496.842, 498.001, 497.028, 498.242, 497.238, 498.046, 498.979, 496.283, 497.752, 496.942, 496.978, 498.791, 498.539, 496.915, 497.575, 497.975, 496.331, 496.875, 498.048, 498.016, 496.82]
[497.672, 498.698, 496.842, 498.001, 497.028, 498.242, 497.238, 498.046, 498.979, 496.283, 497.752, 496.942, 496.978, 498.791, 498.539, 496.915, 497.575, 497.975, 496.331, 496.875, 498.048, 498.016, 496.82, 498.392]
[497.672, 498.698, 496.842, 498.001, 497.028, 498.242, 497.238, 498.046, 498.979, 496.283, 497.752, 496.942, 496.978, 498.791, 498.539, 496.915, 497.575, 497.975, 496.331, 496.875, 498.048, 498.016, 496.82, 498.392, 497.046]
[497.672, 498.698, 496.842, 498.001, 497.028, 498.242, 497.238, 498.046, 498.979, 496.283, 497.752, 496.942, 496.978, 498.791, 498.539, 496.915, 497.575, 497.975, 496.331, 496.875, 498.048, 498.016, 496.82, 498.392, 497.046, 497.753]
[497.672, 498.698, 496.842, 498.001, 497.028, 498.242, 497.238, 498.046, 498.979, 496.283, 497.752, 496.942, 496.978, 498.791, 498.539, 496.915, 497.575, 497.975, 496.331, 496.875, 498.048, 498.016, 496.82, 498.392, 497.046, 497.753, 495.253]
[497.672, 498.698, 496.842, 498.001, 497.028, 498.242, 497.238, 498.046, 498.979, 496.283, 497.752, 496.942, 496.978, 498.791, 498.539, 496.915, 497.575, 497.975, 496.331, 496.875, 498.048, 498.016, 496.82, 498.392, 497.046, 497.753, 495.253, 497.774]
[497.672, 498.698, 496.842, 498.001, 497.028, 498.242, 497.238, 498.046, 498.979, 496.283, 497.752, 496.942, 496.978, 498.791, 498.539, 496.915, 497.575, 497.975, 496.331, 496.875, 498.048, 498.016, 496.82, 498.392, 497.046, 497.753, 495.253, 497.774, 498.752]
[497.672, 498.698, 496.842, 498.001, 497.028, 498.242, 497.238, 498.046, 498.979, 496.283, 497.752, 496.942, 496.978, 498.791, 498.539, 496.915, 497.575, 497.975, 496.331, 496.875, 498.048, 498.016, 496.82, 498.392, 497.046, 497.753, 495.253, 497.774, 498.752, 497.892]
[497.672, 498.698, 496.842, 498.001, 497.028, 498.242, 497.238, 498.046, 498.979, 496.283, 497.752, 496.942, 496.978, 498.791, 498.539, 496.915, 497.575, 497.975, 496.331, 496.875, 498.048, 498.016, 496.82, 498.392, 497.046, 497.753, 495.253, 497.774, 498.752, 497.892, 496.407]
[497.672, 498.698, 496.842, 498.001, 497.028, 498.242, 497.238, 498.046, 498.979, 496.283, 497.752, 496.942, 496.978, 498.791, 498.539, 496.915, 497.575, 497.975, 496.331, 496.875, 498.048, 498.016, 496.82, 498.392, 497.046, 497.753, 495.253, 497.774, 498.752, 497.892, 496.407, 498.11]
[497.672, 498.698, 496.842, 498.001, 497.028, 498.242, 497.238, 498.046, 498.979, 496.283, 497.752, 496.942, 496.978, 498.791, 498.539, 496.915, 497.575, 497.975, 496.331, 496.875, 498.048, 498.016, 496.82, 498.392, 497.046, 497.753, 495.253, 497.774, 498.752, 497.892, 496.407, 498.11, 498.552]
