ANNarchy 4.8 (4.8.2.6) on linux (posix).
Pesos de INICIO:  [[  0.         0.         0.         0.         0.         0.
    0.         0.        48.5712    63.342   ]
 [  0.         0.         0.         0.         0.         0.
    0.         0.        24.4407    40.6969  ]
 [  0.         0.         0.         0.         0.         0.
    0.         0.        58.0224    35.6542  ]
 [  0.         0.         0.         0.         0.         0.
    0.         0.        66.5434    65.4177  ]
 [  0.       -13.2467     0.         0.         0.         0.
    0.         0.        51.1612    89.53    ]
 [  0.         0.         0.         0.         0.         0.
    0.         0.         8.18458   61.4443  ]
 [  0.         0.         0.         0.         0.         0.
    0.         0.        79.8924    24.6341  ]
 [  0.         0.         0.         0.         0.         0.
    0.         0.         0.        -0.897232]
 [  0.         0.         0.         0.         0.         0.
    0.         0.         0.         0.      ]
 [  0.         0.         0.         0.         0.         0.
    0.         0.         0.         0.      ]]
Pesos de INICIO:  <Compressed Sparse Row sparse matrix of dtype 'float64'
	with 16 stored elements and shape (10, 10)>
  Coords	Values
  (0, 8)	48.5712
  (0, 9)	63.342
  (1, 8)	24.4407
  (1, 9)	40.6969
  (2, 8)	58.0224
  (2, 9)	35.6542
  (3, 8)	66.5434
  (3, 9)	65.4177
  (4, 1)	-13.2467
  (4, 8)	51.1612
  (4, 9)	89.53
  (5, 8)	8.18458
  (5, 9)	61.4443
  (6, 8)	79.8924
  (6, 9)	24.6341
  (7, 9)	-0.897232
Compiling ...  OK 
[108.285]
[108.285, 103.603]
[108.285, 103.603, 101.488]
[108.285, 103.603, 101.488, 104.733]
[108.285, 103.603, 101.488, 104.733, 103.078]
[108.285, 103.603, 101.488, 104.733, 103.078, 101.957]
[108.285, 103.603, 101.488, 104.733, 103.078, 101.957, 102.689]
[108.285, 103.603, 101.488, 104.733, 103.078, 101.957, 102.689, 103.101]
[108.285, 103.603, 101.488, 104.733, 103.078, 101.957, 102.689, 103.101, 103.704]
[108.285, 103.603, 101.488, 104.733, 103.078, 101.957, 102.689, 103.101, 103.704, 103.417]
[108.285, 103.603, 101.488, 104.733, 103.078, 101.957, 102.689, 103.101, 103.704, 103.417, 105.363]
[108.285, 103.603, 101.488, 104.733, 103.078, 101.957, 102.689, 103.101, 103.704, 103.417, 105.363, 101.466]
[108.285, 103.603, 101.488, 104.733, 103.078, 101.957, 102.689, 103.101, 103.704, 103.417, 105.363, 101.466, 102.312]
[108.285, 103.603, 101.488, 104.733, 103.078, 101.957, 102.689, 103.101, 103.704, 103.417, 105.363, 101.466, 102.312, 105.634]
[108.285, 103.603, 101.488, 104.733, 103.078, 101.957, 102.689, 103.101, 103.704, 103.417, 105.363, 101.466, 102.312, 105.634, 102.646]
[108.285, 103.603, 101.488, 104.733, 103.078, 101.957, 102.689, 103.101, 103.704, 103.417, 105.363, 101.466, 102.312, 105.634, 102.646, 102.283]
[108.285, 103.603, 101.488, 104.733, 103.078, 101.957, 102.689, 103.101, 103.704, 103.417, 105.363, 101.466, 102.312, 105.634, 102.646, 102.283, 103.634]
[108.285, 103.603, 101.488, 104.733, 103.078, 101.957, 102.689, 103.101, 103.704, 103.417, 105.363, 101.466, 102.312, 105.634, 102.646, 102.283, 103.634, 103.458]
[108.285, 103.603, 101.488, 104.733, 103.078, 101.957, 102.689, 103.101, 103.704, 103.417, 105.363, 101.466, 102.312, 105.634, 102.646, 102.283, 103.634, 103.458, 106.43]
[108.285, 103.603, 101.488, 104.733, 103.078, 101.957, 102.689, 103.101, 103.704, 103.417, 105.363, 101.466, 102.312, 105.634, 102.646, 102.283, 103.634, 103.458, 106.43, 103.884]
[108.285, 103.603, 101.488, 104.733, 103.078, 101.957, 102.689, 103.101, 103.704, 103.417, 105.363, 101.466, 102.312, 105.634, 102.646, 102.283, 103.634, 103.458, 106.43, 103.884, 103.902]
[108.285, 103.603, 101.488, 104.733, 103.078, 101.957, 102.689, 103.101, 103.704, 103.417, 105.363, 101.466, 102.312, 105.634, 102.646, 102.283, 103.634, 103.458, 106.43, 103.884, 103.902, 105.223]
[108.285, 103.603, 101.488, 104.733, 103.078, 101.957, 102.689, 103.101, 103.704, 103.417, 105.363, 101.466, 102.312, 105.634, 102.646, 102.283, 103.634, 103.458, 106.43, 103.884, 103.902, 105.223, 104.916]
[108.285, 103.603, 101.488, 104.733, 103.078, 101.957, 102.689, 103.101, 103.704, 103.417, 105.363, 101.466, 102.312, 105.634, 102.646, 102.283, 103.634, 103.458, 106.43, 103.884, 103.902, 105.223, 104.916, 100.554]
[108.285, 103.603, 101.488, 104.733, 103.078, 101.957, 102.689, 103.101, 103.704, 103.417, 105.363, 101.466, 102.312, 105.634, 102.646, 102.283, 103.634, 103.458, 106.43, 103.884, 103.902, 105.223, 104.916, 100.554, 103.126]
[108.285, 103.603, 101.488, 104.733, 103.078, 101.957, 102.689, 103.101, 103.704, 103.417, 105.363, 101.466, 102.312, 105.634, 102.646, 102.283, 103.634, 103.458, 106.43, 103.884, 103.902, 105.223, 104.916, 100.554, 103.126, 103.96]
[108.285, 103.603, 101.488, 104.733, 103.078, 101.957, 102.689, 103.101, 103.704, 103.417, 105.363, 101.466, 102.312, 105.634, 102.646, 102.283, 103.634, 103.458, 106.43, 103.884, 103.902, 105.223, 104.916, 100.554, 103.126, 103.96, 102.823]
[108.285, 103.603, 101.488, 104.733, 103.078, 101.957, 102.689, 103.101, 103.704, 103.417, 105.363, 101.466, 102.312, 105.634, 102.646, 102.283, 103.634, 103.458, 106.43, 103.884, 103.902, 105.223, 104.916, 100.554, 103.126, 103.96, 102.823, 102.144]
[108.285, 103.603, 101.488, 104.733, 103.078, 101.957, 102.689, 103.101, 103.704, 103.417, 105.363, 101.466, 102.312, 105.634, 102.646, 102.283, 103.634, 103.458, 106.43, 103.884, 103.902, 105.223, 104.916, 100.554, 103.126, 103.96, 102.823, 102.144, 100.082]
[108.285, 103.603, 101.488, 104.733, 103.078, 101.957, 102.689, 103.101, 103.704, 103.417, 105.363, 101.466, 102.312, 105.634, 102.646, 102.283, 103.634, 103.458, 106.43, 103.884, 103.902, 105.223, 104.916, 100.554, 103.126, 103.96, 102.823, 102.144, 100.082, 100.883]
[108.285, 103.603, 101.488, 104.733, 103.078, 101.957, 102.689, 103.101, 103.704, 103.417, 105.363, 101.466, 102.312, 105.634, 102.646, 102.283, 103.634, 103.458, 106.43, 103.884, 103.902, 105.223, 104.916, 100.554, 103.126, 103.96, 102.823, 102.144, 100.082, 100.883, 103.817]
[108.285, 103.603, 101.488, 104.733, 103.078, 101.957, 102.689, 103.101, 103.704, 103.417, 105.363, 101.466, 102.312, 105.634, 102.646, 102.283, 103.634, 103.458, 106.43, 103.884, 103.902, 105.223, 104.916, 100.554, 103.126, 103.96, 102.823, 102.144, 100.082, 100.883, 103.817, 104.682]
[108.285, 103.603, 101.488, 104.733, 103.078, 101.957, 102.689, 103.101, 103.704, 103.417, 105.363, 101.466, 102.312, 105.634, 102.646, 102.283, 103.634, 103.458, 106.43, 103.884, 103.902, 105.223, 104.916, 100.554, 103.126, 103.96, 102.823, 102.144, 100.082, 100.883, 103.817, 104.682, 102.391]
