ANNarchy 4.8 (4.8.2.6) on linux (posix).
Pesos de INICIO:  [[ 0.      0.      0.     ...  0.      0.      0.    ]
 [78.8464  0.      0.     ...  0.      0.      0.    ]
 [ 0.      0.      0.     ...  0.      0.      0.    ]
 ...
 [ 0.      0.      0.     ...  0.      0.      0.    ]
 [ 0.      0.      0.     ...  0.      0.      0.    ]
 [ 0.      0.      0.     ...  0.      0.      0.    ]]
Pesos de INICIO:  <Compressed Sparse Row sparse matrix of dtype 'float64'
	with 30 stored elements and shape (50, 50)>
  Coords	Values
  (0, 14)	-61.294
  (1, 0)	78.8464
  (1, 9)	30.3461
  (1, 18)	-12.4591
  (2, 4)	38.9785
  (2, 8)	47.9904
  (2, 9)	44.5134
  (3, 8)	62.6769
  (3, 9)	14.0829
  (4, 8)	7.35558
  (5, 8)	1.4524
  (5, 9)	61.4909
  (6, 8)	48.8959
  (6, 33)	-13.0886
  (7, 8)	-14.114
  (7, 21)	54.8982
  (7, 43)	10.1434
  (7, 46)	-46.8231
  (8, 2)	50.5237
  (10, 2)	39.6315
  (11, 5)	-27.1065
  (14, 9)	-1.37352
  (18, 8)	0.713919
  (21, 9)	64.5123
  (24, 9)	-16.3673
  (33, 24)	64.0017
  (39, 21)	44.8982
  (43, 39)	34.032
  (46, 49)	-32.144
  (49, 43)	15.1434
Compiling ...  OK 
[210.381]
[210.381, 212.859]
[210.381, 212.859, 213.743]
[210.381, 212.859, 213.743, 208.485]
[210.381, 212.859, 213.743, 208.485, 213.567]
[210.381, 212.859, 213.743, 208.485, 213.567, 211.953]
[210.381, 212.859, 213.743, 208.485, 213.567, 211.953, 207.692]
[210.381, 212.859, 213.743, 208.485, 213.567, 211.953, 207.692, 212.049]
[210.381, 212.859, 213.743, 208.485, 213.567, 211.953, 207.692, 212.049, 211.658]
[210.381, 212.859, 213.743, 208.485, 213.567, 211.953, 207.692, 212.049, 211.658, 211.841]
[210.381, 212.859, 213.743, 208.485, 213.567, 211.953, 207.692, 212.049, 211.658, 211.841, 218.43]
[210.381, 212.859, 213.743, 208.485, 213.567, 211.953, 207.692, 212.049, 211.658, 211.841, 218.43, 210.642]
[210.381, 212.859, 213.743, 208.485, 213.567, 211.953, 207.692, 212.049, 211.658, 211.841, 218.43, 210.642, 215.697]
[210.381, 212.859, 213.743, 208.485, 213.567, 211.953, 207.692, 212.049, 211.658, 211.841, 218.43, 210.642, 215.697, 214.464]
[210.381, 212.859, 213.743, 208.485, 213.567, 211.953, 207.692, 212.049, 211.658, 211.841, 218.43, 210.642, 215.697, 214.464, 213.246]
[210.381, 212.859, 213.743, 208.485, 213.567, 211.953, 207.692, 212.049, 211.658, 211.841, 218.43, 210.642, 215.697, 214.464, 213.246, 215.301]
[210.381, 212.859, 213.743, 208.485, 213.567, 211.953, 207.692, 212.049, 211.658, 211.841, 218.43, 210.642, 215.697, 214.464, 213.246, 215.301, 210.317]
[210.381, 212.859, 213.743, 208.485, 213.567, 211.953, 207.692, 212.049, 211.658, 211.841, 218.43, 210.642, 215.697, 214.464, 213.246, 215.301, 210.317, 209.058]
[210.381, 212.859, 213.743, 208.485, 213.567, 211.953, 207.692, 212.049, 211.658, 211.841, 218.43, 210.642, 215.697, 214.464, 213.246, 215.301, 210.317, 209.058, 216.206]
[210.381, 212.859, 213.743, 208.485, 213.567, 211.953, 207.692, 212.049, 211.658, 211.841, 218.43, 210.642, 215.697, 214.464, 213.246, 215.301, 210.317, 209.058, 216.206, 217.966]
[210.381, 212.859, 213.743, 208.485, 213.567, 211.953, 207.692, 212.049, 211.658, 211.841, 218.43, 210.642, 215.697, 214.464, 213.246, 215.301, 210.317, 209.058, 216.206, 217.966, 213.388]
[210.381, 212.859, 213.743, 208.485, 213.567, 211.953, 207.692, 212.049, 211.658, 211.841, 218.43, 210.642, 215.697, 214.464, 213.246, 215.301, 210.317, 209.058, 216.206, 217.966, 213.388, 210.609]
[210.381, 212.859, 213.743, 208.485, 213.567, 211.953, 207.692, 212.049, 211.658, 211.841, 218.43, 210.642, 215.697, 214.464, 213.246, 215.301, 210.317, 209.058, 216.206, 217.966, 213.388, 210.609, 208.826]
[210.381, 212.859, 213.743, 208.485, 213.567, 211.953, 207.692, 212.049, 211.658, 211.841, 218.43, 210.642, 215.697, 214.464, 213.246, 215.301, 210.317, 209.058, 216.206, 217.966, 213.388, 210.609, 208.826, 215.281]
[210.381, 212.859, 213.743, 208.485, 213.567, 211.953, 207.692, 212.049, 211.658, 211.841, 218.43, 210.642, 215.697, 214.464, 213.246, 215.301, 210.317, 209.058, 216.206, 217.966, 213.388, 210.609, 208.826, 215.281, 210.371]
[210.381, 212.859, 213.743, 208.485, 213.567, 211.953, 207.692, 212.049, 211.658, 211.841, 218.43, 210.642, 215.697, 214.464, 213.246, 215.301, 210.317, 209.058, 216.206, 217.966, 213.388, 210.609, 208.826, 215.281, 210.371, 211.186]
[210.381, 212.859, 213.743, 208.485, 213.567, 211.953, 207.692, 212.049, 211.658, 211.841, 218.43, 210.642, 215.697, 214.464, 213.246, 215.301, 210.317, 209.058, 216.206, 217.966, 213.388, 210.609, 208.826, 215.281, 210.371, 211.186, 209.93]
[210.381, 212.859, 213.743, 208.485, 213.567, 211.953, 207.692, 212.049, 211.658, 211.841, 218.43, 210.642, 215.697, 214.464, 213.246, 215.301, 210.317, 209.058, 216.206, 217.966, 213.388, 210.609, 208.826, 215.281, 210.371, 211.186, 209.93, 212.794]
[210.381, 212.859, 213.743, 208.485, 213.567, 211.953, 207.692, 212.049, 211.658, 211.841, 218.43, 210.642, 215.697, 214.464, 213.246, 215.301, 210.317, 209.058, 216.206, 217.966, 213.388, 210.609, 208.826, 215.281, 210.371, 211.186, 209.93, 212.794, 217.479]
[210.381, 212.859, 213.743, 208.485, 213.567, 211.953, 207.692, 212.049, 211.658, 211.841, 218.43, 210.642, 215.697, 214.464, 213.246, 215.301, 210.317, 209.058, 216.206, 217.966, 213.388, 210.609, 208.826, 215.281, 210.371, 211.186, 209.93, 212.794, 217.479, 214.68]
[210.381, 212.859, 213.743, 208.485, 213.567, 211.953, 207.692, 212.049, 211.658, 211.841, 218.43, 210.642, 215.697, 214.464, 213.246, 215.301, 210.317, 209.058, 216.206, 217.966, 213.388, 210.609, 208.826, 215.281, 210.371, 211.186, 209.93, 212.794, 217.479, 214.68, 213.268]
[210.381, 212.859, 213.743, 208.485, 213.567, 211.953, 207.692, 212.049, 211.658, 211.841, 218.43, 210.642, 215.697, 214.464, 213.246, 215.301, 210.317, 209.058, 216.206, 217.966, 213.388, 210.609, 208.826, 215.281, 210.371, 211.186, 209.93, 212.794, 217.479, 214.68, 213.268, 213.087]
[210.381, 212.859, 213.743, 208.485, 213.567, 211.953, 207.692, 212.049, 211.658, 211.841, 218.43, 210.642, 215.697, 214.464, 213.246, 215.301, 210.317, 209.058, 216.206, 217.966, 213.388, 210.609, 208.826, 215.281, 210.371, 211.186, 209.93, 212.794, 217.479, 214.68, 213.268, 213.087, 207.16]
