ANNarchy 4.8 (4.8.2.6) on linux (posix).
Pesos de INICIO:  [[0. 0. 0. ... 0. 0. 0.]
 [0. 0. 0. ... 0. 0. 0.]
 [0. 0. 0. ... 0. 0. 0.]
 ...
 [0. 0. 0. ... 0. 0. 0.]
 [0. 0. 0. ... 0. 0. 0.]
 [0. 0. 0. ... 0. 0. 0.]]
Pesos de INICIO:  <Compressed Sparse Row sparse matrix of dtype 'float64'
	with 22 stored elements and shape (33, 33)>
  Coords	Values
  (0, 8)	68.4318
  (0, 9)	32.2629
  (1, 8)	-6.62346
  (1, 9)	10.7168
  (2, 8)	52.9904
  (2, 27)	9.00733
  (3, 8)	70.4782
  (4, 8)	28.2441
  (4, 9)	28.2892
  (5, 9)	78.3596
  (5, 11)	31.9972
  (6, 4)	-36.1498
  (6, 8)	0.811169
  (6, 9)	-10.626
  (7, 8)	-8.38225
  (7, 9)	53.0012
  (7, 32)	-56.9881
  (8, 1)	-13.2411
  (10, 32)	-33.0681
  (11, 32)	-68.1328
  (27, 9)	44.5134
  (32, 8)	1.4524
Compiling ...  OK 
[372.136]
[372.136, 342.805]
[372.136, 342.805, 407.532]
[372.136, 342.805, 407.532, 381.861]
[372.136, 342.805, 407.532, 381.861, 374.903]
[372.136, 342.805, 407.532, 381.861, 374.903, 388.518]
[372.136, 342.805, 407.532, 381.861, 374.903, 388.518, 366.013]
[372.136, 342.805, 407.532, 381.861, 374.903, 388.518, 366.013, 422.22]
[372.136, 342.805, 407.532, 381.861, 374.903, 388.518, 366.013, 422.22, 387.093]
[372.136, 342.805, 407.532, 381.861, 374.903, 388.518, 366.013, 422.22, 387.093, 375.504]
[372.136, 342.805, 407.532, 381.861, 374.903, 388.518, 366.013, 422.22, 387.093, 375.504, 423.541]
[372.136, 342.805, 407.532, 381.861, 374.903, 388.518, 366.013, 422.22, 387.093, 375.504, 423.541, 399.602]
[372.136, 342.805, 407.532, 381.861, 374.903, 388.518, 366.013, 422.22, 387.093, 375.504, 423.541, 399.602, 395.376]
[372.136, 342.805, 407.532, 381.861, 374.903, 388.518, 366.013, 422.22, 387.093, 375.504, 423.541, 399.602, 395.376, 381.316]
[372.136, 342.805, 407.532, 381.861, 374.903, 388.518, 366.013, 422.22, 387.093, 375.504, 423.541, 399.602, 395.376, 381.316, 366.089]
[372.136, 342.805, 407.532, 381.861, 374.903, 388.518, 366.013, 422.22, 387.093, 375.504, 423.541, 399.602, 395.376, 381.316, 366.089, 399.238]
[372.136, 342.805, 407.532, 381.861, 374.903, 388.518, 366.013, 422.22, 387.093, 375.504, 423.541, 399.602, 395.376, 381.316, 366.089, 399.238, 354.173]
[372.136, 342.805, 407.532, 381.861, 374.903, 388.518, 366.013, 422.22, 387.093, 375.504, 423.541, 399.602, 395.376, 381.316, 366.089, 399.238, 354.173, 378.607]
[372.136, 342.805, 407.532, 381.861, 374.903, 388.518, 366.013, 422.22, 387.093, 375.504, 423.541, 399.602, 395.376, 381.316, 366.089, 399.238, 354.173, 378.607, 387.01]
[372.136, 342.805, 407.532, 381.861, 374.903, 388.518, 366.013, 422.22, 387.093, 375.504, 423.541, 399.602, 395.376, 381.316, 366.089, 399.238, 354.173, 378.607, 387.01, 389.053]
[372.136, 342.805, 407.532, 381.861, 374.903, 388.518, 366.013, 422.22, 387.093, 375.504, 423.541, 399.602, 395.376, 381.316, 366.089, 399.238, 354.173, 378.607, 387.01, 389.053, 412.816]
[372.136, 342.805, 407.532, 381.861, 374.903, 388.518, 366.013, 422.22, 387.093, 375.504, 423.541, 399.602, 395.376, 381.316, 366.089, 399.238, 354.173, 378.607, 387.01, 389.053, 412.816, 348.066]
[372.136, 342.805, 407.532, 381.861, 374.903, 388.518, 366.013, 422.22, 387.093, 375.504, 423.541, 399.602, 395.376, 381.316, 366.089, 399.238, 354.173, 378.607, 387.01, 389.053, 412.816, 348.066, 373.206]
[372.136, 342.805, 407.532, 381.861, 374.903, 388.518, 366.013, 422.22, 387.093, 375.504, 423.541, 399.602, 395.376, 381.316, 366.089, 399.238, 354.173, 378.607, 387.01, 389.053, 412.816, 348.066, 373.206, 366.805]
[372.136, 342.805, 407.532, 381.861, 374.903, 388.518, 366.013, 422.22, 387.093, 375.504, 423.541, 399.602, 395.376, 381.316, 366.089, 399.238, 354.173, 378.607, 387.01, 389.053, 412.816, 348.066, 373.206, 366.805, 385.971]
[372.136, 342.805, 407.532, 381.861, 374.903, 388.518, 366.013, 422.22, 387.093, 375.504, 423.541, 399.602, 395.376, 381.316, 366.089, 399.238, 354.173, 378.607, 387.01, 389.053, 412.816, 348.066, 373.206, 366.805, 385.971, 381.569]
[372.136, 342.805, 407.532, 381.861, 374.903, 388.518, 366.013, 422.22, 387.093, 375.504, 423.541, 399.602, 395.376, 381.316, 366.089, 399.238, 354.173, 378.607, 387.01, 389.053, 412.816, 348.066, 373.206, 366.805, 385.971, 381.569, 410.17]
[372.136, 342.805, 407.532, 381.861, 374.903, 388.518, 366.013, 422.22, 387.093, 375.504, 423.541, 399.602, 395.376, 381.316, 366.089, 399.238, 354.173, 378.607, 387.01, 389.053, 412.816, 348.066, 373.206, 366.805, 385.971, 381.569, 410.17, 370.909]
[372.136, 342.805, 407.532, 381.861, 374.903, 388.518, 366.013, 422.22, 387.093, 375.504, 423.541, 399.602, 395.376, 381.316, 366.089, 399.238, 354.173, 378.607, 387.01, 389.053, 412.816, 348.066, 373.206, 366.805, 385.971, 381.569, 410.17, 370.909, 395.609]
[372.136, 342.805, 407.532, 381.861, 374.903, 388.518, 366.013, 422.22, 387.093, 375.504, 423.541, 399.602, 395.376, 381.316, 366.089, 399.238, 354.173, 378.607, 387.01, 389.053, 412.816, 348.066, 373.206, 366.805, 385.971, 381.569, 410.17, 370.909, 395.609, 364.295]
[372.136, 342.805, 407.532, 381.861, 374.903, 388.518, 366.013, 422.22, 387.093, 375.504, 423.541, 399.602, 395.376, 381.316, 366.089, 399.238, 354.173, 378.607, 387.01, 389.053, 412.816, 348.066, 373.206, 366.805, 385.971, 381.569, 410.17, 370.909, 395.609, 364.295, 405.149]
[372.136, 342.805, 407.532, 381.861, 374.903, 388.518, 366.013, 422.22, 387.093, 375.504, 423.541, 399.602, 395.376, 381.316, 366.089, 399.238, 354.173, 378.607, 387.01, 389.053, 412.816, 348.066, 373.206, 366.805, 385.971, 381.569, 410.17, 370.909, 395.609, 364.295, 405.149, 420.396]
[372.136, 342.805, 407.532, 381.861, 374.903, 388.518, 366.013, 422.22, 387.093, 375.504, 423.541, 399.602, 395.376, 381.316, 366.089, 399.238, 354.173, 378.607, 387.01, 389.053, 412.816, 348.066, 373.206, 366.805, 385.971, 381.569, 410.17, 370.909, 395.609, 364.295, 405.149, 420.396, 339.506]
