ANNarchy 4.8 (4.8.2.6) on linux (posix).
Pesos de INICIO:  [[  0.        0.        0.        0.        0.        0.        0.
    0.       24.8144   27.2629    0.        0.        0.        0.
    0.        0.        0.        0.        0.     ]
 [  0.        0.        0.        0.        0.        0.      -20.7557
    0.       10.0985   12.3911    0.        0.        0.        0.
    0.        0.        0.        0.        0.     ]
 [  0.        0.        0.        0.        0.        0.        0.
    0.       66.4579    0.        0.        0.        0.        0.
    0.        0.        0.        0.      -71.6327 ]
 [  0.        0.        0.        0.        0.        0.        0.
    0.       26.3662    6.90224   0.        0.        0.        0.
    0.        0.        0.        0.        0.     ]
 [-11.3904    0.        0.        0.        0.        0.        0.
  -37.6899   24.5977    8.28921   0.        0.        0.        0.
    0.        0.        0.        0.        0.     ]
 [  0.        8.36312   0.        0.        0.        0.        0.
    0.       -1.95788  43.4178    0.        0.        0.        0.
    0.        0.        0.        0.        0.     ]
 [  0.        0.        0.        0.        0.        0.        0.
    0.       47.755    -6.09418   0.        0.        0.        0.
    0.        0.        0.        0.        0.     ]
 [  0.        0.        0.        0.        0.        0.        0.
    0.      -18.3823   74.5123    0.        0.        0.        0.
    0.        0.        0.        0.        0.     ]
 [  0.        0.        0.        0.        0.        0.        0.
    0.        0.        0.        0.        0.        0.        0.
    0.        0.        0.        0.        0.     ]
 [  0.        0.        0.        0.      -11.9431    0.        0.
    0.        0.        0.        0.        0.        0.        0.
    0.        0.        0.        0.        0.     ]
 [  0.        0.        0.        0.        0.        0.        0.
    0.        0.        0.        0.        0.        0.        0.
    0.        0.        0.        0.        0.     ]
 [  0.        0.        0.        0.        0.        0.        0.
    0.        0.        0.        0.        0.        0.        0.
    0.        0.        0.        0.        0.     ]
 [  0.        0.        0.        0.        0.        0.        0.
    0.        0.        0.        0.        0.        0.        0.
    0.        0.        0.        0.        0.     ]
 [  0.        0.        0.        0.        0.        0.        0.
    0.        0.        0.        0.        0.        0.        0.
    0.        0.        0.        0.        0.     ]
 [  0.        0.        0.        0.        0.        0.        0.
    0.        0.        0.        0.        0.        0.        0.
    0.        0.        0.        0.        0.     ]
 [  0.        0.        0.        0.        0.        0.        0.
    0.        0.        0.        0.        0.        0.        0.
    0.        0.        0.        0.        0.     ]
 [  0.        0.        0.        0.        0.        0.        0.
    0.        0.        0.        0.        0.        0.        0.
    0.        0.        0.        0.        0.     ]
 [  0.        0.        0.        0.        0.        0.        0.
    0.        0.        0.        0.        0.        0.        0.
    0.        0.        0.        0.        0.     ]
 [  0.        0.        0.        0.        0.        0.        0.
    0.        0.       34.2399    0.        0.        0.        0.
    0.        0.        0.        0.        0.     ]]
Pesos de INICIO:  <Compressed Sparse Row sparse matrix of dtype 'float64'
	with 22 stored elements and shape (19, 19)>
  Coords	Values
  (0, 8)	24.8144
  (0, 9)	27.2629
  (1, 6)	-20.7557
  (1, 8)	10.0985
  (1, 9)	12.3911
  (2, 8)	66.4579
  (2, 18)	-71.6327
  (3, 8)	26.3662
  (3, 9)	6.90224
  (4, 0)	-11.3904
  (4, 7)	-37.6899
  (4, 8)	24.5977
  (4, 9)	8.28921
  (5, 1)	8.36312
  (5, 8)	-1.95788
  (5, 9)	43.4178
  (6, 8)	47.755
  (6, 9)	-6.09418
  (7, 8)	-18.3823
  (7, 9)	74.5123
  (9, 4)	-11.9431
  (18, 9)	34.2399
Compiling ...  OK 
[78.798]
[78.798, 77.951]
[78.798, 77.951, 77.609]
[78.798, 77.951, 77.609, 81.559]
[78.798, 77.951, 77.609, 81.559, 78.431]
[78.798, 77.951, 77.609, 81.559, 78.431, 76.236]
[78.798, 77.951, 77.609, 81.559, 78.431, 76.236, 80.906]
[78.798, 77.951, 77.609, 81.559, 78.431, 76.236, 80.906, 78.037]
[78.798, 77.951, 77.609, 81.559, 78.431, 76.236, 80.906, 78.037, 80.48]
[78.798, 77.951, 77.609, 81.559, 78.431, 76.236, 80.906, 78.037, 80.48, 79.751]
[78.798, 77.951, 77.609, 81.559, 78.431, 76.236, 80.906, 78.037, 80.48, 79.751, 79.727]
[78.798, 77.951, 77.609, 81.559, 78.431, 76.236, 80.906, 78.037, 80.48, 79.751, 79.727, 77.82]
[78.798, 77.951, 77.609, 81.559, 78.431, 76.236, 80.906, 78.037, 80.48, 79.751, 79.727, 77.82, 79.362]
[78.798, 77.951, 77.609, 81.559, 78.431, 76.236, 80.906, 78.037, 80.48, 79.751, 79.727, 77.82, 79.362, 80.152]
[78.798, 77.951, 77.609, 81.559, 78.431, 76.236, 80.906, 78.037, 80.48, 79.751, 79.727, 77.82, 79.362, 80.152, 81.061]
[78.798, 77.951, 77.609, 81.559, 78.431, 76.236, 80.906, 78.037, 80.48, 79.751, 79.727, 77.82, 79.362, 80.152, 81.061, 78.635]
[78.798, 77.951, 77.609, 81.559, 78.431, 76.236, 80.906, 78.037, 80.48, 79.751, 79.727, 77.82, 79.362, 80.152, 81.061, 78.635, 77.173]
[78.798, 77.951, 77.609, 81.559, 78.431, 76.236, 80.906, 78.037, 80.48, 79.751, 79.727, 77.82, 79.362, 80.152, 81.061, 78.635, 77.173, 80.764]
[78.798, 77.951, 77.609, 81.559, 78.431, 76.236, 80.906, 78.037, 80.48, 79.751, 79.727, 77.82, 79.362, 80.152, 81.061, 78.635, 77.173, 80.764, 76.796]
[78.798, 77.951, 77.609, 81.559, 78.431, 76.236, 80.906, 78.037, 80.48, 79.751, 79.727, 77.82, 79.362, 80.152, 81.061, 78.635, 77.173, 80.764, 76.796, 85.519]
[78.798, 77.951, 77.609, 81.559, 78.431, 76.236, 80.906, 78.037, 80.48, 79.751, 79.727, 77.82, 79.362, 80.152, 81.061, 78.635, 77.173, 80.764, 76.796, 85.519, 79.992]
[78.798, 77.951, 77.609, 81.559, 78.431, 76.236, 80.906, 78.037, 80.48, 79.751, 79.727, 77.82, 79.362, 80.152, 81.061, 78.635, 77.173, 80.764, 76.796, 85.519, 79.992, 79.801]
[78.798, 77.951, 77.609, 81.559, 78.431, 76.236, 80.906, 78.037, 80.48, 79.751, 79.727, 77.82, 79.362, 80.152, 81.061, 78.635, 77.173, 80.764, 76.796, 85.519, 79.992, 79.801, 79.442]
[78.798, 77.951, 77.609, 81.559, 78.431, 76.236, 80.906, 78.037, 80.48, 79.751, 79.727, 77.82, 79.362, 80.152, 81.061, 78.635, 77.173, 80.764, 76.796, 85.519, 79.992, 79.801, 79.442, 78.875]
[78.798, 77.951, 77.609, 81.559, 78.431, 76.236, 80.906, 78.037, 80.48, 79.751, 79.727, 77.82, 79.362, 80.152, 81.061, 78.635, 77.173, 80.764, 76.796, 85.519, 79.992, 79.801, 79.442, 78.875, 83.37]
[78.798, 77.951, 77.609, 81.559, 78.431, 76.236, 80.906, 78.037, 80.48, 79.751, 79.727, 77.82, 79.362, 80.152, 81.061, 78.635, 77.173, 80.764, 76.796, 85.519, 79.992, 79.801, 79.442, 78.875, 83.37, 79.778]
[78.798, 77.951, 77.609, 81.559, 78.431, 76.236, 80.906, 78.037, 80.48, 79.751, 79.727, 77.82, 79.362, 80.152, 81.061, 78.635, 77.173, 80.764, 76.796, 85.519, 79.992, 79.801, 79.442, 78.875, 83.37, 79.778, 79.434]
[78.798, 77.951, 77.609, 81.559, 78.431, 76.236, 80.906, 78.037, 80.48, 79.751, 79.727, 77.82, 79.362, 80.152, 81.061, 78.635, 77.173, 80.764, 76.796, 85.519, 79.992, 79.801, 79.442, 78.875, 83.37, 79.778, 79.434, 77.146]
[78.798, 77.951, 77.609, 81.559, 78.431, 76.236, 80.906, 78.037, 80.48, 79.751, 79.727, 77.82, 79.362, 80.152, 81.061, 78.635, 77.173, 80.764, 76.796, 85.519, 79.992, 79.801, 79.442, 78.875, 83.37, 79.778, 79.434, 77.146, 83.109]
[78.798, 77.951, 77.609, 81.559, 78.431, 76.236, 80.906, 78.037, 80.48, 79.751, 79.727, 77.82, 79.362, 80.152, 81.061, 78.635, 77.173, 80.764, 76.796, 85.519, 79.992, 79.801, 79.442, 78.875, 83.37, 79.778, 79.434, 77.146, 83.109, 81.901]
[78.798, 77.951, 77.609, 81.559, 78.431, 76.236, 80.906, 78.037, 80.48, 79.751, 79.727, 77.82, 79.362, 80.152, 81.061, 78.635, 77.173, 80.764, 76.796, 85.519, 79.992, 79.801, 79.442, 78.875, 83.37, 79.778, 79.434, 77.146, 83.109, 81.901, 77.683]
[78.798, 77.951, 77.609, 81.559, 78.431, 76.236, 80.906, 78.037, 80.48, 79.751, 79.727, 77.82, 79.362, 80.152, 81.061, 78.635, 77.173, 80.764, 76.796, 85.519, 79.992, 79.801, 79.442, 78.875, 83.37, 79.778, 79.434, 77.146, 83.109, 81.901, 77.683, 82.901]
[78.798, 77.951, 77.609, 81.559, 78.431, 76.236, 80.906, 78.037, 80.48, 79.751, 79.727, 77.82, 79.362, 80.152, 81.061, 78.635, 77.173, 80.764, 76.796, 85.519, 79.992, 79.801, 79.442, 78.875, 83.37, 79.778, 79.434, 77.146, 83.109, 81.901, 77.683, 82.901, 82.399]
