ANNarchy 4.8 (4.8.2.6) on linux (posix).
Pesos de INICIO:  [[  0.        0.        0.        0.        0.        0.       -5.86359
    0.       48.0729   17.8374    0.        0.        0.        0.
    0.        0.        0.        0.        0.        0.        0.
    0.        0.        0.        0.        0.        0.        0.     ]
 [  0.        0.        0.        0.        0.        0.        0.
    0.       64.7798   53.2654    0.        0.        0.        0.
    0.        0.        0.        0.        0.        0.        0.
    0.        0.        0.        0.        0.        0.        0.     ]
 [  0.        0.        0.        0.        0.        0.        0.
    0.       45.6564    0.        0.        0.        0.        0.
    0.      -52.5663    0.        0.        0.        0.        0.
    0.        0.        0.        0.        0.        0.        0.     ]
 [  0.        0.        0.        0.        0.        0.        0.
    0.       38.9458   60.9735    0.        0.        0.        0.
    0.        0.        0.        0.        0.        0.        0.
    0.        0.        0.        0.        0.        0.        0.     ]
 [  0.        0.        0.        0.        0.        0.        0.
    0.        0.        0.        0.        0.        0.        0.
    0.        0.        0.        0.        0.        0.        0.
    0.        0.        0.        0.       76.999     0.      -79.1897 ]
 [  0.        0.        0.        0.        0.        0.        0.
    0.       27.021    67.7384    0.        0.        0.        0.
    0.        0.        0.        0.        0.        0.        0.
    0.        0.        0.        0.        0.        0.        0.     ]
 [  0.        0.        0.        0.        0.        0.        0.
    0.       48.6125  -10.626     0.        0.        0.        0.
    0.        0.        0.        0.        0.        0.        0.
    0.        0.        0.        0.        0.        0.        0.     ]
 [  0.        0.        0.        0.        0.        0.        0.
    0.       -3.87244  56.9677    0.        0.        0.        0.
    0.        0.        0.        0.        0.        0.        0.
    0.        0.        0.        0.        0.        0.        0.     ]
 [  0.        0.        0.        0.        0.        0.        0.
    0.        0.        0.        0.        0.        0.        0.
    0.        0.        0.        0.        0.        0.        0.
    0.        0.        0.        0.        0.        0.        0.     ]
 [  0.        0.        0.        0.        0.        0.        0.
    0.        0.        0.        0.        0.        0.        0.
    0.        0.        0.        0.        0.        0.        0.
    0.        0.        0.        0.        0.        0.        0.     ]
 [  0.        0.        0.        0.        0.        0.        0.
    0.        0.        0.        0.        0.        0.        0.
    0.        0.        0.        0.        0.        0.        0.
    0.        0.        0.        0.        0.        0.        0.     ]
 [  0.        0.        0.        0.        0.        0.        0.
    0.        0.        0.        0.        0.        0.        0.
    0.        0.        0.        0.        0.        0.        0.
    0.        0.        0.        0.        0.        0.        0.     ]
 [  0.        0.        0.        0.        0.        0.        0.
    0.        0.        0.        0.        0.        0.        0.
    0.        0.        0.        0.        0.        0.        0.
    0.        0.        0.        0.        0.        0.        0.     ]
 [  0.        0.        0.        0.        0.        0.        0.
    0.        0.        0.        0.        0.        0.        0.
    0.        0.        0.        0.        0.        0.        0.
    0.        0.        0.        0.        0.        0.        0.     ]
 [  0.        0.        0.        0.        0.        0.        0.
    0.        0.        0.        0.        0.        0.        0.
    0.        0.        0.        0.        0.        0.        0.
    0.        0.        0.        0.        0.        0.        0.     ]
 [  0.        0.        0.        0.        0.        0.        0.
    0.        0.       71.7405    0.        0.        0.        0.
    0.        0.        0.        0.        0.        0.        0.
    0.        0.        0.        0.        0.        0.        0.     ]
 [  0.        0.        0.        0.        0.        0.        0.
    0.        0.        0.        0.        0.        0.        0.
    0.        0.        0.        0.        0.        0.        0.
    0.        0.        0.        0.        0.        0.        0.     ]
 [  0.        0.        0.        0.        0.        0.        0.
    0.        0.        0.        0.        0.        0.        0.
    0.        0.        0.        0.        0.        0.        0.
    0.        0.        0.        0.        0.        0.        0.     ]
 [  0.        0.        0.        0.        0.        0.        0.
    0.        0.        0.        0.        0.        0.        0.
    0.        0.        0.        0.        0.        0.        0.
    0.        0.        0.        0.        0.        0.        0.     ]
 [  0.        0.        0.        0.        0.        0.        0.
    0.        0.        0.        0.        0.        0.        0.
    0.        0.        0.        0.        0.        0.        0.
    0.        0.        0.        0.        0.        0.        0.     ]
 [  0.        0.        0.        0.        0.        0.        0.
    0.        0.        0.        0.        0.        0.        0.
    0.        0.        0.        0.        0.        0.        0.
    0.        0.        0.        0.        0.        0.        0.     ]
 [  0.        0.        0.        0.        0.        0.        0.
    0.        0.        0.        0.        0.        0.        0.
    0.        0.        0.        0.        0.        0.        0.
    0.        0.        0.        0.        0.        0.        0.     ]
 [  0.        0.        0.        0.        0.        0.        0.
    0.       38.2441    0.        0.        0.        0.        0.
    0.        0.        0.        0.        0.        0.        0.
    0.        0.        0.        0.        0.        0.        0.     ]
 [  0.        0.        0.        0.        0.        0.        0.
    0.        0.        0.        0.        0.        0.        0.
    0.        0.        0.        0.        0.        0.        0.
    0.        0.        0.        0.        0.        0.        0.     ]
 [  0.        0.        0.        0.        0.        0.        0.
    0.        0.        0.        0.        0.        0.        0.
    0.        0.        0.        0.        0.        0.        0.
    0.        0.        0.        0.        0.        0.        0.     ]
 [  0.        0.        0.        0.        0.        0.        0.
    0.        0.      -16.2356    0.        0.        0.        0.
    0.        0.        0.        0.        0.        0.        0.
    0.        0.        0.        0.        0.        0.        0.     ]
 [  0.        0.        0.        0.        0.        0.        0.
    0.        0.        0.        0.        0.        0.        0.
    0.        0.        0.        0.        0.        0.        0.
    0.        0.        0.        0.        0.        0.        0.     ]
 [  0.        0.        0.        0.        0.        0.        0.
    0.        0.        0.        0.        0.        0.        0.
    0.        0.        0.        0.        0.        0.        0.
    0.      -73.1535    0.        0.        0.        0.        0.     ]]
Pesos de INICIO:  <Compressed Sparse Row sparse matrix of dtype 'float64'
	with 21 stored elements and shape (28, 28)>
  Coords	Values
  (0, 6)	-5.86359
  (0, 8)	48.0729
  (0, 9)	17.8374
  (1, 8)	64.7798
  (1, 9)	53.2654
  (2, 8)	45.6564
  (2, 15)	-52.5663
  (3, 8)	38.9458
  (3, 9)	60.9735
  (4, 25)	76.999
  (4, 27)	-79.1897
  (5, 8)	27.021
  (5, 9)	67.7384
  (6, 8)	48.6125
  (6, 9)	-10.626
  (7, 8)	-3.87244
  (7, 9)	56.9677
  (15, 9)	71.7405
  (22, 8)	38.2441
  (25, 9)	-16.2356
  (27, 22)	-73.1535
Compiling ...  OK 
[205.198]
[205.198, 206.592]
[205.198, 206.592, 203.573]
[205.198, 206.592, 203.573, 207.903]
[205.198, 206.592, 203.573, 207.903, 207.347]
[205.198, 206.592, 203.573, 207.903, 207.347, 203.095]
[205.198, 206.592, 203.573, 207.903, 207.347, 203.095, 210.738]
[205.198, 206.592, 203.573, 207.903, 207.347, 203.095, 210.738, 204.026]
[205.198, 206.592, 203.573, 207.903, 207.347, 203.095, 210.738, 204.026, 207.287]
[205.198, 206.592, 203.573, 207.903, 207.347, 203.095, 210.738, 204.026, 207.287, 209.903]
[205.198, 206.592, 203.573, 207.903, 207.347, 203.095, 210.738, 204.026, 207.287, 209.903, 202.556]
[205.198, 206.592, 203.573, 207.903, 207.347, 203.095, 210.738, 204.026, 207.287, 209.903, 202.556, 214.481]
[205.198, 206.592, 203.573, 207.903, 207.347, 203.095, 210.738, 204.026, 207.287, 209.903, 202.556, 214.481, 205.438]
[205.198, 206.592, 203.573, 207.903, 207.347, 203.095, 210.738, 204.026, 207.287, 209.903, 202.556, 214.481, 205.438, 203.426]
[205.198, 206.592, 203.573, 207.903, 207.347, 203.095, 210.738, 204.026, 207.287, 209.903, 202.556, 214.481, 205.438, 203.426, 188.045]
[205.198, 206.592, 203.573, 207.903, 207.347, 203.095, 210.738, 204.026, 207.287, 209.903, 202.556, 214.481, 205.438, 203.426, 188.045, 214.284]
[205.198, 206.592, 203.573, 207.903, 207.347, 203.095, 210.738, 204.026, 207.287, 209.903, 202.556, 214.481, 205.438, 203.426, 188.045, 214.284, 210.751]
[205.198, 206.592, 203.573, 207.903, 207.347, 203.095, 210.738, 204.026, 207.287, 209.903, 202.556, 214.481, 205.438, 203.426, 188.045, 214.284, 210.751, 213.711]
[205.198, 206.592, 203.573, 207.903, 207.347, 203.095, 210.738, 204.026, 207.287, 209.903, 202.556, 214.481, 205.438, 203.426, 188.045, 214.284, 210.751, 213.711, 223.337]
[205.198, 206.592, 203.573, 207.903, 207.347, 203.095, 210.738, 204.026, 207.287, 209.903, 202.556, 214.481, 205.438, 203.426, 188.045, 214.284, 210.751, 213.711, 223.337, 198.06]
[205.198, 206.592, 203.573, 207.903, 207.347, 203.095, 210.738, 204.026, 207.287, 209.903, 202.556, 214.481, 205.438, 203.426, 188.045, 214.284, 210.751, 213.711, 223.337, 198.06, 202.849]
[205.198, 206.592, 203.573, 207.903, 207.347, 203.095, 210.738, 204.026, 207.287, 209.903, 202.556, 214.481, 205.438, 203.426, 188.045, 214.284, 210.751, 213.711, 223.337, 198.06, 202.849, 211.907]
[205.198, 206.592, 203.573, 207.903, 207.347, 203.095, 210.738, 204.026, 207.287, 209.903, 202.556, 214.481, 205.438, 203.426, 188.045, 214.284, 210.751, 213.711, 223.337, 198.06, 202.849, 211.907, 201.975]
[205.198, 206.592, 203.573, 207.903, 207.347, 203.095, 210.738, 204.026, 207.287, 209.903, 202.556, 214.481, 205.438, 203.426, 188.045, 214.284, 210.751, 213.711, 223.337, 198.06, 202.849, 211.907, 201.975, 203.269]
[205.198, 206.592, 203.573, 207.903, 207.347, 203.095, 210.738, 204.026, 207.287, 209.903, 202.556, 214.481, 205.438, 203.426, 188.045, 214.284, 210.751, 213.711, 223.337, 198.06, 202.849, 211.907, 201.975, 203.269, 207.747]
[205.198, 206.592, 203.573, 207.903, 207.347, 203.095, 210.738, 204.026, 207.287, 209.903, 202.556, 214.481, 205.438, 203.426, 188.045, 214.284, 210.751, 213.711, 223.337, 198.06, 202.849, 211.907, 201.975, 203.269, 207.747, 200.77]
[205.198, 206.592, 203.573, 207.903, 207.347, 203.095, 210.738, 204.026, 207.287, 209.903, 202.556, 214.481, 205.438, 203.426, 188.045, 214.284, 210.751, 213.711, 223.337, 198.06, 202.849, 211.907, 201.975, 203.269, 207.747, 200.77, 205.332]
[205.198, 206.592, 203.573, 207.903, 207.347, 203.095, 210.738, 204.026, 207.287, 209.903, 202.556, 214.481, 205.438, 203.426, 188.045, 214.284, 210.751, 213.711, 223.337, 198.06, 202.849, 211.907, 201.975, 203.269, 207.747, 200.77, 205.332, 210.598]
[205.198, 206.592, 203.573, 207.903, 207.347, 203.095, 210.738, 204.026, 207.287, 209.903, 202.556, 214.481, 205.438, 203.426, 188.045, 214.284, 210.751, 213.711, 223.337, 198.06, 202.849, 211.907, 201.975, 203.269, 207.747, 200.77, 205.332, 210.598, 200.274]
[205.198, 206.592, 203.573, 207.903, 207.347, 203.095, 210.738, 204.026, 207.287, 209.903, 202.556, 214.481, 205.438, 203.426, 188.045, 214.284, 210.751, 213.711, 223.337, 198.06, 202.849, 211.907, 201.975, 203.269, 207.747, 200.77, 205.332, 210.598, 200.274, 214.617]
[205.198, 206.592, 203.573, 207.903, 207.347, 203.095, 210.738, 204.026, 207.287, 209.903, 202.556, 214.481, 205.438, 203.426, 188.045, 214.284, 210.751, 213.711, 223.337, 198.06, 202.849, 211.907, 201.975, 203.269, 207.747, 200.77, 205.332, 210.598, 200.274, 214.617, 212.242]
[205.198, 206.592, 203.573, 207.903, 207.347, 203.095, 210.738, 204.026, 207.287, 209.903, 202.556, 214.481, 205.438, 203.426, 188.045, 214.284, 210.751, 213.711, 223.337, 198.06, 202.849, 211.907, 201.975, 203.269, 207.747, 200.77, 205.332, 210.598, 200.274, 214.617, 212.242, 213.247]
[205.198, 206.592, 203.573, 207.903, 207.347, 203.095, 210.738, 204.026, 207.287, 209.903, 202.556, 214.481, 205.438, 203.426, 188.045, 214.284, 210.751, 213.711, 223.337, 198.06, 202.849, 211.907, 201.975, 203.269, 207.747, 200.77, 205.332, 210.598, 200.274, 214.617, 212.242, 213.247, 204.998]
