ANNarchy 4.8 (4.8.2.6) on linux (posix).
Pesos de INICIO:  [[  0.        0.        0.        0.        0.        0.        0.
    0.      -12.991    -5.11626   0.        0.        0.        0.
    0.        0.        0.        0.        0.        0.        0.
    0.        0.        0.     ]
 [  0.        0.        0.        0.        0.        0.        0.
    0.       72.3728   35.6969    0.        0.        0.        0.
    0.        0.        0.        0.        0.        0.        0.
    0.        0.        0.     ]
 [  0.        0.        0.        0.        0.        0.        0.
    0.      -14.8875    2.54909   0.        0.        0.        0.
    0.        0.        0.        0.        0.        0.        0.
    0.        0.        0.     ]
 [  0.        0.        0.        0.        0.        0.        0.
    0.        0.       16.157     0.        0.        0.        0.
    0.        0.        0.        0.        0.        0.        0.
    0.        0.       26.1543 ]
 [  0.        0.        0.        0.        0.        0.        0.
    0.       40.5368   51.8867    0.        0.        0.        0.
    0.        0.        0.        0.        0.        0.        0.
    0.        0.        0.     ]
 [  0.        0.        0.        0.        0.        0.        0.
    0.        9.42509   0.       26.7021    0.        0.        0.
    0.        0.        0.        0.        0.        0.        0.
    0.        0.        0.     ]
 [  0.        0.        0.        0.        0.        0.        0.
    0.       35.9146  -11.3673    0.        0.        0.        0.
    0.        0.        0.        0.        0.        0.        0.
    0.        0.        0.     ]
 [  0.        0.        0.        0.        0.        0.        0.
    0.       10.7469   52.8257    0.        0.        0.        0.
    0.        0.        0.        0.        0.        0.        0.
    0.        0.        0.     ]
 [  0.        0.      -60.4145    0.        0.        0.        0.
    0.        0.        0.        0.        0.        0.        0.
    0.        0.        0.        0.        0.        0.        0.
    0.        0.        0.     ]
 [  0.        0.        0.        0.        0.        0.        0.
    0.        0.        0.        0.        0.        0.        0.
    0.        0.        0.        0.        0.        0.        0.
    0.        0.        0.     ]
 [  0.        0.        0.        0.        0.        0.        0.
    0.        0.       61.4909    0.        0.        0.        0.
    0.        0.        0.        0.        0.        0.        0.
    0.        0.        0.     ]
 [  0.        0.        0.        0.        0.        0.        0.
    0.        0.        0.        0.        0.        0.        0.
    0.        0.        0.        0.        0.        0.        0.
    0.        0.        0.     ]
 [  0.        0.        0.        0.        0.        0.        0.
    0.        0.        0.        0.        0.        0.        0.
    0.        0.        0.        0.        0.        0.        0.
    0.        0.        0.     ]
 [  0.        0.        0.        0.        0.        0.        0.
    0.        0.        0.        0.        0.        0.        0.
    0.        0.        0.        0.        0.        0.        0.
    0.        0.        0.     ]
 [  0.        0.        0.        0.        0.        0.        0.
    0.        0.        0.        0.        0.        0.        0.
    0.        0.        0.        0.        0.        0.        0.
    0.        0.        0.     ]
 [  0.        0.        0.        0.        0.        0.        0.
    0.        0.        0.        0.        0.        0.        0.
    0.        0.        0.        0.        0.        0.        0.
    0.        0.        0.     ]
 [  0.        0.        0.        0.        0.        0.        0.
    0.        0.        0.        0.        0.        0.        0.
    0.        0.        0.        0.        0.        0.        0.
    0.        0.        0.     ]
 [  0.        0.        0.        0.        0.        0.        0.
    0.        0.        0.        0.        0.        0.        0.
    0.        0.        0.        0.        0.        0.        0.
    0.        0.        0.     ]
 [  0.        0.        0.        0.        0.        0.        0.
    0.        0.        0.        0.        0.        0.        0.
    0.        0.        0.        0.        0.        0.        0.
    0.        0.        0.     ]
 [  0.        0.        0.        0.        0.        0.        0.
    0.        0.        0.        0.        0.        0.        0.
    0.        0.        0.        0.        0.        0.        0.
    0.        0.        0.     ]
 [  0.        0.        0.        0.        0.        0.        0.
    0.        0.        0.        0.        0.        0.        0.
    0.        0.        0.        0.        0.        0.        0.
    0.        0.        0.     ]
 [  0.        0.        0.        0.        0.        0.        0.
    0.        0.        0.        0.        0.        0.        0.
    0.        0.        0.        0.        0.        0.        0.
    0.        0.        0.     ]
 [  0.        0.        0.        0.        0.        0.        0.
    0.        0.        0.        0.        0.        0.        0.
    0.        0.        0.        0.        0.        0.        0.
    0.        0.        0.     ]
 [  0.        0.        0.        0.        0.        0.        0.
    0.       10.5239    0.        0.        0.        0.        0.
    0.        0.        0.        0.        0.        0.        0.
    0.        0.        0.     ]]
Pesos de INICIO:  <Compressed Sparse Row sparse matrix of dtype 'float64'
	with 19 stored elements and shape (24, 24)>
  Coords	Values
  (0, 8)	-12.991
  (0, 9)	-5.11626
  (1, 8)	72.3728
  (1, 9)	35.6969
  (2, 8)	-14.8875
  (2, 9)	2.54909
  (3, 9)	16.157
  (3, 23)	26.1543
  (4, 8)	40.5368
  (4, 9)	51.8867
  (5, 8)	9.42509
  (5, 10)	26.7021
  (6, 8)	35.9146
  (6, 9)	-11.3673
  (7, 8)	10.7469
  (7, 9)	52.8257
  (8, 2)	-60.4145
  (10, 9)	61.4909
  (23, 8)	10.5239
Compiling ...  OK 
[358.91]
[358.91, 382.641]
[358.91, 382.641, 359.302]
[358.91, 382.641, 359.302, 381.564]
[358.91, 382.641, 359.302, 381.564, 365.001]
[358.91, 382.641, 359.302, 381.564, 365.001, 381.861]
[358.91, 382.641, 359.302, 381.564, 365.001, 381.861, 381.271]
[358.91, 382.641, 359.302, 381.564, 365.001, 381.861, 381.271, 368.231]
[358.91, 382.641, 359.302, 381.564, 365.001, 381.861, 381.271, 368.231, 372.397]
[358.91, 382.641, 359.302, 381.564, 365.001, 381.861, 381.271, 368.231, 372.397, 364.413]
[358.91, 382.641, 359.302, 381.564, 365.001, 381.861, 381.271, 368.231, 372.397, 364.413, 372.737]
[358.91, 382.641, 359.302, 381.564, 365.001, 381.861, 381.271, 368.231, 372.397, 364.413, 372.737, 375.201]
[358.91, 382.641, 359.302, 381.564, 365.001, 381.861, 381.271, 368.231, 372.397, 364.413, 372.737, 375.201, 367.108]
[358.91, 382.641, 359.302, 381.564, 365.001, 381.861, 381.271, 368.231, 372.397, 364.413, 372.737, 375.201, 367.108, 383.267]
[358.91, 382.641, 359.302, 381.564, 365.001, 381.861, 381.271, 368.231, 372.397, 364.413, 372.737, 375.201, 367.108, 383.267, 362.829]
[358.91, 382.641, 359.302, 381.564, 365.001, 381.861, 381.271, 368.231, 372.397, 364.413, 372.737, 375.201, 367.108, 383.267, 362.829, 372.529]
[358.91, 382.641, 359.302, 381.564, 365.001, 381.861, 381.271, 368.231, 372.397, 364.413, 372.737, 375.201, 367.108, 383.267, 362.829, 372.529, 379.249]
[358.91, 382.641, 359.302, 381.564, 365.001, 381.861, 381.271, 368.231, 372.397, 364.413, 372.737, 375.201, 367.108, 383.267, 362.829, 372.529, 379.249, 380.181]
[358.91, 382.641, 359.302, 381.564, 365.001, 381.861, 381.271, 368.231, 372.397, 364.413, 372.737, 375.201, 367.108, 383.267, 362.829, 372.529, 379.249, 380.181, 384.753]
[358.91, 382.641, 359.302, 381.564, 365.001, 381.861, 381.271, 368.231, 372.397, 364.413, 372.737, 375.201, 367.108, 383.267, 362.829, 372.529, 379.249, 380.181, 384.753, 370.71]
[358.91, 382.641, 359.302, 381.564, 365.001, 381.861, 381.271, 368.231, 372.397, 364.413, 372.737, 375.201, 367.108, 383.267, 362.829, 372.529, 379.249, 380.181, 384.753, 370.71, 382.426]
[358.91, 382.641, 359.302, 381.564, 365.001, 381.861, 381.271, 368.231, 372.397, 364.413, 372.737, 375.201, 367.108, 383.267, 362.829, 372.529, 379.249, 380.181, 384.753, 370.71, 382.426, 363.572]
[358.91, 382.641, 359.302, 381.564, 365.001, 381.861, 381.271, 368.231, 372.397, 364.413, 372.737, 375.201, 367.108, 383.267, 362.829, 372.529, 379.249, 380.181, 384.753, 370.71, 382.426, 363.572, 362.401]
[358.91, 382.641, 359.302, 381.564, 365.001, 381.861, 381.271, 368.231, 372.397, 364.413, 372.737, 375.201, 367.108, 383.267, 362.829, 372.529, 379.249, 380.181, 384.753, 370.71, 382.426, 363.572, 362.401, 380.421]
[358.91, 382.641, 359.302, 381.564, 365.001, 381.861, 381.271, 368.231, 372.397, 364.413, 372.737, 375.201, 367.108, 383.267, 362.829, 372.529, 379.249, 380.181, 384.753, 370.71, 382.426, 363.572, 362.401, 380.421, 357.103]
[358.91, 382.641, 359.302, 381.564, 365.001, 381.861, 381.271, 368.231, 372.397, 364.413, 372.737, 375.201, 367.108, 383.267, 362.829, 372.529, 379.249, 380.181, 384.753, 370.71, 382.426, 363.572, 362.401, 380.421, 357.103, 362.553]
[358.91, 382.641, 359.302, 381.564, 365.001, 381.861, 381.271, 368.231, 372.397, 364.413, 372.737, 375.201, 367.108, 383.267, 362.829, 372.529, 379.249, 380.181, 384.753, 370.71, 382.426, 363.572, 362.401, 380.421, 357.103, 362.553, 348.72]
[358.91, 382.641, 359.302, 381.564, 365.001, 381.861, 381.271, 368.231, 372.397, 364.413, 372.737, 375.201, 367.108, 383.267, 362.829, 372.529, 379.249, 380.181, 384.753, 370.71, 382.426, 363.572, 362.401, 380.421, 357.103, 362.553, 348.72, 361.22]
[358.91, 382.641, 359.302, 381.564, 365.001, 381.861, 381.271, 368.231, 372.397, 364.413, 372.737, 375.201, 367.108, 383.267, 362.829, 372.529, 379.249, 380.181, 384.753, 370.71, 382.426, 363.572, 362.401, 380.421, 357.103, 362.553, 348.72, 361.22, 369.37]
[358.91, 382.641, 359.302, 381.564, 365.001, 381.861, 381.271, 368.231, 372.397, 364.413, 372.737, 375.201, 367.108, 383.267, 362.829, 372.529, 379.249, 380.181, 384.753, 370.71, 382.426, 363.572, 362.401, 380.421, 357.103, 362.553, 348.72, 361.22, 369.37, 369.2]
[358.91, 382.641, 359.302, 381.564, 365.001, 381.861, 381.271, 368.231, 372.397, 364.413, 372.737, 375.201, 367.108, 383.267, 362.829, 372.529, 379.249, 380.181, 384.753, 370.71, 382.426, 363.572, 362.401, 380.421, 357.103, 362.553, 348.72, 361.22, 369.37, 369.2, 373.37]
[358.91, 382.641, 359.302, 381.564, 365.001, 381.861, 381.271, 368.231, 372.397, 364.413, 372.737, 375.201, 367.108, 383.267, 362.829, 372.529, 379.249, 380.181, 384.753, 370.71, 382.426, 363.572, 362.401, 380.421, 357.103, 362.553, 348.72, 361.22, 369.37, 369.2, 373.37, 372.861]
[358.91, 382.641, 359.302, 381.564, 365.001, 381.861, 381.271, 368.231, 372.397, 364.413, 372.737, 375.201, 367.108, 383.267, 362.829, 372.529, 379.249, 380.181, 384.753, 370.71, 382.426, 363.572, 362.401, 380.421, 357.103, 362.553, 348.72, 361.22, 369.37, 369.2, 373.37, 372.861, 367.939]
