ANNarchy 4.8 (4.8.2.6) on linux (posix).
Pesos de INICIO:  [[ 0.         0.         0.         0.         0.         0.
   0.         0.        53.0729    16.0105   ]
 [ 0.         0.         0.         0.         0.         0.
   0.        -3.82901   50.388     37.9899   ]
 [ 0.         0.         0.         0.         0.         0.
   0.         0.        39.5045    43.4757   ]
 [ 0.         0.         0.         0.         0.         0.
   0.         0.        10.4285    -9.02223  ]
 [ 0.         0.         0.         0.         0.         0.
   0.         0.        17.3556    -0.0997276]
 [ 0.         0.         0.         0.         0.         0.
  17.8852     0.         6.04969   44.2692   ]
 [ 0.         0.         0.         0.         0.         0.
   0.         0.        37.6554    44.6341   ]
 [ 0.         0.         0.        14.7469    -5.70543    0.
   0.         0.        -9.11395   31.0872   ]
 [ 0.         0.         0.         0.         0.         0.
   0.         0.         0.         0.       ]
 [ 0.         0.         0.         0.         0.         0.
   0.         0.         0.         0.       ]]
Pesos de INICIO:  <Compressed Sparse Row sparse matrix of dtype 'float64'
	with 20 stored elements and shape (10, 10)>
  Coords	Values
  (0, 8)	53.0729
  (0, 9)	16.0105
  (1, 7)	-3.82901
  (1, 8)	50.388
  (1, 9)	37.9899
  (2, 8)	39.5045
  (2, 9)	43.4757
  (3, 8)	10.4285
  (3, 9)	-9.02223
  (4, 8)	17.3556
  (4, 9)	-0.0997276
  (5, 6)	17.8852
  (5, 8)	6.04969
  (5, 9)	44.2692
  (6, 8)	37.6554
  (6, 9)	44.6341
  (7, 3)	14.7469
  (7, 4)	-5.70543
  (7, 8)	-9.11395
  (7, 9)	31.0872
Compiling ...  OK 
[499.932]
[499.932, 499.588]
[499.932, 499.588, 499.016]
[499.932, 499.588, 499.016, 499.766]
[499.932, 499.588, 499.016, 499.766, 499.976]
[499.932, 499.588, 499.016, 499.766, 499.976, 499.698]
[499.932, 499.588, 499.016, 499.766, 499.976, 499.698, 499.833]
[499.932, 499.588, 499.016, 499.766, 499.976, 499.698, 499.833, 499.918]
[499.932, 499.588, 499.016, 499.766, 499.976, 499.698, 499.833, 499.918, 499.405]
[499.932, 499.588, 499.016, 499.766, 499.976, 499.698, 499.833, 499.918, 499.405, 499.683]
[499.932, 499.588, 499.016, 499.766, 499.976, 499.698, 499.833, 499.918, 499.405, 499.683, 499.946]
[499.932, 499.588, 499.016, 499.766, 499.976, 499.698, 499.833, 499.918, 499.405, 499.683, 499.946, 499.46]
[499.932, 499.588, 499.016, 499.766, 499.976, 499.698, 499.833, 499.918, 499.405, 499.683, 499.946, 499.46, 498.952]
[499.932, 499.588, 499.016, 499.766, 499.976, 499.698, 499.833, 499.918, 499.405, 499.683, 499.946, 499.46, 498.952, 499.048]
[499.932, 499.588, 499.016, 499.766, 499.976, 499.698, 499.833, 499.918, 499.405, 499.683, 499.946, 499.46, 498.952, 499.048, 499.075]
[499.932, 499.588, 499.016, 499.766, 499.976, 499.698, 499.833, 499.918, 499.405, 499.683, 499.946, 499.46, 498.952, 499.048, 499.075, 499.636]
[499.932, 499.588, 499.016, 499.766, 499.976, 499.698, 499.833, 499.918, 499.405, 499.683, 499.946, 499.46, 498.952, 499.048, 499.075, 499.636, 499.842]
[499.932, 499.588, 499.016, 499.766, 499.976, 499.698, 499.833, 499.918, 499.405, 499.683, 499.946, 499.46, 498.952, 499.048, 499.075, 499.636, 499.842, 499.846]
[499.932, 499.588, 499.016, 499.766, 499.976, 499.698, 499.833, 499.918, 499.405, 499.683, 499.946, 499.46, 498.952, 499.048, 499.075, 499.636, 499.842, 499.846, 499.117]
[499.932, 499.588, 499.016, 499.766, 499.976, 499.698, 499.833, 499.918, 499.405, 499.683, 499.946, 499.46, 498.952, 499.048, 499.075, 499.636, 499.842, 499.846, 499.117, 499.856]
[499.932, 499.588, 499.016, 499.766, 499.976, 499.698, 499.833, 499.918, 499.405, 499.683, 499.946, 499.46, 498.952, 499.048, 499.075, 499.636, 499.842, 499.846, 499.117, 499.856, 499.535]
[499.932, 499.588, 499.016, 499.766, 499.976, 499.698, 499.833, 499.918, 499.405, 499.683, 499.946, 499.46, 498.952, 499.048, 499.075, 499.636, 499.842, 499.846, 499.117, 499.856, 499.535, 499.949]
[499.932, 499.588, 499.016, 499.766, 499.976, 499.698, 499.833, 499.918, 499.405, 499.683, 499.946, 499.46, 498.952, 499.048, 499.075, 499.636, 499.842, 499.846, 499.117, 499.856, 499.535, 499.949, 499.249]
[499.932, 499.588, 499.016, 499.766, 499.976, 499.698, 499.833, 499.918, 499.405, 499.683, 499.946, 499.46, 498.952, 499.048, 499.075, 499.636, 499.842, 499.846, 499.117, 499.856, 499.535, 499.949, 499.249, 499.048]
[499.932, 499.588, 499.016, 499.766, 499.976, 499.698, 499.833, 499.918, 499.405, 499.683, 499.946, 499.46, 498.952, 499.048, 499.075, 499.636, 499.842, 499.846, 499.117, 499.856, 499.535, 499.949, 499.249, 499.048, 499.301]
[499.932, 499.588, 499.016, 499.766, 499.976, 499.698, 499.833, 499.918, 499.405, 499.683, 499.946, 499.46, 498.952, 499.048, 499.075, 499.636, 499.842, 499.846, 499.117, 499.856, 499.535, 499.949, 499.249, 499.048, 499.301, 499.762]
[499.932, 499.588, 499.016, 499.766, 499.976, 499.698, 499.833, 499.918, 499.405, 499.683, 499.946, 499.46, 498.952, 499.048, 499.075, 499.636, 499.842, 499.846, 499.117, 499.856, 499.535, 499.949, 499.249, 499.048, 499.301, 499.762, 499.034]
[499.932, 499.588, 499.016, 499.766, 499.976, 499.698, 499.833, 499.918, 499.405, 499.683, 499.946, 499.46, 498.952, 499.048, 499.075, 499.636, 499.842, 499.846, 499.117, 499.856, 499.535, 499.949, 499.249, 499.048, 499.301, 499.762, 499.034, 499.756]
[499.932, 499.588, 499.016, 499.766, 499.976, 499.698, 499.833, 499.918, 499.405, 499.683, 499.946, 499.46, 498.952, 499.048, 499.075, 499.636, 499.842, 499.846, 499.117, 499.856, 499.535, 499.949, 499.249, 499.048, 499.301, 499.762, 499.034, 499.756, 499.978]
[499.932, 499.588, 499.016, 499.766, 499.976, 499.698, 499.833, 499.918, 499.405, 499.683, 499.946, 499.46, 498.952, 499.048, 499.075, 499.636, 499.842, 499.846, 499.117, 499.856, 499.535, 499.949, 499.249, 499.048, 499.301, 499.762, 499.034, 499.756, 499.978, 499.542]
[499.932, 499.588, 499.016, 499.766, 499.976, 499.698, 499.833, 499.918, 499.405, 499.683, 499.946, 499.46, 498.952, 499.048, 499.075, 499.636, 499.842, 499.846, 499.117, 499.856, 499.535, 499.949, 499.249, 499.048, 499.301, 499.762, 499.034, 499.756, 499.978, 499.542, 499.467]
[499.932, 499.588, 499.016, 499.766, 499.976, 499.698, 499.833, 499.918, 499.405, 499.683, 499.946, 499.46, 498.952, 499.048, 499.075, 499.636, 499.842, 499.846, 499.117, 499.856, 499.535, 499.949, 499.249, 499.048, 499.301, 499.762, 499.034, 499.756, 499.978, 499.542, 499.467, 499.516]
[499.932, 499.588, 499.016, 499.766, 499.976, 499.698, 499.833, 499.918, 499.405, 499.683, 499.946, 499.46, 498.952, 499.048, 499.075, 499.636, 499.842, 499.846, 499.117, 499.856, 499.535, 499.949, 499.249, 499.048, 499.301, 499.762, 499.034, 499.756, 499.978, 499.542, 499.467, 499.516, 499.733]
