ANNarchy 4.8 (4.8.2.6) on linux (posix).
Pesos de INICIO:  [[  0.        0.        0.        0.        0.        0.        0.
    0.      -18.0245  -15.1163 ]
 [  0.        0.        0.        0.        0.        0.        0.
    0.       27.5995   32.9899 ]
 [  0.        0.        0.        0.        0.        0.        0.
    0.       67.8957   -7.45091]
 [  0.        0.        0.        0.        0.        0.        0.
    0.       64.0233   14.8893 ]
 [  0.        0.        0.        0.        0.        0.        0.
    0.      -18.5829  -17.9977 ]
 [  0.        0.        0.        0.        0.        0.        0.
    0.       14.4251   61.4909 ]
 [  0.        0.        0.        0.        0.        0.        0.
    0.       45.9146   39.6196 ]
 [  0.        0.        0.        0.        0.        0.        0.
    0.       -1.68811  67.8257 ]
 [  0.        0.        0.        0.        0.        0.        0.
    0.        0.        0.     ]
 [  0.        0.        0.        0.        0.        0.        0.
    0.        0.        0.     ]]
Pesos de INICIO:  <Compressed Sparse Row sparse matrix of dtype 'float64'
	with 16 stored elements and shape (10, 10)>
  Coords	Values
  (0, 8)	-18.0245
  (0, 9)	-15.1163
  (1, 8)	27.5995
  (1, 9)	32.9899
  (2, 8)	67.8957
  (2, 9)	-7.45091
  (3, 8)	64.0233
  (3, 9)	14.8893
  (4, 8)	-18.5829
  (4, 9)	-17.9977
  (5, 8)	14.4251
  (5, 9)	61.4909
  (6, 8)	45.9146
  (6, 9)	39.6196
  (7, 8)	-1.68811
  (7, 9)	67.8257
Compiling ...  OK 
[490.12]
[490.12, 489.127]
[490.12, 489.127, 493.824]
[490.12, 489.127, 493.824, 493.084]
[490.12, 489.127, 493.824, 493.084, 490.685]
[490.12, 489.127, 493.824, 493.084, 490.685, 492.009]
[490.12, 489.127, 493.824, 493.084, 490.685, 492.009, 494.369]
[490.12, 489.127, 493.824, 493.084, 490.685, 492.009, 494.369, 493.307]
[490.12, 489.127, 493.824, 493.084, 490.685, 492.009, 494.369, 493.307, 492.924]
[490.12, 489.127, 493.824, 493.084, 490.685, 492.009, 494.369, 493.307, 492.924, 491.793]
[490.12, 489.127, 493.824, 493.084, 490.685, 492.009, 494.369, 493.307, 492.924, 491.793, 493.884]
[490.12, 489.127, 493.824, 493.084, 490.685, 492.009, 494.369, 493.307, 492.924, 491.793, 493.884, 492.551]
[490.12, 489.127, 493.824, 493.084, 490.685, 492.009, 494.369, 493.307, 492.924, 491.793, 493.884, 492.551, 490.848]
[490.12, 489.127, 493.824, 493.084, 490.685, 492.009, 494.369, 493.307, 492.924, 491.793, 493.884, 492.551, 490.848, 493.385]
[490.12, 489.127, 493.824, 493.084, 490.685, 492.009, 494.369, 493.307, 492.924, 491.793, 493.884, 492.551, 490.848, 493.385, 493.644]
[490.12, 489.127, 493.824, 493.084, 490.685, 492.009, 494.369, 493.307, 492.924, 491.793, 493.884, 492.551, 490.848, 493.385, 493.644, 492.576]
[490.12, 489.127, 493.824, 493.084, 490.685, 492.009, 494.369, 493.307, 492.924, 491.793, 493.884, 492.551, 490.848, 493.385, 493.644, 492.576, 492.702]
[490.12, 489.127, 493.824, 493.084, 490.685, 492.009, 494.369, 493.307, 492.924, 491.793, 493.884, 492.551, 490.848, 493.385, 493.644, 492.576, 492.702, 493.107]
[490.12, 489.127, 493.824, 493.084, 490.685, 492.009, 494.369, 493.307, 492.924, 491.793, 493.884, 492.551, 490.848, 493.385, 493.644, 492.576, 492.702, 493.107, 489.987]
[490.12, 489.127, 493.824, 493.084, 490.685, 492.009, 494.369, 493.307, 492.924, 491.793, 493.884, 492.551, 490.848, 493.385, 493.644, 492.576, 492.702, 493.107, 489.987, 493.372]
[490.12, 489.127, 493.824, 493.084, 490.685, 492.009, 494.369, 493.307, 492.924, 491.793, 493.884, 492.551, 490.848, 493.385, 493.644, 492.576, 492.702, 493.107, 489.987, 493.372, 489.923]
[490.12, 489.127, 493.824, 493.084, 490.685, 492.009, 494.369, 493.307, 492.924, 491.793, 493.884, 492.551, 490.848, 493.385, 493.644, 492.576, 492.702, 493.107, 489.987, 493.372, 489.923, 492.117]
[490.12, 489.127, 493.824, 493.084, 490.685, 492.009, 494.369, 493.307, 492.924, 491.793, 493.884, 492.551, 490.848, 493.385, 493.644, 492.576, 492.702, 493.107, 489.987, 493.372, 489.923, 492.117, 490.208]
[490.12, 489.127, 493.824, 493.084, 490.685, 492.009, 494.369, 493.307, 492.924, 491.793, 493.884, 492.551, 490.848, 493.385, 493.644, 492.576, 492.702, 493.107, 489.987, 493.372, 489.923, 492.117, 490.208, 494.998]
[490.12, 489.127, 493.824, 493.084, 490.685, 492.009, 494.369, 493.307, 492.924, 491.793, 493.884, 492.551, 490.848, 493.385, 493.644, 492.576, 492.702, 493.107, 489.987, 493.372, 489.923, 492.117, 490.208, 494.998, 493.171]
[490.12, 489.127, 493.824, 493.084, 490.685, 492.009, 494.369, 493.307, 492.924, 491.793, 493.884, 492.551, 490.848, 493.385, 493.644, 492.576, 492.702, 493.107, 489.987, 493.372, 489.923, 492.117, 490.208, 494.998, 493.171, 491.581]
[490.12, 489.127, 493.824, 493.084, 490.685, 492.009, 494.369, 493.307, 492.924, 491.793, 493.884, 492.551, 490.848, 493.385, 493.644, 492.576, 492.702, 493.107, 489.987, 493.372, 489.923, 492.117, 490.208, 494.998, 493.171, 491.581, 493.46]
[490.12, 489.127, 493.824, 493.084, 490.685, 492.009, 494.369, 493.307, 492.924, 491.793, 493.884, 492.551, 490.848, 493.385, 493.644, 492.576, 492.702, 493.107, 489.987, 493.372, 489.923, 492.117, 490.208, 494.998, 493.171, 491.581, 493.46, 493.664]
[490.12, 489.127, 493.824, 493.084, 490.685, 492.009, 494.369, 493.307, 492.924, 491.793, 493.884, 492.551, 490.848, 493.385, 493.644, 492.576, 492.702, 493.107, 489.987, 493.372, 489.923, 492.117, 490.208, 494.998, 493.171, 491.581, 493.46, 493.664, 494.539]
[490.12, 489.127, 493.824, 493.084, 490.685, 492.009, 494.369, 493.307, 492.924, 491.793, 493.884, 492.551, 490.848, 493.385, 493.644, 492.576, 492.702, 493.107, 489.987, 493.372, 489.923, 492.117, 490.208, 494.998, 493.171, 491.581, 493.46, 493.664, 494.539, 494.978]
[490.12, 489.127, 493.824, 493.084, 490.685, 492.009, 494.369, 493.307, 492.924, 491.793, 493.884, 492.551, 490.848, 493.385, 493.644, 492.576, 492.702, 493.107, 489.987, 493.372, 489.923, 492.117, 490.208, 494.998, 493.171, 491.581, 493.46, 493.664, 494.539, 494.978, 492.954]
[490.12, 489.127, 493.824, 493.084, 490.685, 492.009, 494.369, 493.307, 492.924, 491.793, 493.884, 492.551, 490.848, 493.385, 493.644, 492.576, 492.702, 493.107, 489.987, 493.372, 489.923, 492.117, 490.208, 494.998, 493.171, 491.581, 493.46, 493.664, 494.539, 494.978, 492.954, 494.186]
[490.12, 489.127, 493.824, 493.084, 490.685, 492.009, 494.369, 493.307, 492.924, 491.793, 493.884, 492.551, 490.848, 493.385, 493.644, 492.576, 492.702, 493.107, 489.987, 493.372, 489.923, 492.117, 490.208, 494.998, 493.171, 491.581, 493.46, 493.664, 494.539, 494.978, 492.954, 494.186, 494.858]
