ANNarchy 4.8 (4.8.2.6) on linux (posix).
Pesos de INICIO:  [[0. 0. 0. ... 0. 0. 0.]
 [0. 0. 0. ... 0. 0. 0.]
 [0. 0. 0. ... 0. 0. 0.]
 ...
 [0. 0. 0. ... 0. 0. 0.]
 [0. 0. 0. ... 0. 0. 0.]
 [0. 0. 0. ... 0. 0. 0.]]
Pesos de INICIO:  <Compressed Sparse Row sparse matrix of dtype 'float64'
	with 25 stored elements and shape (39, 39)>
  Coords	Values
  (0, 8)	-12.991
  (0, 9)	-19.3995
  (0, 18)	-45.3287
  (1, 8)	72.3728
  (1, 9)	64.391
  (2, 8)	41.8447
  (2, 9)	7.54909
  (3, 8)	31.8515
  (3, 9)	20.0709
  (4, 8)	21.2154
  (4, 9)	62.8278
  (5, 8)	14.4251
  (5, 9)	66.4909
  (5, 36)	-21.0931
  (6, 4)	-34.7674
  (6, 8)	45.9146
  (6, 37)	3.98712
  (7, 8)	0.746891
  (14, 8)	19.4251
  (16, 38)	1.04342
  (18, 8)	-12.991
  (28, 14)	19.5963
  (36, 28)	-15.68
  (37, 16)	-0.221237
  (38, 9)	-16.3673
Compiling ...  OK 
[463.475]
[463.475, 466.328]
[463.475, 466.328, 458.418]
[463.475, 466.328, 458.418, 466.337]
[463.475, 466.328, 458.418, 466.337, 462.833]
[463.475, 466.328, 458.418, 466.337, 462.833, 460.558]
[463.475, 466.328, 458.418, 466.337, 462.833, 460.558, 464.405]
[463.475, 466.328, 458.418, 466.337, 462.833, 460.558, 464.405, 466.622]
[463.475, 466.328, 458.418, 466.337, 462.833, 460.558, 464.405, 466.622, 460.836]
[463.475, 466.328, 458.418, 466.337, 462.833, 460.558, 464.405, 466.622, 460.836, 467.277]
[463.475, 466.328, 458.418, 466.337, 462.833, 460.558, 464.405, 466.622, 460.836, 467.277, 469.934]
[463.475, 466.328, 458.418, 466.337, 462.833, 460.558, 464.405, 466.622, 460.836, 467.277, 469.934, 465.254]
[463.475, 466.328, 458.418, 466.337, 462.833, 460.558, 464.405, 466.622, 460.836, 467.277, 469.934, 465.254, 460.825]
[463.475, 466.328, 458.418, 466.337, 462.833, 460.558, 464.405, 466.622, 460.836, 467.277, 469.934, 465.254, 460.825, 464.871]
[463.475, 466.328, 458.418, 466.337, 462.833, 460.558, 464.405, 466.622, 460.836, 467.277, 469.934, 465.254, 460.825, 464.871, 461.037]
[463.475, 466.328, 458.418, 466.337, 462.833, 460.558, 464.405, 466.622, 460.836, 467.277, 469.934, 465.254, 460.825, 464.871, 461.037, 466.183]
[463.475, 466.328, 458.418, 466.337, 462.833, 460.558, 464.405, 466.622, 460.836, 467.277, 469.934, 465.254, 460.825, 464.871, 461.037, 466.183, 464.3]
[463.475, 466.328, 458.418, 466.337, 462.833, 460.558, 464.405, 466.622, 460.836, 467.277, 469.934, 465.254, 460.825, 464.871, 461.037, 466.183, 464.3, 460.922]
[463.475, 466.328, 458.418, 466.337, 462.833, 460.558, 464.405, 466.622, 460.836, 467.277, 469.934, 465.254, 460.825, 464.871, 461.037, 466.183, 464.3, 460.922, 459.728]
[463.475, 466.328, 458.418, 466.337, 462.833, 460.558, 464.405, 466.622, 460.836, 467.277, 469.934, 465.254, 460.825, 464.871, 461.037, 466.183, 464.3, 460.922, 459.728, 467.29]
[463.475, 466.328, 458.418, 466.337, 462.833, 460.558, 464.405, 466.622, 460.836, 467.277, 469.934, 465.254, 460.825, 464.871, 461.037, 466.183, 464.3, 460.922, 459.728, 467.29, 463.88]
[463.475, 466.328, 458.418, 466.337, 462.833, 460.558, 464.405, 466.622, 460.836, 467.277, 469.934, 465.254, 460.825, 464.871, 461.037, 466.183, 464.3, 460.922, 459.728, 467.29, 463.88, 466.281]
[463.475, 466.328, 458.418, 466.337, 462.833, 460.558, 464.405, 466.622, 460.836, 467.277, 469.934, 465.254, 460.825, 464.871, 461.037, 466.183, 464.3, 460.922, 459.728, 467.29, 463.88, 466.281, 464.667]
[463.475, 466.328, 458.418, 466.337, 462.833, 460.558, 464.405, 466.622, 460.836, 467.277, 469.934, 465.254, 460.825, 464.871, 461.037, 466.183, 464.3, 460.922, 459.728, 467.29, 463.88, 466.281, 464.667, 462.06]
[463.475, 466.328, 458.418, 466.337, 462.833, 460.558, 464.405, 466.622, 460.836, 467.277, 469.934, 465.254, 460.825, 464.871, 461.037, 466.183, 464.3, 460.922, 459.728, 467.29, 463.88, 466.281, 464.667, 462.06, 469.945]
[463.475, 466.328, 458.418, 466.337, 462.833, 460.558, 464.405, 466.622, 460.836, 467.277, 469.934, 465.254, 460.825, 464.871, 461.037, 466.183, 464.3, 460.922, 459.728, 467.29, 463.88, 466.281, 464.667, 462.06, 469.945, 466.928]
[463.475, 466.328, 458.418, 466.337, 462.833, 460.558, 464.405, 466.622, 460.836, 467.277, 469.934, 465.254, 460.825, 464.871, 461.037, 466.183, 464.3, 460.922, 459.728, 467.29, 463.88, 466.281, 464.667, 462.06, 469.945, 466.928, 461.968]
[463.475, 466.328, 458.418, 466.337, 462.833, 460.558, 464.405, 466.622, 460.836, 467.277, 469.934, 465.254, 460.825, 464.871, 461.037, 466.183, 464.3, 460.922, 459.728, 467.29, 463.88, 466.281, 464.667, 462.06, 469.945, 466.928, 461.968, 463.968]
[463.475, 466.328, 458.418, 466.337, 462.833, 460.558, 464.405, 466.622, 460.836, 467.277, 469.934, 465.254, 460.825, 464.871, 461.037, 466.183, 464.3, 460.922, 459.728, 467.29, 463.88, 466.281, 464.667, 462.06, 469.945, 466.928, 461.968, 463.968, 465.751]
[463.475, 466.328, 458.418, 466.337, 462.833, 460.558, 464.405, 466.622, 460.836, 467.277, 469.934, 465.254, 460.825, 464.871, 461.037, 466.183, 464.3, 460.922, 459.728, 467.29, 463.88, 466.281, 464.667, 462.06, 469.945, 466.928, 461.968, 463.968, 465.751, 463.244]
[463.475, 466.328, 458.418, 466.337, 462.833, 460.558, 464.405, 466.622, 460.836, 467.277, 469.934, 465.254, 460.825, 464.871, 461.037, 466.183, 464.3, 460.922, 459.728, 467.29, 463.88, 466.281, 464.667, 462.06, 469.945, 466.928, 461.968, 463.968, 465.751, 463.244, 465.099]
[463.475, 466.328, 458.418, 466.337, 462.833, 460.558, 464.405, 466.622, 460.836, 467.277, 469.934, 465.254, 460.825, 464.871, 461.037, 466.183, 464.3, 460.922, 459.728, 467.29, 463.88, 466.281, 464.667, 462.06, 469.945, 466.928, 461.968, 463.968, 465.751, 463.244, 465.099, 459.527]
[463.475, 466.328, 458.418, 466.337, 462.833, 460.558, 464.405, 466.622, 460.836, 467.277, 469.934, 465.254, 460.825, 464.871, 461.037, 466.183, 464.3, 460.922, 459.728, 467.29, 463.88, 466.281, 464.667, 462.06, 469.945, 466.928, 461.968, 463.968, 465.751, 463.244, 465.099, 459.527, 465.681]
