ANNarchy 4.8 (4.8.2.6) on linux (posix).
Pesos de INICIO:  [[  0.        0.        0.        0.        0.        0.        0.
    0.       49.5889   12.8374    0.        0.        0.     ]
 [  0.        0.        0.        0.        0.        0.        0.
    0.       44.0438   64.391     0.        0.        0.     ]
 [  0.        0.        0.        0.        0.        0.        0.
    0.       72.0914   43.4757    0.        0.        0.     ]
 [  0.        0.        0.        0.        0.        0.        0.
    0.       31.8515   10.7265    0.        0.        0.     ]
 [  0.        0.        0.        0.        0.        0.        0.
    0.       38.2441   51.8867    0.        0.        0.     ]
 [  0.        0.        0.        0.        0.        0.        0.
    0.        1.04969  57.7384    0.        0.       45.494  ]
 [-27.6325    0.        0.        0.       -6.51322   0.        0.
    0.       53.6125  -11.7107    0.        0.        0.     ]
 [  0.        0.        0.        0.        0.        0.        0.
    0.      -13.6439   48.5722    0.        0.        0.     ]
 [  0.        0.        0.        0.        0.        0.        0.
    0.        0.        0.        0.        0.        0.     ]
 [  0.        0.        0.        0.        0.        0.        0.
    0.        0.        0.        0.        0.        0.     ]
 [  0.        0.        0.        0.        0.        0.        0.
    0.        0.        0.        0.        0.        0.     ]
 [  0.        0.        0.        0.        0.        0.        0.
    0.        0.        0.        0.        0.        0.     ]
 [  0.      -39.9229    0.        0.        0.        0.        0.
    0.        0.      -19.1191    0.        0.        0.     ]]
Pesos de INICIO:  <Compressed Sparse Row sparse matrix of dtype 'float64'
	with 21 stored elements and shape (13, 13)>
  Coords	Values
  (0, 8)	49.5889
  (0, 9)	12.8374
  (1, 8)	44.0438
  (1, 9)	64.391
  (2, 8)	72.0914
  (2, 9)	43.4757
  (3, 8)	31.8515
  (3, 9)	10.7265
  (4, 8)	38.2441
  (4, 9)	51.8867
  (5, 8)	1.04969
  (5, 9)	57.7384
  (5, 12)	45.494
  (6, 0)	-27.6325
  (6, 4)	-6.51322
  (6, 8)	53.6125
  (6, 9)	-11.7107
  (7, 8)	-13.6439
  (7, 9)	48.5722
  (12, 1)	-39.9229
  (12, 9)	-19.1191
Compiling ...  OK 
[190.6]
[190.6, 187.305]
[190.6, 187.305, 188.823]
[190.6, 187.305, 188.823, 188.025]
[190.6, 187.305, 188.823, 188.025, 188.759]
[190.6, 187.305, 188.823, 188.025, 188.759, 187.195]
[190.6, 187.305, 188.823, 188.025, 188.759, 187.195, 188.77]
[190.6, 187.305, 188.823, 188.025, 188.759, 187.195, 188.77, 189.741]
[190.6, 187.305, 188.823, 188.025, 188.759, 187.195, 188.77, 189.741, 187.312]
[190.6, 187.305, 188.823, 188.025, 188.759, 187.195, 188.77, 189.741, 187.312, 188.033]
[190.6, 187.305, 188.823, 188.025, 188.759, 187.195, 188.77, 189.741, 187.312, 188.033, 188.241]
[190.6, 187.305, 188.823, 188.025, 188.759, 187.195, 188.77, 189.741, 187.312, 188.033, 188.241, 189.533]
[190.6, 187.305, 188.823, 188.025, 188.759, 187.195, 188.77, 189.741, 187.312, 188.033, 188.241, 189.533, 189.114]
[190.6, 187.305, 188.823, 188.025, 188.759, 187.195, 188.77, 189.741, 187.312, 188.033, 188.241, 189.533, 189.114, 187.927]
[190.6, 187.305, 188.823, 188.025, 188.759, 187.195, 188.77, 189.741, 187.312, 188.033, 188.241, 189.533, 189.114, 187.927, 188.657]
[190.6, 187.305, 188.823, 188.025, 188.759, 187.195, 188.77, 189.741, 187.312, 188.033, 188.241, 189.533, 189.114, 187.927, 188.657, 191.354]
[190.6, 187.305, 188.823, 188.025, 188.759, 187.195, 188.77, 189.741, 187.312, 188.033, 188.241, 189.533, 189.114, 187.927, 188.657, 191.354, 188.826]
[190.6, 187.305, 188.823, 188.025, 188.759, 187.195, 188.77, 189.741, 187.312, 188.033, 188.241, 189.533, 189.114, 187.927, 188.657, 191.354, 188.826, 188.248]
[190.6, 187.305, 188.823, 188.025, 188.759, 187.195, 188.77, 189.741, 187.312, 188.033, 188.241, 189.533, 189.114, 187.927, 188.657, 191.354, 188.826, 188.248, 186.244]
[190.6, 187.305, 188.823, 188.025, 188.759, 187.195, 188.77, 189.741, 187.312, 188.033, 188.241, 189.533, 189.114, 187.927, 188.657, 191.354, 188.826, 188.248, 186.244, 188.111]
[190.6, 187.305, 188.823, 188.025, 188.759, 187.195, 188.77, 189.741, 187.312, 188.033, 188.241, 189.533, 189.114, 187.927, 188.657, 191.354, 188.826, 188.248, 186.244, 188.111, 189.252]
[190.6, 187.305, 188.823, 188.025, 188.759, 187.195, 188.77, 189.741, 187.312, 188.033, 188.241, 189.533, 189.114, 187.927, 188.657, 191.354, 188.826, 188.248, 186.244, 188.111, 189.252, 188.835]
[190.6, 187.305, 188.823, 188.025, 188.759, 187.195, 188.77, 189.741, 187.312, 188.033, 188.241, 189.533, 189.114, 187.927, 188.657, 191.354, 188.826, 188.248, 186.244, 188.111, 189.252, 188.835, 188.373]
[190.6, 187.305, 188.823, 188.025, 188.759, 187.195, 188.77, 189.741, 187.312, 188.033, 188.241, 189.533, 189.114, 187.927, 188.657, 191.354, 188.826, 188.248, 186.244, 188.111, 189.252, 188.835, 188.373, 186.593]
[190.6, 187.305, 188.823, 188.025, 188.759, 187.195, 188.77, 189.741, 187.312, 188.033, 188.241, 189.533, 189.114, 187.927, 188.657, 191.354, 188.826, 188.248, 186.244, 188.111, 189.252, 188.835, 188.373, 186.593, 191.773]
[190.6, 187.305, 188.823, 188.025, 188.759, 187.195, 188.77, 189.741, 187.312, 188.033, 188.241, 189.533, 189.114, 187.927, 188.657, 191.354, 188.826, 188.248, 186.244, 188.111, 189.252, 188.835, 188.373, 186.593, 191.773, 190.667]
[190.6, 187.305, 188.823, 188.025, 188.759, 187.195, 188.77, 189.741, 187.312, 188.033, 188.241, 189.533, 189.114, 187.927, 188.657, 191.354, 188.826, 188.248, 186.244, 188.111, 189.252, 188.835, 188.373, 186.593, 191.773, 190.667, 190.405]
[190.6, 187.305, 188.823, 188.025, 188.759, 187.195, 188.77, 189.741, 187.312, 188.033, 188.241, 189.533, 189.114, 187.927, 188.657, 191.354, 188.826, 188.248, 186.244, 188.111, 189.252, 188.835, 188.373, 186.593, 191.773, 190.667, 190.405, 186.546]
[190.6, 187.305, 188.823, 188.025, 188.759, 187.195, 188.77, 189.741, 187.312, 188.033, 188.241, 189.533, 189.114, 187.927, 188.657, 191.354, 188.826, 188.248, 186.244, 188.111, 189.252, 188.835, 188.373, 186.593, 191.773, 190.667, 190.405, 186.546, 187.944]
[190.6, 187.305, 188.823, 188.025, 188.759, 187.195, 188.77, 189.741, 187.312, 188.033, 188.241, 189.533, 189.114, 187.927, 188.657, 191.354, 188.826, 188.248, 186.244, 188.111, 189.252, 188.835, 188.373, 186.593, 191.773, 190.667, 190.405, 186.546, 187.944, 187.588]
[190.6, 187.305, 188.823, 188.025, 188.759, 187.195, 188.77, 189.741, 187.312, 188.033, 188.241, 189.533, 189.114, 187.927, 188.657, 191.354, 188.826, 188.248, 186.244, 188.111, 189.252, 188.835, 188.373, 186.593, 191.773, 190.667, 190.405, 186.546, 187.944, 187.588, 188.599]
[190.6, 187.305, 188.823, 188.025, 188.759, 187.195, 188.77, 189.741, 187.312, 188.033, 188.241, 189.533, 189.114, 187.927, 188.657, 191.354, 188.826, 188.248, 186.244, 188.111, 189.252, 188.835, 188.373, 186.593, 191.773, 190.667, 190.405, 186.546, 187.944, 187.588, 188.599, 188.802]
[190.6, 187.305, 188.823, 188.025, 188.759, 187.195, 188.77, 189.741, 187.312, 188.033, 188.241, 189.533, 189.114, 187.927, 188.657, 191.354, 188.826, 188.248, 186.244, 188.111, 189.252, 188.835, 188.373, 186.593, 191.773, 190.667, 190.405, 186.546, 187.944, 187.588, 188.599, 188.802, 189.003]
