ANNarchy 4.8 (4.8.2.6) on linux (posix).
Pesos de INICIO:  [[ 0.      0.      0.     ...  0.      0.      0.    ]
 [78.8464  0.      0.     ...  0.      0.      0.    ]
 [ 0.      0.      0.     ...  0.      0.      0.    ]
 ...
 [ 0.      0.      0.     ...  0.      0.      0.    ]
 [ 0.      0.      0.     ...  0.      0.      0.    ]
 [ 0.      0.      0.     ...  0.      0.      0.    ]]
Pesos de INICIO:  <Compressed Sparse Row sparse matrix of dtype 'float64'
	with 30 stored elements and shape (50, 50)>
  Coords	Values
  (0, 14)	-61.294
  (1, 0)	78.8464
  (1, 9)	30.3461
  (1, 18)	-12.4591
  (2, 4)	38.9785
  (2, 8)	47.9904
  (2, 9)	44.5134
  (3, 8)	62.6769
  (3, 9)	14.0829
  (4, 8)	7.35558
  (5, 8)	1.4524
  (5, 9)	61.4909
  (6, 8)	48.8959
  (6, 33)	-13.0886
  (7, 8)	-14.114
  (7, 21)	54.8982
  (7, 43)	10.1434
  (7, 46)	-46.8231
  (8, 2)	50.5237
  (10, 2)	39.6315
  (11, 5)	-27.1065
  (14, 9)	-1.37352
  (18, 8)	0.713919
  (21, 9)	64.5123
  (24, 9)	-16.3673
  (33, 24)	64.0017
  (39, 21)	44.8982
  (43, 39)	34.032
  (46, 49)	-32.144
  (49, 43)	15.1434
Compiling ...  OK 
[212.648]
[212.648, 206.936]
[212.648, 206.936, 217.897]
[212.648, 206.936, 217.897, 213.842]
[212.648, 206.936, 217.897, 213.842, 211.544]
[212.648, 206.936, 217.897, 213.842, 211.544, 211.584]
[212.648, 206.936, 217.897, 213.842, 211.544, 211.584, 210.871]
[212.648, 206.936, 217.897, 213.842, 211.544, 211.584, 210.871, 209.868]
[212.648, 206.936, 217.897, 213.842, 211.544, 211.584, 210.871, 209.868, 209.345]
[212.648, 206.936, 217.897, 213.842, 211.544, 211.584, 210.871, 209.868, 209.345, 212.096]
[212.648, 206.936, 217.897, 213.842, 211.544, 211.584, 210.871, 209.868, 209.345, 212.096, 214.968]
[212.648, 206.936, 217.897, 213.842, 211.544, 211.584, 210.871, 209.868, 209.345, 212.096, 214.968, 211.223]
[212.648, 206.936, 217.897, 213.842, 211.544, 211.584, 210.871, 209.868, 209.345, 212.096, 214.968, 211.223, 213.185]
[212.648, 206.936, 217.897, 213.842, 211.544, 211.584, 210.871, 209.868, 209.345, 212.096, 214.968, 211.223, 213.185, 210.63]
[212.648, 206.936, 217.897, 213.842, 211.544, 211.584, 210.871, 209.868, 209.345, 212.096, 214.968, 211.223, 213.185, 210.63, 214.752]
[212.648, 206.936, 217.897, 213.842, 211.544, 211.584, 210.871, 209.868, 209.345, 212.096, 214.968, 211.223, 213.185, 210.63, 214.752, 213.129]
[212.648, 206.936, 217.897, 213.842, 211.544, 211.584, 210.871, 209.868, 209.345, 212.096, 214.968, 211.223, 213.185, 210.63, 214.752, 213.129, 209.752]
[212.648, 206.936, 217.897, 213.842, 211.544, 211.584, 210.871, 209.868, 209.345, 212.096, 214.968, 211.223, 213.185, 210.63, 214.752, 213.129, 209.752, 209.659]
[212.648, 206.936, 217.897, 213.842, 211.544, 211.584, 210.871, 209.868, 209.345, 212.096, 214.968, 211.223, 213.185, 210.63, 214.752, 213.129, 209.752, 209.659, 209.517]
[212.648, 206.936, 217.897, 213.842, 211.544, 211.584, 210.871, 209.868, 209.345, 212.096, 214.968, 211.223, 213.185, 210.63, 214.752, 213.129, 209.752, 209.659, 209.517, 209.488]
[212.648, 206.936, 217.897, 213.842, 211.544, 211.584, 210.871, 209.868, 209.345, 212.096, 214.968, 211.223, 213.185, 210.63, 214.752, 213.129, 209.752, 209.659, 209.517, 209.488, 215.434]
[212.648, 206.936, 217.897, 213.842, 211.544, 211.584, 210.871, 209.868, 209.345, 212.096, 214.968, 211.223, 213.185, 210.63, 214.752, 213.129, 209.752, 209.659, 209.517, 209.488, 215.434, 211.767]
[212.648, 206.936, 217.897, 213.842, 211.544, 211.584, 210.871, 209.868, 209.345, 212.096, 214.968, 211.223, 213.185, 210.63, 214.752, 213.129, 209.752, 209.659, 209.517, 209.488, 215.434, 211.767, 210.282]
[212.648, 206.936, 217.897, 213.842, 211.544, 211.584, 210.871, 209.868, 209.345, 212.096, 214.968, 211.223, 213.185, 210.63, 214.752, 213.129, 209.752, 209.659, 209.517, 209.488, 215.434, 211.767, 210.282, 211.941]
[212.648, 206.936, 217.897, 213.842, 211.544, 211.584, 210.871, 209.868, 209.345, 212.096, 214.968, 211.223, 213.185, 210.63, 214.752, 213.129, 209.752, 209.659, 209.517, 209.488, 215.434, 211.767, 210.282, 211.941, 210.474]
[212.648, 206.936, 217.897, 213.842, 211.544, 211.584, 210.871, 209.868, 209.345, 212.096, 214.968, 211.223, 213.185, 210.63, 214.752, 213.129, 209.752, 209.659, 209.517, 209.488, 215.434, 211.767, 210.282, 211.941, 210.474, 211.082]
[212.648, 206.936, 217.897, 213.842, 211.544, 211.584, 210.871, 209.868, 209.345, 212.096, 214.968, 211.223, 213.185, 210.63, 214.752, 213.129, 209.752, 209.659, 209.517, 209.488, 215.434, 211.767, 210.282, 211.941, 210.474, 211.082, 213.489]
[212.648, 206.936, 217.897, 213.842, 211.544, 211.584, 210.871, 209.868, 209.345, 212.096, 214.968, 211.223, 213.185, 210.63, 214.752, 213.129, 209.752, 209.659, 209.517, 209.488, 215.434, 211.767, 210.282, 211.941, 210.474, 211.082, 213.489, 212.829]
[212.648, 206.936, 217.897, 213.842, 211.544, 211.584, 210.871, 209.868, 209.345, 212.096, 214.968, 211.223, 213.185, 210.63, 214.752, 213.129, 209.752, 209.659, 209.517, 209.488, 215.434, 211.767, 210.282, 211.941, 210.474, 211.082, 213.489, 212.829, 211.299]
[212.648, 206.936, 217.897, 213.842, 211.544, 211.584, 210.871, 209.868, 209.345, 212.096, 214.968, 211.223, 213.185, 210.63, 214.752, 213.129, 209.752, 209.659, 209.517, 209.488, 215.434, 211.767, 210.282, 211.941, 210.474, 211.082, 213.489, 212.829, 211.299, 212.479]
[212.648, 206.936, 217.897, 213.842, 211.544, 211.584, 210.871, 209.868, 209.345, 212.096, 214.968, 211.223, 213.185, 210.63, 214.752, 213.129, 209.752, 209.659, 209.517, 209.488, 215.434, 211.767, 210.282, 211.941, 210.474, 211.082, 213.489, 212.829, 211.299, 212.479, 211.727]
[212.648, 206.936, 217.897, 213.842, 211.544, 211.584, 210.871, 209.868, 209.345, 212.096, 214.968, 211.223, 213.185, 210.63, 214.752, 213.129, 209.752, 209.659, 209.517, 209.488, 215.434, 211.767, 210.282, 211.941, 210.474, 211.082, 213.489, 212.829, 211.299, 212.479, 211.727, 211.382]
[212.648, 206.936, 217.897, 213.842, 211.544, 211.584, 210.871, 209.868, 209.345, 212.096, 214.968, 211.223, 213.185, 210.63, 214.752, 213.129, 209.752, 209.659, 209.517, 209.488, 215.434, 211.767, 210.282, 211.941, 210.474, 211.082, 213.489, 212.829, 211.299, 212.479, 211.727, 211.382, 211.702]
