ANNarchy 4.8 (4.8.2.6) on linux (posix).
Pesos de INICIO:  [[0. 0. 0. ... 0. 0. 0.]
 [0. 0. 0. ... 0. 0. 0.]
 [0. 0. 0. ... 0. 0. 0.]
 ...
 [0. 0. 0. ... 0. 0. 0.]
 [0. 0. 0. ... 0. 0. 0.]
 [0. 0. 0. ... 0. 0. 0.]]
Pesos de INICIO:  <Compressed Sparse Row sparse matrix of dtype 'float64'
	with 27 stored elements and shape (39, 39)>
  Coords	Values
  (0, 9)	-10.1163
  (0, 13)	-19.762
  (2, 4)	9.32385
  (2, 8)	42.9904
  (2, 9)	-2.0863
  (2, 12)	2.67719
  (3, 6)	-49.2516
  (3, 8)	45.313
  (3, 9)	14.0829
  (4, 8)	15.7193
  (4, 9)	3.28921
  (4, 28)	7.44171
  (5, 8)	6.04969
  (5, 9)	53.4178
  (6, 9)	-26.3673
  (6, 10)	-25.2589
  (7, 8)	-19.114
  (7, 9)	52.8257
  (8, 14)	3.38614
  (10, 8)	45.9146
  (10, 25)	-47.7024
  (12, 9)	2.54909
  (13, 8)	34.8144
  (25, 8)	43.6125
  (28, 9)	8.28921
  (28, 38)	-73.5972
  (38, 9)	8.28921
Compiling ...  OK 
[288.907]
[288.907, 292.65]
[288.907, 292.65, 294.799]
[288.907, 292.65, 294.799, 289.592]
[288.907, 292.65, 294.799, 289.592, 292.664]
[288.907, 292.65, 294.799, 289.592, 292.664, 296.168]
[288.907, 292.65, 294.799, 289.592, 292.664, 296.168, 301.746]
[288.907, 292.65, 294.799, 289.592, 292.664, 296.168, 301.746, 280.693]
[288.907, 292.65, 294.799, 289.592, 292.664, 296.168, 301.746, 280.693, 290.739]
[288.907, 292.65, 294.799, 289.592, 292.664, 296.168, 301.746, 280.693, 290.739, 290.08]
[288.907, 292.65, 294.799, 289.592, 292.664, 296.168, 301.746, 280.693, 290.739, 290.08, 287.187]
[288.907, 292.65, 294.799, 289.592, 292.664, 296.168, 301.746, 280.693, 290.739, 290.08, 287.187, 284.972]
[288.907, 292.65, 294.799, 289.592, 292.664, 296.168, 301.746, 280.693, 290.739, 290.08, 287.187, 284.972, 299.027]
[288.907, 292.65, 294.799, 289.592, 292.664, 296.168, 301.746, 280.693, 290.739, 290.08, 287.187, 284.972, 299.027, 283.925]
[288.907, 292.65, 294.799, 289.592, 292.664, 296.168, 301.746, 280.693, 290.739, 290.08, 287.187, 284.972, 299.027, 283.925, 294.458]
[288.907, 292.65, 294.799, 289.592, 292.664, 296.168, 301.746, 280.693, 290.739, 290.08, 287.187, 284.972, 299.027, 283.925, 294.458, 295.492]
[288.907, 292.65, 294.799, 289.592, 292.664, 296.168, 301.746, 280.693, 290.739, 290.08, 287.187, 284.972, 299.027, 283.925, 294.458, 295.492, 295.214]
[288.907, 292.65, 294.799, 289.592, 292.664, 296.168, 301.746, 280.693, 290.739, 290.08, 287.187, 284.972, 299.027, 283.925, 294.458, 295.492, 295.214, 304.49]
[288.907, 292.65, 294.799, 289.592, 292.664, 296.168, 301.746, 280.693, 290.739, 290.08, 287.187, 284.972, 299.027, 283.925, 294.458, 295.492, 295.214, 304.49, 292.001]
[288.907, 292.65, 294.799, 289.592, 292.664, 296.168, 301.746, 280.693, 290.739, 290.08, 287.187, 284.972, 299.027, 283.925, 294.458, 295.492, 295.214, 304.49, 292.001, 299.003]
[288.907, 292.65, 294.799, 289.592, 292.664, 296.168, 301.746, 280.693, 290.739, 290.08, 287.187, 284.972, 299.027, 283.925, 294.458, 295.492, 295.214, 304.49, 292.001, 299.003, 297.352]
[288.907, 292.65, 294.799, 289.592, 292.664, 296.168, 301.746, 280.693, 290.739, 290.08, 287.187, 284.972, 299.027, 283.925, 294.458, 295.492, 295.214, 304.49, 292.001, 299.003, 297.352, 295.346]
[288.907, 292.65, 294.799, 289.592, 292.664, 296.168, 301.746, 280.693, 290.739, 290.08, 287.187, 284.972, 299.027, 283.925, 294.458, 295.492, 295.214, 304.49, 292.001, 299.003, 297.352, 295.346, 295.466]
[288.907, 292.65, 294.799, 289.592, 292.664, 296.168, 301.746, 280.693, 290.739, 290.08, 287.187, 284.972, 299.027, 283.925, 294.458, 295.492, 295.214, 304.49, 292.001, 299.003, 297.352, 295.346, 295.466, 293.149]
[288.907, 292.65, 294.799, 289.592, 292.664, 296.168, 301.746, 280.693, 290.739, 290.08, 287.187, 284.972, 299.027, 283.925, 294.458, 295.492, 295.214, 304.49, 292.001, 299.003, 297.352, 295.346, 295.466, 293.149, 298.356]
[288.907, 292.65, 294.799, 289.592, 292.664, 296.168, 301.746, 280.693, 290.739, 290.08, 287.187, 284.972, 299.027, 283.925, 294.458, 295.492, 295.214, 304.49, 292.001, 299.003, 297.352, 295.346, 295.466, 293.149, 298.356, 298.735]
[288.907, 292.65, 294.799, 289.592, 292.664, 296.168, 301.746, 280.693, 290.739, 290.08, 287.187, 284.972, 299.027, 283.925, 294.458, 295.492, 295.214, 304.49, 292.001, 299.003, 297.352, 295.346, 295.466, 293.149, 298.356, 298.735, 289.934]
[288.907, 292.65, 294.799, 289.592, 292.664, 296.168, 301.746, 280.693, 290.739, 290.08, 287.187, 284.972, 299.027, 283.925, 294.458, 295.492, 295.214, 304.49, 292.001, 299.003, 297.352, 295.346, 295.466, 293.149, 298.356, 298.735, 289.934, 288.943]
[288.907, 292.65, 294.799, 289.592, 292.664, 296.168, 301.746, 280.693, 290.739, 290.08, 287.187, 284.972, 299.027, 283.925, 294.458, 295.492, 295.214, 304.49, 292.001, 299.003, 297.352, 295.346, 295.466, 293.149, 298.356, 298.735, 289.934, 288.943, 295.269]
[288.907, 292.65, 294.799, 289.592, 292.664, 296.168, 301.746, 280.693, 290.739, 290.08, 287.187, 284.972, 299.027, 283.925, 294.458, 295.492, 295.214, 304.49, 292.001, 299.003, 297.352, 295.346, 295.466, 293.149, 298.356, 298.735, 289.934, 288.943, 295.269, 293.263]
[288.907, 292.65, 294.799, 289.592, 292.664, 296.168, 301.746, 280.693, 290.739, 290.08, 287.187, 284.972, 299.027, 283.925, 294.458, 295.492, 295.214, 304.49, 292.001, 299.003, 297.352, 295.346, 295.466, 293.149, 298.356, 298.735, 289.934, 288.943, 295.269, 293.263, 290.774]
[288.907, 292.65, 294.799, 289.592, 292.664, 296.168, 301.746, 280.693, 290.739, 290.08, 287.187, 284.972, 299.027, 283.925, 294.458, 295.492, 295.214, 304.49, 292.001, 299.003, 297.352, 295.346, 295.466, 293.149, 298.356, 298.735, 289.934, 288.943, 295.269, 293.263, 290.774, 289.522]
[288.907, 292.65, 294.799, 289.592, 292.664, 296.168, 301.746, 280.693, 290.739, 290.08, 287.187, 284.972, 299.027, 283.925, 294.458, 295.492, 295.214, 304.49, 292.001, 299.003, 297.352, 295.346, 295.466, 293.149, 298.356, 298.735, 289.934, 288.943, 295.269, 293.263, 290.774, 289.522, 296.677]
