ANNarchy 4.8 (4.8.2.6) on linux (posix).
Pesos de INICIO:  [[0. 0. 0. ... 0. 0. 0.]
 [0. 0. 0. ... 0. 0. 0.]
 [0. 0. 0. ... 0. 0. 0.]
 ...
 [0. 0. 0. ... 0. 0. 0.]
 [0. 0. 0. ... 0. 0. 0.]
 [0. 0. 0. ... 0. 0. 0.]]
Pesos de INICIO:  <Compressed Sparse Row sparse matrix of dtype 'float64'
	with 21 stored elements and shape (34, 34)>
  Coords	Values
  (0, 8)	63.4318
  (0, 9)	71.7277
  (1, 7)	32.6322
  (1, 8)	-1.62346
  (1, 9)	-3.03505
  (1, 29)	24.4076
  (2, 8)	45.6564
  (3, 8)	65.4782
  (3, 9)	9.08287
  (4, 8)	51.1612
  (4, 9)	71.3505
  (5, 8)	14.4251
  (5, 9)	66.4909
  (5, 33)	14.7029
  (6, 8)	46.8925
  (6, 9)	30.4448
  (7, 8)	42.2167
  (7, 9)	57.8257
  (23, 8)	19.4251
  (29, 7)	37.6322
  (33, 23)	-23.4248
Compiling ...  OK 
[58.262]
[58.262, 64.103]
[58.262, 64.103, 65.873]
[58.262, 64.103, 65.873, 69.44]
[58.262, 64.103, 65.873, 69.44, 63.092]
[58.262, 64.103, 65.873, 69.44, 63.092, 63.233]
[58.262, 64.103, 65.873, 69.44, 63.092, 63.233, 61.84]
[58.262, 64.103, 65.873, 69.44, 63.092, 63.233, 61.84, 64.156]
[58.262, 64.103, 65.873, 69.44, 63.092, 63.233, 61.84, 64.156, 60.054]
[58.262, 64.103, 65.873, 69.44, 63.092, 63.233, 61.84, 64.156, 60.054, 58.622]
[58.262, 64.103, 65.873, 69.44, 63.092, 63.233, 61.84, 64.156, 60.054, 58.622, 66.552]
[58.262, 64.103, 65.873, 69.44, 63.092, 63.233, 61.84, 64.156, 60.054, 58.622, 66.552, 65.85]
[58.262, 64.103, 65.873, 69.44, 63.092, 63.233, 61.84, 64.156, 60.054, 58.622, 66.552, 65.85, 67.573]
[58.262, 64.103, 65.873, 69.44, 63.092, 63.233, 61.84, 64.156, 60.054, 58.622, 66.552, 65.85, 67.573, 68.039]
[58.262, 64.103, 65.873, 69.44, 63.092, 63.233, 61.84, 64.156, 60.054, 58.622, 66.552, 65.85, 67.573, 68.039, 63.039]
[58.262, 64.103, 65.873, 69.44, 63.092, 63.233, 61.84, 64.156, 60.054, 58.622, 66.552, 65.85, 67.573, 68.039, 63.039, 65.562]
[58.262, 64.103, 65.873, 69.44, 63.092, 63.233, 61.84, 64.156, 60.054, 58.622, 66.552, 65.85, 67.573, 68.039, 63.039, 65.562, 59.001]
[58.262, 64.103, 65.873, 69.44, 63.092, 63.233, 61.84, 64.156, 60.054, 58.622, 66.552, 65.85, 67.573, 68.039, 63.039, 65.562, 59.001, 68.625]
[58.262, 64.103, 65.873, 69.44, 63.092, 63.233, 61.84, 64.156, 60.054, 58.622, 66.552, 65.85, 67.573, 68.039, 63.039, 65.562, 59.001, 68.625, 63.166]
[58.262, 64.103, 65.873, 69.44, 63.092, 63.233, 61.84, 64.156, 60.054, 58.622, 66.552, 65.85, 67.573, 68.039, 63.039, 65.562, 59.001, 68.625, 63.166, 67.046]
[58.262, 64.103, 65.873, 69.44, 63.092, 63.233, 61.84, 64.156, 60.054, 58.622, 66.552, 65.85, 67.573, 68.039, 63.039, 65.562, 59.001, 68.625, 63.166, 67.046, 61.719]
[58.262, 64.103, 65.873, 69.44, 63.092, 63.233, 61.84, 64.156, 60.054, 58.622, 66.552, 65.85, 67.573, 68.039, 63.039, 65.562, 59.001, 68.625, 63.166, 67.046, 61.719, 57.315]
[58.262, 64.103, 65.873, 69.44, 63.092, 63.233, 61.84, 64.156, 60.054, 58.622, 66.552, 65.85, 67.573, 68.039, 63.039, 65.562, 59.001, 68.625, 63.166, 67.046, 61.719, 57.315, 66.363]
[58.262, 64.103, 65.873, 69.44, 63.092, 63.233, 61.84, 64.156, 60.054, 58.622, 66.552, 65.85, 67.573, 68.039, 63.039, 65.562, 59.001, 68.625, 63.166, 67.046, 61.719, 57.315, 66.363, 58.075]
[58.262, 64.103, 65.873, 69.44, 63.092, 63.233, 61.84, 64.156, 60.054, 58.622, 66.552, 65.85, 67.573, 68.039, 63.039, 65.562, 59.001, 68.625, 63.166, 67.046, 61.719, 57.315, 66.363, 58.075, 59.867]
[58.262, 64.103, 65.873, 69.44, 63.092, 63.233, 61.84, 64.156, 60.054, 58.622, 66.552, 65.85, 67.573, 68.039, 63.039, 65.562, 59.001, 68.625, 63.166, 67.046, 61.719, 57.315, 66.363, 58.075, 59.867, 64.497]
[58.262, 64.103, 65.873, 69.44, 63.092, 63.233, 61.84, 64.156, 60.054, 58.622, 66.552, 65.85, 67.573, 68.039, 63.039, 65.562, 59.001, 68.625, 63.166, 67.046, 61.719, 57.315, 66.363, 58.075, 59.867, 64.497, 55.697]
[58.262, 64.103, 65.873, 69.44, 63.092, 63.233, 61.84, 64.156, 60.054, 58.622, 66.552, 65.85, 67.573, 68.039, 63.039, 65.562, 59.001, 68.625, 63.166, 67.046, 61.719, 57.315, 66.363, 58.075, 59.867, 64.497, 55.697, 65.251]
[58.262, 64.103, 65.873, 69.44, 63.092, 63.233, 61.84, 64.156, 60.054, 58.622, 66.552, 65.85, 67.573, 68.039, 63.039, 65.562, 59.001, 68.625, 63.166, 67.046, 61.719, 57.315, 66.363, 58.075, 59.867, 64.497, 55.697, 65.251, 66.138]
[58.262, 64.103, 65.873, 69.44, 63.092, 63.233, 61.84, 64.156, 60.054, 58.622, 66.552, 65.85, 67.573, 68.039, 63.039, 65.562, 59.001, 68.625, 63.166, 67.046, 61.719, 57.315, 66.363, 58.075, 59.867, 64.497, 55.697, 65.251, 66.138, 57.667]
[58.262, 64.103, 65.873, 69.44, 63.092, 63.233, 61.84, 64.156, 60.054, 58.622, 66.552, 65.85, 67.573, 68.039, 63.039, 65.562, 59.001, 68.625, 63.166, 67.046, 61.719, 57.315, 66.363, 58.075, 59.867, 64.497, 55.697, 65.251, 66.138, 57.667, 62.757]
[58.262, 64.103, 65.873, 69.44, 63.092, 63.233, 61.84, 64.156, 60.054, 58.622, 66.552, 65.85, 67.573, 68.039, 63.039, 65.562, 59.001, 68.625, 63.166, 67.046, 61.719, 57.315, 66.363, 58.075, 59.867, 64.497, 55.697, 65.251, 66.138, 57.667, 62.757, 65.115]
[58.262, 64.103, 65.873, 69.44, 63.092, 63.233, 61.84, 64.156, 60.054, 58.622, 66.552, 65.85, 67.573, 68.039, 63.039, 65.562, 59.001, 68.625, 63.166, 67.046, 61.719, 57.315, 66.363, 58.075, 59.867, 64.497, 55.697, 65.251, 66.138, 57.667, 62.757, 65.115, 65.557]
