ANNarchy 4.8 (4.8.2.6) on linux (posix).
Pesos de INICIO:  [[0. 0. 0. ... 0. 0. 0.]
 [0. 0. 0. ... 0. 0. 0.]
 [0. 0. 0. ... 0. 0. 0.]
 ...
 [0. 0. 0. ... 0. 0. 0.]
 [0. 0. 0. ... 0. 0. 0.]
 [0. 0. 0. ... 0. 0. 0.]]
Pesos de INICIO:  <Compressed Sparse Row sparse matrix of dtype 'float64'
	with 22 stored elements and shape (32, 32)>
  Coords	Values
  (0, 8)	29.8144
  (0, 9)	37.62
  (1, 8)	-3.72433
  (1, 9)	7.39112
  (2, 8)	81.4579
  (2, 9)	44.5134
  (3, 8)	16.3662
  (3, 9)	11.9022
  (4, 8)	24.5977
  (4, 9)	28.2892
  (5, 9)	38.4178
  (5, 10)	-9.89425
  (5, 31)	-70.062
  (6, 0)	31.8935
  (6, 1)	-35.9289
  (6, 8)	57.755
  (6, 24)	57.9615
  (7, 8)	40.3109
  (7, 9)	64.5123
  (10, 8)	-3.5476
  (24, 31)	-73.6905
  (31, 9)	-1.09418
Compiling ...  OK 
[231.2]
[231.2, 230.304]
[231.2, 230.304, 228.055]
[231.2, 230.304, 228.055, 230.271]
[231.2, 230.304, 228.055, 230.271, 230.558]
[231.2, 230.304, 228.055, 230.271, 230.558, 231.621]
[231.2, 230.304, 228.055, 230.271, 230.558, 231.621, 231.252]
[231.2, 230.304, 228.055, 230.271, 230.558, 231.621, 231.252, 233.575]
[231.2, 230.304, 228.055, 230.271, 230.558, 231.621, 231.252, 233.575, 229.849]
[231.2, 230.304, 228.055, 230.271, 230.558, 231.621, 231.252, 233.575, 229.849, 230.101]
[231.2, 230.304, 228.055, 230.271, 230.558, 231.621, 231.252, 233.575, 229.849, 230.101, 230.487]
[231.2, 230.304, 228.055, 230.271, 230.558, 231.621, 231.252, 233.575, 229.849, 230.101, 230.487, 230.83]
[231.2, 230.304, 228.055, 230.271, 230.558, 231.621, 231.252, 233.575, 229.849, 230.101, 230.487, 230.83, 229.215]
[231.2, 230.304, 228.055, 230.271, 230.558, 231.621, 231.252, 233.575, 229.849, 230.101, 230.487, 230.83, 229.215, 228.885]
[231.2, 230.304, 228.055, 230.271, 230.558, 231.621, 231.252, 233.575, 229.849, 230.101, 230.487, 230.83, 229.215, 228.885, 230.455]
[231.2, 230.304, 228.055, 230.271, 230.558, 231.621, 231.252, 233.575, 229.849, 230.101, 230.487, 230.83, 229.215, 228.885, 230.455, 231.154]
[231.2, 230.304, 228.055, 230.271, 230.558, 231.621, 231.252, 233.575, 229.849, 230.101, 230.487, 230.83, 229.215, 228.885, 230.455, 231.154, 230.409]
[231.2, 230.304, 228.055, 230.271, 230.558, 231.621, 231.252, 233.575, 229.849, 230.101, 230.487, 230.83, 229.215, 228.885, 230.455, 231.154, 230.409, 227.165]
[231.2, 230.304, 228.055, 230.271, 230.558, 231.621, 231.252, 233.575, 229.849, 230.101, 230.487, 230.83, 229.215, 228.885, 230.455, 231.154, 230.409, 227.165, 229.464]
[231.2, 230.304, 228.055, 230.271, 230.558, 231.621, 231.252, 233.575, 229.849, 230.101, 230.487, 230.83, 229.215, 228.885, 230.455, 231.154, 230.409, 227.165, 229.464, 227.314]
[231.2, 230.304, 228.055, 230.271, 230.558, 231.621, 231.252, 233.575, 229.849, 230.101, 230.487, 230.83, 229.215, 228.885, 230.455, 231.154, 230.409, 227.165, 229.464, 227.314, 231.977]
[231.2, 230.304, 228.055, 230.271, 230.558, 231.621, 231.252, 233.575, 229.849, 230.101, 230.487, 230.83, 229.215, 228.885, 230.455, 231.154, 230.409, 227.165, 229.464, 227.314, 231.977, 230.12]
[231.2, 230.304, 228.055, 230.271, 230.558, 231.621, 231.252, 233.575, 229.849, 230.101, 230.487, 230.83, 229.215, 228.885, 230.455, 231.154, 230.409, 227.165, 229.464, 227.314, 231.977, 230.12, 229.762]
[231.2, 230.304, 228.055, 230.271, 230.558, 231.621, 231.252, 233.575, 229.849, 230.101, 230.487, 230.83, 229.215, 228.885, 230.455, 231.154, 230.409, 227.165, 229.464, 227.314, 231.977, 230.12, 229.762, 228.49]
[231.2, 230.304, 228.055, 230.271, 230.558, 231.621, 231.252, 233.575, 229.849, 230.101, 230.487, 230.83, 229.215, 228.885, 230.455, 231.154, 230.409, 227.165, 229.464, 227.314, 231.977, 230.12, 229.762, 228.49, 231.519]
[231.2, 230.304, 228.055, 230.271, 230.558, 231.621, 231.252, 233.575, 229.849, 230.101, 230.487, 230.83, 229.215, 228.885, 230.455, 231.154, 230.409, 227.165, 229.464, 227.314, 231.977, 230.12, 229.762, 228.49, 231.519, 230.374]
[231.2, 230.304, 228.055, 230.271, 230.558, 231.621, 231.252, 233.575, 229.849, 230.101, 230.487, 230.83, 229.215, 228.885, 230.455, 231.154, 230.409, 227.165, 229.464, 227.314, 231.977, 230.12, 229.762, 228.49, 231.519, 230.374, 229.084]
[231.2, 230.304, 228.055, 230.271, 230.558, 231.621, 231.252, 233.575, 229.849, 230.101, 230.487, 230.83, 229.215, 228.885, 230.455, 231.154, 230.409, 227.165, 229.464, 227.314, 231.977, 230.12, 229.762, 228.49, 231.519, 230.374, 229.084, 231.705]
[231.2, 230.304, 228.055, 230.271, 230.558, 231.621, 231.252, 233.575, 229.849, 230.101, 230.487, 230.83, 229.215, 228.885, 230.455, 231.154, 230.409, 227.165, 229.464, 227.314, 231.977, 230.12, 229.762, 228.49, 231.519, 230.374, 229.084, 231.705, 230.244]
[231.2, 230.304, 228.055, 230.271, 230.558, 231.621, 231.252, 233.575, 229.849, 230.101, 230.487, 230.83, 229.215, 228.885, 230.455, 231.154, 230.409, 227.165, 229.464, 227.314, 231.977, 230.12, 229.762, 228.49, 231.519, 230.374, 229.084, 231.705, 230.244, 230.578]
[231.2, 230.304, 228.055, 230.271, 230.558, 231.621, 231.252, 233.575, 229.849, 230.101, 230.487, 230.83, 229.215, 228.885, 230.455, 231.154, 230.409, 227.165, 229.464, 227.314, 231.977, 230.12, 229.762, 228.49, 231.519, 230.374, 229.084, 231.705, 230.244, 230.578, 229.701]
[231.2, 230.304, 228.055, 230.271, 230.558, 231.621, 231.252, 233.575, 229.849, 230.101, 230.487, 230.83, 229.215, 228.885, 230.455, 231.154, 230.409, 227.165, 229.464, 227.314, 231.977, 230.12, 229.762, 228.49, 231.519, 230.374, 229.084, 231.705, 230.244, 230.578, 229.701, 231.142]
[231.2, 230.304, 228.055, 230.271, 230.558, 231.621, 231.252, 233.575, 229.849, 230.101, 230.487, 230.83, 229.215, 228.885, 230.455, 231.154, 230.409, 227.165, 229.464, 227.314, 231.977, 230.12, 229.762, 228.49, 231.519, 230.374, 229.084, 231.705, 230.244, 230.578, 229.701, 231.142, 232.729]
