ANNarchy 4.8 (4.8.2.6) on linux (posix).
Pesos de INICIO:  [[0. 0. 0. ... 0. 0. 0.]
 [0. 0. 0. ... 0. 0. 0.]
 [0. 0. 0. ... 0. 0. 0.]
 ...
 [0. 0. 0. ... 0. 0. 0.]
 [0. 0. 0. ... 0. 0. 0.]
 [0. 0. 0. ... 0. 0. 0.]]
Pesos de INICIO:  <Compressed Sparse Row sparse matrix of dtype 'float64'
	with 25 stored elements and shape (39, 39)>
  Coords	Values
  (0, 8)	-12.991
  (0, 9)	-19.3995
  (0, 18)	-45.3287
  (1, 8)	72.3728
  (1, 9)	64.391
  (2, 8)	41.8447
  (2, 9)	7.54909
  (3, 8)	31.8515
  (3, 9)	20.0709
  (4, 8)	21.2154
  (4, 9)	62.8278
  (5, 8)	14.4251
  (5, 9)	66.4909
  (5, 36)	-21.0931
  (6, 4)	-34.7674
  (6, 8)	45.9146
  (6, 37)	3.98712
  (7, 8)	0.746891
  (14, 8)	19.4251
  (16, 38)	1.04342
  (18, 8)	-12.991
  (28, 14)	19.5963
  (36, 28)	-15.68
  (37, 16)	-0.221237
  (38, 9)	-16.3673
Compiling ...  OK 
[483.362]
[483.362, 486.4]
[483.362, 486.4, 485.064]
[483.362, 486.4, 485.064, 483.728]
[483.362, 486.4, 485.064, 483.728, 486.568]
[483.362, 486.4, 485.064, 483.728, 486.568, 485.5]
[483.362, 486.4, 485.064, 483.728, 486.568, 485.5, 483.481]
[483.362, 486.4, 485.064, 483.728, 486.568, 485.5, 483.481, 484.07]
[483.362, 486.4, 485.064, 483.728, 486.568, 485.5, 483.481, 484.07, 483.735]
[483.362, 486.4, 485.064, 483.728, 486.568, 485.5, 483.481, 484.07, 483.735, 485.077]
[483.362, 486.4, 485.064, 483.728, 486.568, 485.5, 483.481, 484.07, 483.735, 485.077, 484.263]
[483.362, 486.4, 485.064, 483.728, 486.568, 485.5, 483.481, 484.07, 483.735, 485.077, 484.263, 483.875]
[483.362, 486.4, 485.064, 483.728, 486.568, 485.5, 483.481, 484.07, 483.735, 485.077, 484.263, 483.875, 482.993]
[483.362, 486.4, 485.064, 483.728, 486.568, 485.5, 483.481, 484.07, 483.735, 485.077, 484.263, 483.875, 482.993, 482.647]
[483.362, 486.4, 485.064, 483.728, 486.568, 485.5, 483.481, 484.07, 483.735, 485.077, 484.263, 483.875, 482.993, 482.647, 486.331]
[483.362, 486.4, 485.064, 483.728, 486.568, 485.5, 483.481, 484.07, 483.735, 485.077, 484.263, 483.875, 482.993, 482.647, 486.331, 482.81]
[483.362, 486.4, 485.064, 483.728, 486.568, 485.5, 483.481, 484.07, 483.735, 485.077, 484.263, 483.875, 482.993, 482.647, 486.331, 482.81, 486.292]
[483.362, 486.4, 485.064, 483.728, 486.568, 485.5, 483.481, 484.07, 483.735, 485.077, 484.263, 483.875, 482.993, 482.647, 486.331, 482.81, 486.292, 484.431]
[483.362, 486.4, 485.064, 483.728, 486.568, 485.5, 483.481, 484.07, 483.735, 485.077, 484.263, 483.875, 482.993, 482.647, 486.331, 482.81, 486.292, 484.431, 484.406]
[483.362, 486.4, 485.064, 483.728, 486.568, 485.5, 483.481, 484.07, 483.735, 485.077, 484.263, 483.875, 482.993, 482.647, 486.331, 482.81, 486.292, 484.431, 484.406, 483.667]
[483.362, 486.4, 485.064, 483.728, 486.568, 485.5, 483.481, 484.07, 483.735, 485.077, 484.263, 483.875, 482.993, 482.647, 486.331, 482.81, 486.292, 484.431, 484.406, 483.667, 481.661]
[483.362, 486.4, 485.064, 483.728, 486.568, 485.5, 483.481, 484.07, 483.735, 485.077, 484.263, 483.875, 482.993, 482.647, 486.331, 482.81, 486.292, 484.431, 484.406, 483.667, 481.661, 486.58]
[483.362, 486.4, 485.064, 483.728, 486.568, 485.5, 483.481, 484.07, 483.735, 485.077, 484.263, 483.875, 482.993, 482.647, 486.331, 482.81, 486.292, 484.431, 484.406, 483.667, 481.661, 486.58, 486.597]
[483.362, 486.4, 485.064, 483.728, 486.568, 485.5, 483.481, 484.07, 483.735, 485.077, 484.263, 483.875, 482.993, 482.647, 486.331, 482.81, 486.292, 484.431, 484.406, 483.667, 481.661, 486.58, 486.597, 482.025]
[483.362, 486.4, 485.064, 483.728, 486.568, 485.5, 483.481, 484.07, 483.735, 485.077, 484.263, 483.875, 482.993, 482.647, 486.331, 482.81, 486.292, 484.431, 484.406, 483.667, 481.661, 486.58, 486.597, 482.025, 486.284]
[483.362, 486.4, 485.064, 483.728, 486.568, 485.5, 483.481, 484.07, 483.735, 485.077, 484.263, 483.875, 482.993, 482.647, 486.331, 482.81, 486.292, 484.431, 484.406, 483.667, 481.661, 486.58, 486.597, 482.025, 486.284, 486.737]
[483.362, 486.4, 485.064, 483.728, 486.568, 485.5, 483.481, 484.07, 483.735, 485.077, 484.263, 483.875, 482.993, 482.647, 486.331, 482.81, 486.292, 484.431, 484.406, 483.667, 481.661, 486.58, 486.597, 482.025, 486.284, 486.737, 486.997]
[483.362, 486.4, 485.064, 483.728, 486.568, 485.5, 483.481, 484.07, 483.735, 485.077, 484.263, 483.875, 482.993, 482.647, 486.331, 482.81, 486.292, 484.431, 484.406, 483.667, 481.661, 486.58, 486.597, 482.025, 486.284, 486.737, 486.997, 485.571]
[483.362, 486.4, 485.064, 483.728, 486.568, 485.5, 483.481, 484.07, 483.735, 485.077, 484.263, 483.875, 482.993, 482.647, 486.331, 482.81, 486.292, 484.431, 484.406, 483.667, 481.661, 486.58, 486.597, 482.025, 486.284, 486.737, 486.997, 485.571, 486.512]
[483.362, 486.4, 485.064, 483.728, 486.568, 485.5, 483.481, 484.07, 483.735, 485.077, 484.263, 483.875, 482.993, 482.647, 486.331, 482.81, 486.292, 484.431, 484.406, 483.667, 481.661, 486.58, 486.597, 482.025, 486.284, 486.737, 486.997, 485.571, 486.512, 484.279]
[483.362, 486.4, 485.064, 483.728, 486.568, 485.5, 483.481, 484.07, 483.735, 485.077, 484.263, 483.875, 482.993, 482.647, 486.331, 482.81, 486.292, 484.431, 484.406, 483.667, 481.661, 486.58, 486.597, 482.025, 486.284, 486.737, 486.997, 485.571, 486.512, 484.279, 485.121]
[483.362, 486.4, 485.064, 483.728, 486.568, 485.5, 483.481, 484.07, 483.735, 485.077, 484.263, 483.875, 482.993, 482.647, 486.331, 482.81, 486.292, 484.431, 484.406, 483.667, 481.661, 486.58, 486.597, 482.025, 486.284, 486.737, 486.997, 485.571, 486.512, 484.279, 485.121, 486.449]
[483.362, 486.4, 485.064, 483.728, 486.568, 485.5, 483.481, 484.07, 483.735, 485.077, 484.263, 483.875, 482.993, 482.647, 486.331, 482.81, 486.292, 484.431, 484.406, 483.667, 481.661, 486.58, 486.597, 482.025, 486.284, 486.737, 486.997, 485.571, 486.512, 484.279, 485.121, 486.449, 486.808]
