ANNarchy 4.8 (4.8.2.6) on linux (posix).
Pesos de INICIO:  [[  0.        22.9562     0.         0.         0.         0.
    0.         0.        49.7809     7.83744    0.         0.
    0.         0.         0.         0.         0.         0.
    0.         0.         0.         0.         0.         0.
    0.         0.      ]
 [  0.         0.        42.0471     0.         0.         0.
    0.         0.       -21.4579     0.         0.         0.
    0.         0.         0.         0.         0.         0.
    0.         0.         0.         0.         0.         0.
    0.       -10.1135  ]
 [  0.         0.         0.         0.         0.         0.
    0.         0.        77.0914    62.5377     0.         0.
    0.         0.         0.         0.         0.         0.
    0.         0.         0.         0.         0.         0.
    0.         0.      ]
 [  0.         0.         0.         0.         0.         0.
    0.         0.        30.313      0.         0.         0.
    0.         0.         0.         0.         0.         0.
    0.         0.         0.         0.         0.         0.
    0.         0.      ]
 [  0.         0.         0.         0.         0.         0.
    0.         0.        38.2441     0.         0.         0.
    0.         0.         0.         0.         0.         0.
    0.         0.         0.         0.        27.9597     0.
    0.         0.      ]
 [  0.         0.         0.         0.         0.         0.
    0.         0.         0.        78.3596     0.         0.
    0.         0.         0.         0.         0.         0.
    0.         0.         0.         0.         0.         0.
    0.         0.      ]
 [  0.        65.626      0.         0.         0.         0.
    0.         0.        41.688    -15.626      0.         0.
    0.         0.         0.         0.         0.         0.
    0.         0.         0.         0.         0.         0.
    0.         0.      ]
 [  0.         0.         0.         0.         0.         0.
   19.6422     0.       -13.6032    68.0012     0.         0.
    0.         0.         0.         0.         0.         0.
    0.         0.         0.         0.         0.         0.
    0.         0.      ]
 [  0.         0.         0.         0.         0.         0.
  -15.4226     0.         0.         0.         0.         0.
    0.         0.         0.         0.         0.         0.
    0.         0.         0.         0.         0.         0.
    0.         0.      ]
 [  0.         0.         0.         0.         0.         0.
    0.         0.         0.         0.         0.         0.
    0.         0.         0.         0.         0.         0.
    0.         0.         0.         0.         0.         0.
    0.         0.      ]
 [  0.         0.         0.         0.         0.         0.
    0.         0.         0.         0.         0.         0.
    0.         0.         0.         0.         0.         0.
    0.         0.         0.         0.         0.         0.
    0.         0.      ]
 [  0.         0.         0.         0.         0.         0.
    0.         0.         0.         0.         0.         0.
    0.         0.         0.         0.         0.         0.
    0.         0.         0.         0.         0.         0.
    0.         0.      ]
 [  0.         0.         0.         0.         0.         0.
    0.         0.         0.         0.         0.         0.
    0.         0.         0.         0.         0.         0.
    0.         0.         0.         0.         0.         0.
    0.         0.      ]
 [  0.         0.         0.         0.         0.         0.
    0.         0.         0.         0.         0.         0.
    0.         0.         0.         0.         0.         0.
    0.         0.         0.         0.         0.         0.
    0.         0.      ]
 [  0.         0.         0.         0.         0.         0.
    0.         0.         0.         0.         0.         0.
    0.         0.         0.         0.         0.         0.
    0.         0.         0.         0.         0.         0.
    0.         0.      ]
 [  0.         0.         0.         0.         0.         0.
    0.         0.         0.         0.         0.         0.
    0.         0.         0.         0.         0.         0.
    0.         0.         0.         0.         0.         0.
    0.         0.      ]
 [  0.         0.         0.         0.         0.         0.
    0.         0.         0.         0.         0.         0.
    0.         0.         0.         0.         0.         0.
    0.         0.         0.         0.         0.         0.
    0.         0.      ]
 [  0.         0.         0.         0.         0.         0.
    0.         0.         0.         0.         0.         0.
    0.         0.         0.         0.         0.         0.
    0.         0.         0.         0.         0.         0.
    0.         0.      ]
 [  0.         0.         0.         0.         0.         0.
    0.         0.         0.         0.         0.         0.
    0.         0.         0.         0.         0.         0.
    0.         0.         0.         0.         0.         0.
    0.         0.      ]
 [  0.         0.         0.         0.         0.         0.
    0.         0.         0.         0.         0.         0.
    0.         0.         0.         0.         0.         0.
    0.         0.         0.         0.         0.         0.
    0.         0.      ]
 [  0.         0.         0.         0.         0.         0.
    0.         0.         0.         0.         0.         0.
    0.         0.         0.         0.         0.         0.
    0.         0.         0.         0.         0.         0.
    0.         0.      ]
 [  0.         0.         0.         0.         0.         0.
    0.         0.         0.         0.         0.         0.
    0.         0.         0.         0.         0.         0.
    0.         0.         0.         0.         0.         0.
    0.         0.      ]
 [  0.         0.         0.         0.         0.         0.
    0.         0.         0.       -11.2356     0.         0.
    0.         0.         0.         0.         0.         0.
    0.         0.         0.         0.         0.         0.
    0.         0.      ]
 [  0.         0.         0.         0.         0.         0.
    0.         0.         0.         0.         0.         0.
    0.         0.         0.         0.         0.         0.
    0.         0.         0.         0.         0.         0.
    0.         0.      ]
 [  0.         0.         0.         0.         0.         0.
    0.         0.         0.         0.         0.         0.
    0.         0.         0.         0.         0.         0.
    0.         0.         0.         0.         0.         0.
    0.         0.      ]
 [  0.         0.         0.         0.         0.         0.
   26.8236     0.         0.         0.221279   0.         0.
    0.         0.         0.         0.         0.         0.
    0.         0.         0.         0.         0.         0.
    0.         0.      ]]
Pesos de INICIO:  <Compressed Sparse Row sparse matrix of dtype 'float64'
	with 22 stored elements and shape (26, 26)>
  Coords	Values
  (0, 1)	22.9562
  (0, 8)	49.7809
  (0, 9)	7.83744
  (1, 2)	42.0471
  (1, 8)	-21.4579
  (1, 25)	-10.1135
  (2, 8)	77.0914
  (2, 9)	62.5377
  (3, 8)	30.313
  (4, 8)	38.2441
  (4, 22)	27.9597
  (5, 9)	78.3596
  (6, 1)	65.626
  (6, 8)	41.688
  (6, 9)	-15.626
  (7, 6)	19.6422
  (7, 8)	-13.6032
  (7, 9)	68.0012
  (8, 6)	-15.4226
  (22, 9)	-11.2356
  (25, 6)	26.8236
  (25, 9)	0.221279
Compiling ...  OK 
[486.534]
[486.534, 486.435]
[486.534, 486.435, 484.376]
[486.534, 486.435, 484.376, 482.857]
[486.534, 486.435, 484.376, 482.857, 487.66]
[486.534, 486.435, 484.376, 482.857, 487.66, 481.822]
[486.534, 486.435, 484.376, 482.857, 487.66, 481.822, 482.397]
[486.534, 486.435, 484.376, 482.857, 487.66, 481.822, 482.397, 482.857]
[486.534, 486.435, 484.376, 482.857, 487.66, 481.822, 482.397, 482.857, 485.367]
[486.534, 486.435, 484.376, 482.857, 487.66, 481.822, 482.397, 482.857, 485.367, 485.519]
[486.534, 486.435, 484.376, 482.857, 487.66, 481.822, 482.397, 482.857, 485.367, 485.519, 484.196]
[486.534, 486.435, 484.376, 482.857, 487.66, 481.822, 482.397, 482.857, 485.367, 485.519, 484.196, 481.55]
[486.534, 486.435, 484.376, 482.857, 487.66, 481.822, 482.397, 482.857, 485.367, 485.519, 484.196, 481.55, 487.175]
[486.534, 486.435, 484.376, 482.857, 487.66, 481.822, 482.397, 482.857, 485.367, 485.519, 484.196, 481.55, 487.175, 485.8]
[486.534, 486.435, 484.376, 482.857, 487.66, 481.822, 482.397, 482.857, 485.367, 485.519, 484.196, 481.55, 487.175, 485.8, 487.462]
[486.534, 486.435, 484.376, 482.857, 487.66, 481.822, 482.397, 482.857, 485.367, 485.519, 484.196, 481.55, 487.175, 485.8, 487.462, 484.019]
[486.534, 486.435, 484.376, 482.857, 487.66, 481.822, 482.397, 482.857, 485.367, 485.519, 484.196, 481.55, 487.175, 485.8, 487.462, 484.019, 485.784]
[486.534, 486.435, 484.376, 482.857, 487.66, 481.822, 482.397, 482.857, 485.367, 485.519, 484.196, 481.55, 487.175, 485.8, 487.462, 484.019, 485.784, 489.244]
[486.534, 486.435, 484.376, 482.857, 487.66, 481.822, 482.397, 482.857, 485.367, 485.519, 484.196, 481.55, 487.175, 485.8, 487.462, 484.019, 485.784, 489.244, 478.939]
[486.534, 486.435, 484.376, 482.857, 487.66, 481.822, 482.397, 482.857, 485.367, 485.519, 484.196, 481.55, 487.175, 485.8, 487.462, 484.019, 485.784, 489.244, 478.939, 484.172]
[486.534, 486.435, 484.376, 482.857, 487.66, 481.822, 482.397, 482.857, 485.367, 485.519, 484.196, 481.55, 487.175, 485.8, 487.462, 484.019, 485.784, 489.244, 478.939, 484.172, 480.801]
[486.534, 486.435, 484.376, 482.857, 487.66, 481.822, 482.397, 482.857, 485.367, 485.519, 484.196, 481.55, 487.175, 485.8, 487.462, 484.019, 485.784, 489.244, 478.939, 484.172, 480.801, 483.594]
[486.534, 486.435, 484.376, 482.857, 487.66, 481.822, 482.397, 482.857, 485.367, 485.519, 484.196, 481.55, 487.175, 485.8, 487.462, 484.019, 485.784, 489.244, 478.939, 484.172, 480.801, 483.594, 488.464]
[486.534, 486.435, 484.376, 482.857, 487.66, 481.822, 482.397, 482.857, 485.367, 485.519, 484.196, 481.55, 487.175, 485.8, 487.462, 484.019, 485.784, 489.244, 478.939, 484.172, 480.801, 483.594, 488.464, 483.621]
[486.534, 486.435, 484.376, 482.857, 487.66, 481.822, 482.397, 482.857, 485.367, 485.519, 484.196, 481.55, 487.175, 485.8, 487.462, 484.019, 485.784, 489.244, 478.939, 484.172, 480.801, 483.594, 488.464, 483.621, 483.287]
[486.534, 486.435, 484.376, 482.857, 487.66, 481.822, 482.397, 482.857, 485.367, 485.519, 484.196, 481.55, 487.175, 485.8, 487.462, 484.019, 485.784, 489.244, 478.939, 484.172, 480.801, 483.594, 488.464, 483.621, 483.287, 485.121]
[486.534, 486.435, 484.376, 482.857, 487.66, 481.822, 482.397, 482.857, 485.367, 485.519, 484.196, 481.55, 487.175, 485.8, 487.462, 484.019, 485.784, 489.244, 478.939, 484.172, 480.801, 483.594, 488.464, 483.621, 483.287, 485.121, 487.813]
[486.534, 486.435, 484.376, 482.857, 487.66, 481.822, 482.397, 482.857, 485.367, 485.519, 484.196, 481.55, 487.175, 485.8, 487.462, 484.019, 485.784, 489.244, 478.939, 484.172, 480.801, 483.594, 488.464, 483.621, 483.287, 485.121, 487.813, 484.486]
[486.534, 486.435, 484.376, 482.857, 487.66, 481.822, 482.397, 482.857, 485.367, 485.519, 484.196, 481.55, 487.175, 485.8, 487.462, 484.019, 485.784, 489.244, 478.939, 484.172, 480.801, 483.594, 488.464, 483.621, 483.287, 485.121, 487.813, 484.486, 488.451]
[486.534, 486.435, 484.376, 482.857, 487.66, 481.822, 482.397, 482.857, 485.367, 485.519, 484.196, 481.55, 487.175, 485.8, 487.462, 484.019, 485.784, 489.244, 478.939, 484.172, 480.801, 483.594, 488.464, 483.621, 483.287, 485.121, 487.813, 484.486, 488.451, 485.173]
[486.534, 486.435, 484.376, 482.857, 487.66, 481.822, 482.397, 482.857, 485.367, 485.519, 484.196, 481.55, 487.175, 485.8, 487.462, 484.019, 485.784, 489.244, 478.939, 484.172, 480.801, 483.594, 488.464, 483.621, 483.287, 485.121, 487.813, 484.486, 488.451, 485.173, 492.022]
[486.534, 486.435, 484.376, 482.857, 487.66, 481.822, 482.397, 482.857, 485.367, 485.519, 484.196, 481.55, 487.175, 485.8, 487.462, 484.019, 485.784, 489.244, 478.939, 484.172, 480.801, 483.594, 488.464, 483.621, 483.287, 485.121, 487.813, 484.486, 488.451, 485.173, 492.022, 490.021]
[486.534, 486.435, 484.376, 482.857, 487.66, 481.822, 482.397, 482.857, 485.367, 485.519, 484.196, 481.55, 487.175, 485.8, 487.462, 484.019, 485.784, 489.244, 478.939, 484.172, 480.801, 483.594, 488.464, 483.621, 483.287, 485.121, 487.813, 484.486, 488.451, 485.173, 492.022, 490.021, 484.82]
