ANNarchy 4.8 (4.8.2.6) on linux (posix).
Pesos de INICIO:  [[  0.        0.        0.        0.        0.        0.        0.
    0.       29.8144  -10.1163    0.     ]
 [  0.        0.        0.        0.        0.        0.        0.
    0.       71.3027   51.9695    0.     ]
 [  0.        0.        0.        0.        0.        0.        0.
    0.       37.9904   39.254     0.     ]
 [-42.9493    0.        0.        0.        0.        0.        0.
    0.       24.3339    9.08287   0.     ]
 [  0.        0.        0.        0.        0.        0.        0.
    0.       24.5977    9.10533   0.     ]
 [  0.        0.        0.        0.        0.        0.        0.
    0.        0.       66.4909   56.9587 ]
 [  0.      -19.5997    0.        0.        0.        0.        0.
    0.       10.4295  -21.3673    0.     ]
 [  0.        0.        0.        0.        0.        4.33677   0.
    0.      -23.3823   52.8257    0.     ]
 [  0.        0.        0.        0.        0.        0.        0.
    0.        0.        0.        0.     ]
 [  0.       74.3016    0.        0.        0.        0.        0.
    0.        0.        0.        0.     ]
 [  0.        0.        0.        0.        0.        0.       14.7189
    0.        3.04212   0.        0.     ]]
Pesos de INICIO:  <Compressed Sparse Row sparse matrix of dtype 'float64'
	with 22 stored elements and shape (11, 11)>
  Coords	Values
  (0, 8)	29.8144
  (0, 9)	-10.1163
  (1, 8)	71.3027
  (1, 9)	51.9695
  (2, 8)	37.9904
  (2, 9)	39.254
  (3, 0)	-42.9493
  (3, 8)	24.3339
  (3, 9)	9.08287
  (4, 8)	24.5977
  (4, 9)	9.10533
  (5, 9)	66.4909
  (5, 10)	56.9587
  (6, 1)	-19.5997
  (6, 8)	10.4295
  (6, 9)	-21.3673
  (7, 5)	4.33677
  (7, 8)	-23.3823
  (7, 9)	52.8257
  (9, 1)	74.3016
  (10, 6)	14.7189
  (10, 8)	3.04212
Compiling ...  OK 
[485.424]
[485.424, 479.526]
[485.424, 479.526, 482.907]
[485.424, 479.526, 482.907, 482.97]
[485.424, 479.526, 482.907, 482.97, 479.767]
[485.424, 479.526, 482.907, 482.97, 479.767, 488.317]
[485.424, 479.526, 482.907, 482.97, 479.767, 488.317, 488.177]
[485.424, 479.526, 482.907, 482.97, 479.767, 488.317, 488.177, 483.942]
[485.424, 479.526, 482.907, 482.97, 479.767, 488.317, 488.177, 483.942, 482.048]
[485.424, 479.526, 482.907, 482.97, 479.767, 488.317, 488.177, 483.942, 482.048, 485.189]
[485.424, 479.526, 482.907, 482.97, 479.767, 488.317, 488.177, 483.942, 482.048, 485.189, 485.248]
[485.424, 479.526, 482.907, 482.97, 479.767, 488.317, 488.177, 483.942, 482.048, 485.189, 485.248, 487.71]
[485.424, 479.526, 482.907, 482.97, 479.767, 488.317, 488.177, 483.942, 482.048, 485.189, 485.248, 487.71, 486.23]
[485.424, 479.526, 482.907, 482.97, 479.767, 488.317, 488.177, 483.942, 482.048, 485.189, 485.248, 487.71, 486.23, 482.491]
[485.424, 479.526, 482.907, 482.97, 479.767, 488.317, 488.177, 483.942, 482.048, 485.189, 485.248, 487.71, 486.23, 482.491, 485.78]
[485.424, 479.526, 482.907, 482.97, 479.767, 488.317, 488.177, 483.942, 482.048, 485.189, 485.248, 487.71, 486.23, 482.491, 485.78, 482.432]
[485.424, 479.526, 482.907, 482.97, 479.767, 488.317, 488.177, 483.942, 482.048, 485.189, 485.248, 487.71, 486.23, 482.491, 485.78, 482.432, 486.871]
[485.424, 479.526, 482.907, 482.97, 479.767, 488.317, 488.177, 483.942, 482.048, 485.189, 485.248, 487.71, 486.23, 482.491, 485.78, 482.432, 486.871, 479.155]
[485.424, 479.526, 482.907, 482.97, 479.767, 488.317, 488.177, 483.942, 482.048, 485.189, 485.248, 487.71, 486.23, 482.491, 485.78, 482.432, 486.871, 479.155, 483.66]
[485.424, 479.526, 482.907, 482.97, 479.767, 488.317, 488.177, 483.942, 482.048, 485.189, 485.248, 487.71, 486.23, 482.491, 485.78, 482.432, 486.871, 479.155, 483.66, 487.39]
[485.424, 479.526, 482.907, 482.97, 479.767, 488.317, 488.177, 483.942, 482.048, 485.189, 485.248, 487.71, 486.23, 482.491, 485.78, 482.432, 486.871, 479.155, 483.66, 487.39, 482.214]
[485.424, 479.526, 482.907, 482.97, 479.767, 488.317, 488.177, 483.942, 482.048, 485.189, 485.248, 487.71, 486.23, 482.491, 485.78, 482.432, 486.871, 479.155, 483.66, 487.39, 482.214, 483.465]
[485.424, 479.526, 482.907, 482.97, 479.767, 488.317, 488.177, 483.942, 482.048, 485.189, 485.248, 487.71, 486.23, 482.491, 485.78, 482.432, 486.871, 479.155, 483.66, 487.39, 482.214, 483.465, 485.126]
[485.424, 479.526, 482.907, 482.97, 479.767, 488.317, 488.177, 483.942, 482.048, 485.189, 485.248, 487.71, 486.23, 482.491, 485.78, 482.432, 486.871, 479.155, 483.66, 487.39, 482.214, 483.465, 485.126, 484.912]
[485.424, 479.526, 482.907, 482.97, 479.767, 488.317, 488.177, 483.942, 482.048, 485.189, 485.248, 487.71, 486.23, 482.491, 485.78, 482.432, 486.871, 479.155, 483.66, 487.39, 482.214, 483.465, 485.126, 484.912, 484.55]
[485.424, 479.526, 482.907, 482.97, 479.767, 488.317, 488.177, 483.942, 482.048, 485.189, 485.248, 487.71, 486.23, 482.491, 485.78, 482.432, 486.871, 479.155, 483.66, 487.39, 482.214, 483.465, 485.126, 484.912, 484.55, 485.468]
[485.424, 479.526, 482.907, 482.97, 479.767, 488.317, 488.177, 483.942, 482.048, 485.189, 485.248, 487.71, 486.23, 482.491, 485.78, 482.432, 486.871, 479.155, 483.66, 487.39, 482.214, 483.465, 485.126, 484.912, 484.55, 485.468, 481.99]
[485.424, 479.526, 482.907, 482.97, 479.767, 488.317, 488.177, 483.942, 482.048, 485.189, 485.248, 487.71, 486.23, 482.491, 485.78, 482.432, 486.871, 479.155, 483.66, 487.39, 482.214, 483.465, 485.126, 484.912, 484.55, 485.468, 481.99, 485.227]
[485.424, 479.526, 482.907, 482.97, 479.767, 488.317, 488.177, 483.942, 482.048, 485.189, 485.248, 487.71, 486.23, 482.491, 485.78, 482.432, 486.871, 479.155, 483.66, 487.39, 482.214, 483.465, 485.126, 484.912, 484.55, 485.468, 481.99, 485.227, 481.427]
[485.424, 479.526, 482.907, 482.97, 479.767, 488.317, 488.177, 483.942, 482.048, 485.189, 485.248, 487.71, 486.23, 482.491, 485.78, 482.432, 486.871, 479.155, 483.66, 487.39, 482.214, 483.465, 485.126, 484.912, 484.55, 485.468, 481.99, 485.227, 481.427, 484.044]
[485.424, 479.526, 482.907, 482.97, 479.767, 488.317, 488.177, 483.942, 482.048, 485.189, 485.248, 487.71, 486.23, 482.491, 485.78, 482.432, 486.871, 479.155, 483.66, 487.39, 482.214, 483.465, 485.126, 484.912, 484.55, 485.468, 481.99, 485.227, 481.427, 484.044, 479.912]
[485.424, 479.526, 482.907, 482.97, 479.767, 488.317, 488.177, 483.942, 482.048, 485.189, 485.248, 487.71, 486.23, 482.491, 485.78, 482.432, 486.871, 479.155, 483.66, 487.39, 482.214, 483.465, 485.126, 484.912, 484.55, 485.468, 481.99, 485.227, 481.427, 484.044, 479.912, 482.952]
[485.424, 479.526, 482.907, 482.97, 479.767, 488.317, 488.177, 483.942, 482.048, 485.189, 485.248, 487.71, 486.23, 482.491, 485.78, 482.432, 486.871, 479.155, 483.66, 487.39, 482.214, 483.465, 485.126, 484.912, 484.55, 485.468, 481.99, 485.227, 481.427, 484.044, 479.912, 482.952, 484.978]
