ANNarchy 4.8 (4.8.2.6) on linux (posix).
Pesos de INICIO:  [[  0.         0.         0.         0.         0.         0.
    0.         0.        19.8144    -0.993763   0.         0.
    0.         0.         0.         0.         0.         0.
    0.         0.         0.         0.         0.         0.
    0.         0.         0.         0.         0.      ]
 [  0.         0.         0.         0.         0.         0.
    0.         0.         0.         1.32806    0.         0.
    0.         0.         0.         0.         0.         0.
    0.         0.         0.         0.         0.         0.
    0.         0.         0.         0.        32.8287  ]
 [  0.         0.         0.         0.         0.         0.
    0.         0.        78.3239    44.254      0.         0.
    0.         0.         0.         0.         0.         0.
    0.         0.         0.         0.         0.         0.
    0.         0.         0.         0.         0.      ]
 [  0.         0.         0.         0.         0.         0.
    0.         0.        26.3662    55.9735     0.         0.
    0.         0.         0.         0.         0.         0.
    0.         0.         0.         0.         0.         0.
    0.         0.         0.         0.         0.      ]
 [  0.         0.         0.         0.         0.         0.
    0.         0.        -8.58287    0.         0.         0.
    0.         0.         0.         0.         0.         0.
    0.         0.         0.         0.         0.         0.
    0.         0.         0.         0.         0.      ]
 [  0.         0.         0.         0.         0.         0.
    0.         0.         9.42509   78.3596     0.         0.
    0.         0.         0.         0.         0.         0.
    0.         0.         0.         0.         0.         0.
    0.         0.         0.         0.         0.      ]
 [  0.         0.         0.         0.         0.         0.
    0.         0.        67.755     -4.53449    0.         0.
    0.         0.         0.         0.         0.         0.
    0.         0.         0.         0.         0.         0.
    0.         0.         0.         0.         0.      ]
 [  0.         0.         0.       -13.0484     0.         0.
    0.         0.       -21.4334    52.8257     0.         0.
    0.         0.         0.         0.         0.         0.
    0.         0.         0.         0.         0.         0.
    0.         0.         0.         0.         0.      ]
 [  0.         0.        82.2968     0.         0.         0.
    0.         0.         0.         0.         0.         0.
    0.         0.         0.         0.         0.         0.
    0.         0.         0.         0.         0.         0.
    0.         0.         0.         0.         0.      ]
 [  0.         0.         0.         0.        14.9933     0.
    0.         0.         0.         0.         0.         0.
    0.         0.         0.         0.         0.         0.
    0.         0.         0.         0.         0.         0.
    0.         0.         0.         0.         0.      ]
 [  0.         0.         0.         0.         0.         0.
    0.         0.         0.         0.         0.         0.
    0.         0.         0.         0.         0.         0.
    0.         0.         0.         0.         0.         0.
    0.         0.         0.         0.         0.      ]
 [  0.         0.         0.         0.         0.         0.
    0.         0.         0.         0.         0.         0.
    0.         0.         0.         0.         0.         0.
    0.         0.         0.         0.         0.         0.
    0.         0.         0.         0.         0.      ]
 [  0.         0.         0.         0.         0.         0.
    0.         0.         0.         0.         0.         0.
    0.         0.         0.         0.         0.         0.
    0.         0.         0.         0.         0.         0.
    0.         0.         0.         0.         0.      ]
 [  0.         0.         0.         0.         0.         0.
    0.         0.         0.         0.         0.         0.
    0.         0.         0.         0.         0.         0.
    0.         0.         0.         0.         0.         0.
    0.         0.         0.         0.         0.      ]
 [  0.         0.         0.         0.         0.         0.
    0.         0.         0.         0.         0.         0.
    0.         0.         0.         0.         0.         0.
    0.         0.         0.         0.         0.         0.
    0.         0.         0.         0.         0.      ]
 [  0.         0.         0.         0.         0.         0.
    0.         0.         0.         0.         0.         0.
    0.         0.         0.         0.         0.         0.
    0.         0.         0.         0.         0.         0.
    0.         0.         0.         0.         0.      ]
 [  0.         0.         0.         0.         0.         0.
    0.         0.         0.         0.         0.         0.
    0.         0.         0.         0.         0.         0.
    0.         0.         0.         0.         0.         0.
    0.         0.         0.         0.         0.      ]
 [  0.         0.         0.         0.         0.         0.
    0.         0.         0.         0.         0.         0.
    0.         0.         0.         0.         0.         0.
    0.         0.         0.         0.         0.         0.
    0.         0.         0.         0.         0.      ]
 [  0.         0.         0.         0.         0.         0.
    0.         0.         0.         0.         0.         0.
    0.         0.         0.         0.         0.         0.
    0.         0.         0.         0.         0.         0.
    0.         0.         0.         0.         0.      ]
 [  0.         0.         0.         0.         0.         0.
    0.         0.         0.         0.         0.         0.
    0.         0.         0.         0.         0.         0.
    0.         0.         0.         0.         0.         0.
    0.         0.         0.         0.         0.      ]
 [  0.         0.         0.         0.         0.         0.
    0.         0.        54.7798     0.         0.         0.
    0.         0.         0.         0.         0.         0.
    0.         0.         0.         0.         0.         0.
    0.         0.         0.         0.         0.      ]
 [  0.         0.         0.         0.         0.         0.
    0.         0.         0.         0.         0.         0.
    0.         0.         0.         0.         0.         0.
    0.         0.         0.         0.         0.         0.
    0.         0.         0.         0.         0.      ]
 [  0.         0.         0.         0.         0.         0.
    0.         0.         0.         0.         0.         0.
    0.         0.         0.         0.         0.         0.
    0.         0.         0.         0.         0.         0.
    0.         0.         0.         0.         0.      ]
 [  0.         0.         0.         0.         0.         0.
    0.         0.         0.         0.         0.         0.
    0.         0.         0.         0.         0.         0.
    0.         0.         0.         0.         0.         0.
    0.         0.         0.         0.         0.      ]
 [  0.         0.         0.         0.         0.         0.
    0.         0.         0.         0.         0.         0.
    0.         0.         0.         0.         0.         0.
    0.         0.         0.         0.         0.         0.
    0.         0.         0.         0.         0.      ]
 [  0.         0.         0.         0.         0.         0.
    0.         0.         0.         0.         0.         0.
    0.         0.         0.         0.         0.         0.
    0.         0.         0.         0.         0.         0.
    0.         0.         0.         0.         0.      ]
 [  0.         0.         0.         0.         0.         0.
    0.         0.         0.         0.         0.         0.
    0.         0.         0.         0.         0.         0.
    0.         0.         0.         0.         0.         0.
    0.         0.         0.         0.         0.      ]
 [  0.         0.         0.         0.         0.         0.
    0.         0.         0.         0.         0.         0.
    0.         0.         0.         0.         0.         0.
    0.         0.         0.         0.         0.         0.
    0.         0.         0.         0.         0.      ]
 [  0.         0.         0.         0.         0.         0.
    0.         0.         0.         0.         0.         0.
    0.         0.         0.         0.         0.         0.
    0.         0.       -18.478      0.         0.         0.
    0.         0.         0.         0.         0.      ]]
Pesos de INICIO:  <Compressed Sparse Row sparse matrix of dtype 'float64'
	with 20 stored elements and shape (29, 29)>
  Coords	Values
  (0, 8)	19.8144
  (0, 9)	-0.993763
  (1, 9)	1.32806
  (1, 28)	32.8287
  (2, 8)	78.3239
  (2, 9)	44.254
  (3, 8)	26.3662
  (3, 9)	55.9735
  (4, 8)	-8.58287
  (5, 8)	9.42509
  (5, 9)	78.3596
  (6, 8)	67.755
  (6, 9)	-4.53449
  (7, 3)	-13.0484
  (7, 8)	-21.4334
  (7, 9)	52.8257
  (8, 2)	82.2968
  (9, 4)	14.9933
  (20, 8)	54.7798
  (28, 20)	-18.478
Compiling ...  OK 
[476.912]
[476.912, 460.149]
[476.912, 460.149, 476.017]
[476.912, 460.149, 476.017, 455.705]
[476.912, 460.149, 476.017, 455.705, 469.714]
[476.912, 460.149, 476.017, 455.705, 469.714, 480.969]
[476.912, 460.149, 476.017, 455.705, 469.714, 480.969, 476.287]
[476.912, 460.149, 476.017, 455.705, 469.714, 480.969, 476.287, 476.284]
[476.912, 460.149, 476.017, 455.705, 469.714, 480.969, 476.287, 476.284, 474.781]
[476.912, 460.149, 476.017, 455.705, 469.714, 480.969, 476.287, 476.284, 474.781, 466.903]
[476.912, 460.149, 476.017, 455.705, 469.714, 480.969, 476.287, 476.284, 474.781, 466.903, 473.121]
[476.912, 460.149, 476.017, 455.705, 469.714, 480.969, 476.287, 476.284, 474.781, 466.903, 473.121, 469.26]
[476.912, 460.149, 476.017, 455.705, 469.714, 480.969, 476.287, 476.284, 474.781, 466.903, 473.121, 469.26, 462.326]
[476.912, 460.149, 476.017, 455.705, 469.714, 480.969, 476.287, 476.284, 474.781, 466.903, 473.121, 469.26, 462.326, 479.334]
[476.912, 460.149, 476.017, 455.705, 469.714, 480.969, 476.287, 476.284, 474.781, 466.903, 473.121, 469.26, 462.326, 479.334, 461.191]
[476.912, 460.149, 476.017, 455.705, 469.714, 480.969, 476.287, 476.284, 474.781, 466.903, 473.121, 469.26, 462.326, 479.334, 461.191, 474.819]
[476.912, 460.149, 476.017, 455.705, 469.714, 480.969, 476.287, 476.284, 474.781, 466.903, 473.121, 469.26, 462.326, 479.334, 461.191, 474.819, 466.017]
[476.912, 460.149, 476.017, 455.705, 469.714, 480.969, 476.287, 476.284, 474.781, 466.903, 473.121, 469.26, 462.326, 479.334, 461.191, 474.819, 466.017, 467.254]
[476.912, 460.149, 476.017, 455.705, 469.714, 480.969, 476.287, 476.284, 474.781, 466.903, 473.121, 469.26, 462.326, 479.334, 461.191, 474.819, 466.017, 467.254, 471.458]
[476.912, 460.149, 476.017, 455.705, 469.714, 480.969, 476.287, 476.284, 474.781, 466.903, 473.121, 469.26, 462.326, 479.334, 461.191, 474.819, 466.017, 467.254, 471.458, 477.608]
[476.912, 460.149, 476.017, 455.705, 469.714, 480.969, 476.287, 476.284, 474.781, 466.903, 473.121, 469.26, 462.326, 479.334, 461.191, 474.819, 466.017, 467.254, 471.458, 477.608, 462.801]
[476.912, 460.149, 476.017, 455.705, 469.714, 480.969, 476.287, 476.284, 474.781, 466.903, 473.121, 469.26, 462.326, 479.334, 461.191, 474.819, 466.017, 467.254, 471.458, 477.608, 462.801, 463.617]
[476.912, 460.149, 476.017, 455.705, 469.714, 480.969, 476.287, 476.284, 474.781, 466.903, 473.121, 469.26, 462.326, 479.334, 461.191, 474.819, 466.017, 467.254, 471.458, 477.608, 462.801, 463.617, 480.278]
[476.912, 460.149, 476.017, 455.705, 469.714, 480.969, 476.287, 476.284, 474.781, 466.903, 473.121, 469.26, 462.326, 479.334, 461.191, 474.819, 466.017, 467.254, 471.458, 477.608, 462.801, 463.617, 480.278, 480.695]
[476.912, 460.149, 476.017, 455.705, 469.714, 480.969, 476.287, 476.284, 474.781, 466.903, 473.121, 469.26, 462.326, 479.334, 461.191, 474.819, 466.017, 467.254, 471.458, 477.608, 462.801, 463.617, 480.278, 480.695, 484.218]
[476.912, 460.149, 476.017, 455.705, 469.714, 480.969, 476.287, 476.284, 474.781, 466.903, 473.121, 469.26, 462.326, 479.334, 461.191, 474.819, 466.017, 467.254, 471.458, 477.608, 462.801, 463.617, 480.278, 480.695, 484.218, 474.074]
[476.912, 460.149, 476.017, 455.705, 469.714, 480.969, 476.287, 476.284, 474.781, 466.903, 473.121, 469.26, 462.326, 479.334, 461.191, 474.819, 466.017, 467.254, 471.458, 477.608, 462.801, 463.617, 480.278, 480.695, 484.218, 474.074, 471.355]
[476.912, 460.149, 476.017, 455.705, 469.714, 480.969, 476.287, 476.284, 474.781, 466.903, 473.121, 469.26, 462.326, 479.334, 461.191, 474.819, 466.017, 467.254, 471.458, 477.608, 462.801, 463.617, 480.278, 480.695, 484.218, 474.074, 471.355, 474.841]
[476.912, 460.149, 476.017, 455.705, 469.714, 480.969, 476.287, 476.284, 474.781, 466.903, 473.121, 469.26, 462.326, 479.334, 461.191, 474.819, 466.017, 467.254, 471.458, 477.608, 462.801, 463.617, 480.278, 480.695, 484.218, 474.074, 471.355, 474.841, 478.233]
[476.912, 460.149, 476.017, 455.705, 469.714, 480.969, 476.287, 476.284, 474.781, 466.903, 473.121, 469.26, 462.326, 479.334, 461.191, 474.819, 466.017, 467.254, 471.458, 477.608, 462.801, 463.617, 480.278, 480.695, 484.218, 474.074, 471.355, 474.841, 478.233, 479.99]
[476.912, 460.149, 476.017, 455.705, 469.714, 480.969, 476.287, 476.284, 474.781, 466.903, 473.121, 469.26, 462.326, 479.334, 461.191, 474.819, 466.017, 467.254, 471.458, 477.608, 462.801, 463.617, 480.278, 480.695, 484.218, 474.074, 471.355, 474.841, 478.233, 479.99, 465.531]
[476.912, 460.149, 476.017, 455.705, 469.714, 480.969, 476.287, 476.284, 474.781, 466.903, 473.121, 469.26, 462.326, 479.334, 461.191, 474.819, 466.017, 467.254, 471.458, 477.608, 462.801, 463.617, 480.278, 480.695, 484.218, 474.074, 471.355, 474.841, 478.233, 479.99, 465.531, 463.199]
[476.912, 460.149, 476.017, 455.705, 469.714, 480.969, 476.287, 476.284, 474.781, 466.903, 473.121, 469.26, 462.326, 479.334, 461.191, 474.819, 466.017, 467.254, 471.458, 477.608, 462.801, 463.617, 480.278, 480.695, 484.218, 474.074, 471.355, 474.841, 478.233, 479.99, 465.531, 463.199, 474.391]
