ANNarchy 4.8 (4.8.2.6) on linux (posix).
Pesos de INICIO:  [[  0.        0.        0.        0.        0.        0.        0.
    0.      -12.991    -5.11626   0.        0.        0.        0.
    0.        0.        0.        0.        0.        0.        0.
    0.        0.        0.     ]
 [  0.        0.        0.        0.        0.        0.        0.
    0.       72.3728   35.6969    0.        0.        0.        0.
    0.        0.        0.        0.        0.        0.        0.
    0.        0.        0.     ]
 [  0.        0.        0.        0.        0.        0.        0.
    0.      -14.8875    2.54909   0.        0.        0.        0.
    0.        0.        0.        0.        0.        0.        0.
    0.        0.        0.     ]
 [  0.        0.        0.        0.        0.        0.        0.
    0.        0.       16.157     0.        0.        0.        0.
    0.        0.        0.        0.        0.        0.        0.
    0.        0.       26.1543 ]
 [  0.        0.        0.        0.        0.        0.        0.
    0.       40.5368   51.8867    0.        0.        0.        0.
    0.        0.        0.        0.        0.        0.        0.
    0.        0.        0.     ]
 [  0.        0.        0.        0.        0.        0.        0.
    0.        9.42509   0.       26.7021    0.        0.        0.
    0.        0.        0.        0.        0.        0.        0.
    0.        0.        0.     ]
 [  0.        0.        0.        0.        0.        0.        0.
    0.       35.9146  -11.3673    0.        0.        0.        0.
    0.        0.        0.        0.        0.        0.        0.
    0.        0.        0.     ]
 [  0.        0.        0.        0.        0.        0.        0.
    0.       10.7469   52.8257    0.        0.        0.        0.
    0.        0.        0.        0.        0.        0.        0.
    0.        0.        0.     ]
 [  0.        0.      -60.4145    0.        0.        0.        0.
    0.        0.        0.        0.        0.        0.        0.
    0.        0.        0.        0.        0.        0.        0.
    0.        0.        0.     ]
 [  0.        0.        0.        0.        0.        0.        0.
    0.        0.        0.        0.        0.        0.        0.
    0.        0.        0.        0.        0.        0.        0.
    0.        0.        0.     ]
 [  0.        0.        0.        0.        0.        0.        0.
    0.        0.       61.4909    0.        0.        0.        0.
    0.        0.        0.        0.        0.        0.        0.
    0.        0.        0.     ]
 [  0.        0.        0.        0.        0.        0.        0.
    0.        0.        0.        0.        0.        0.        0.
    0.        0.        0.        0.        0.        0.        0.
    0.        0.        0.     ]
 [  0.        0.        0.        0.        0.        0.        0.
    0.        0.        0.        0.        0.        0.        0.
    0.        0.        0.        0.        0.        0.        0.
    0.        0.        0.     ]
 [  0.        0.        0.        0.        0.        0.        0.
    0.        0.        0.        0.        0.        0.        0.
    0.        0.        0.        0.        0.        0.        0.
    0.        0.        0.     ]
 [  0.        0.        0.        0.        0.        0.        0.
    0.        0.        0.        0.        0.        0.        0.
    0.        0.        0.        0.        0.        0.        0.
    0.        0.        0.     ]
 [  0.        0.        0.        0.        0.        0.        0.
    0.        0.        0.        0.        0.        0.        0.
    0.        0.        0.        0.        0.        0.        0.
    0.        0.        0.     ]
 [  0.        0.        0.        0.        0.        0.        0.
    0.        0.        0.        0.        0.        0.        0.
    0.        0.        0.        0.        0.        0.        0.
    0.        0.        0.     ]
 [  0.        0.        0.        0.        0.        0.        0.
    0.        0.        0.        0.        0.        0.        0.
    0.        0.        0.        0.        0.        0.        0.
    0.        0.        0.     ]
 [  0.        0.        0.        0.        0.        0.        0.
    0.        0.        0.        0.        0.        0.        0.
    0.        0.        0.        0.        0.        0.        0.
    0.        0.        0.     ]
 [  0.        0.        0.        0.        0.        0.        0.
    0.        0.        0.        0.        0.        0.        0.
    0.        0.        0.        0.        0.        0.        0.
    0.        0.        0.     ]
 [  0.        0.        0.        0.        0.        0.        0.
    0.        0.        0.        0.        0.        0.        0.
    0.        0.        0.        0.        0.        0.        0.
    0.        0.        0.     ]
 [  0.        0.        0.        0.        0.        0.        0.
    0.        0.        0.        0.        0.        0.        0.
    0.        0.        0.        0.        0.        0.        0.
    0.        0.        0.     ]
 [  0.        0.        0.        0.        0.        0.        0.
    0.        0.        0.        0.        0.        0.        0.
    0.        0.        0.        0.        0.        0.        0.
    0.        0.        0.     ]
 [  0.        0.        0.        0.        0.        0.        0.
    0.       10.5239    0.        0.        0.        0.        0.
    0.        0.        0.        0.        0.        0.        0.
    0.        0.        0.     ]]
Pesos de INICIO:  <Compressed Sparse Row sparse matrix of dtype 'float64'
	with 19 stored elements and shape (24, 24)>
  Coords	Values
  (0, 8)	-12.991
  (0, 9)	-5.11626
  (1, 8)	72.3728
  (1, 9)	35.6969
  (2, 8)	-14.8875
  (2, 9)	2.54909
  (3, 9)	16.157
  (3, 23)	26.1543
  (4, 8)	40.5368
  (4, 9)	51.8867
  (5, 8)	9.42509
  (5, 10)	26.7021
  (6, 8)	35.9146
  (6, 9)	-11.3673
  (7, 8)	10.7469
  (7, 9)	52.8257
  (8, 2)	-60.4145
  (10, 9)	61.4909
  (23, 8)	10.5239
Compiling ...  OK 
[411.538]
[411.538, 413.056]
[411.538, 413.056, 416.214]
[411.538, 413.056, 416.214, 416.447]
[411.538, 413.056, 416.214, 416.447, 415.206]
[411.538, 413.056, 416.214, 416.447, 415.206, 405.903]
[411.538, 413.056, 416.214, 416.447, 415.206, 405.903, 420.241]
[411.538, 413.056, 416.214, 416.447, 415.206, 405.903, 420.241, 409.789]
[411.538, 413.056, 416.214, 416.447, 415.206, 405.903, 420.241, 409.789, 411.751]
[411.538, 413.056, 416.214, 416.447, 415.206, 405.903, 420.241, 409.789, 411.751, 416.162]
[411.538, 413.056, 416.214, 416.447, 415.206, 405.903, 420.241, 409.789, 411.751, 416.162, 412.844]
[411.538, 413.056, 416.214, 416.447, 415.206, 405.903, 420.241, 409.789, 411.751, 416.162, 412.844, 410.168]
[411.538, 413.056, 416.214, 416.447, 415.206, 405.903, 420.241, 409.789, 411.751, 416.162, 412.844, 410.168, 409.956]
[411.538, 413.056, 416.214, 416.447, 415.206, 405.903, 420.241, 409.789, 411.751, 416.162, 412.844, 410.168, 409.956, 412.569]
[411.538, 413.056, 416.214, 416.447, 415.206, 405.903, 420.241, 409.789, 411.751, 416.162, 412.844, 410.168, 409.956, 412.569, 409.093]
[411.538, 413.056, 416.214, 416.447, 415.206, 405.903, 420.241, 409.789, 411.751, 416.162, 412.844, 410.168, 409.956, 412.569, 409.093, 412.066]
[411.538, 413.056, 416.214, 416.447, 415.206, 405.903, 420.241, 409.789, 411.751, 416.162, 412.844, 410.168, 409.956, 412.569, 409.093, 412.066, 408.707]
[411.538, 413.056, 416.214, 416.447, 415.206, 405.903, 420.241, 409.789, 411.751, 416.162, 412.844, 410.168, 409.956, 412.569, 409.093, 412.066, 408.707, 406.922]
[411.538, 413.056, 416.214, 416.447, 415.206, 405.903, 420.241, 409.789, 411.751, 416.162, 412.844, 410.168, 409.956, 412.569, 409.093, 412.066, 408.707, 406.922, 420.038]
[411.538, 413.056, 416.214, 416.447, 415.206, 405.903, 420.241, 409.789, 411.751, 416.162, 412.844, 410.168, 409.956, 412.569, 409.093, 412.066, 408.707, 406.922, 420.038, 412.705]
[411.538, 413.056, 416.214, 416.447, 415.206, 405.903, 420.241, 409.789, 411.751, 416.162, 412.844, 410.168, 409.956, 412.569, 409.093, 412.066, 408.707, 406.922, 420.038, 412.705, 401.343]
[411.538, 413.056, 416.214, 416.447, 415.206, 405.903, 420.241, 409.789, 411.751, 416.162, 412.844, 410.168, 409.956, 412.569, 409.093, 412.066, 408.707, 406.922, 420.038, 412.705, 401.343, 405.998]
[411.538, 413.056, 416.214, 416.447, 415.206, 405.903, 420.241, 409.789, 411.751, 416.162, 412.844, 410.168, 409.956, 412.569, 409.093, 412.066, 408.707, 406.922, 420.038, 412.705, 401.343, 405.998, 411.105]
[411.538, 413.056, 416.214, 416.447, 415.206, 405.903, 420.241, 409.789, 411.751, 416.162, 412.844, 410.168, 409.956, 412.569, 409.093, 412.066, 408.707, 406.922, 420.038, 412.705, 401.343, 405.998, 411.105, 406.384]
[411.538, 413.056, 416.214, 416.447, 415.206, 405.903, 420.241, 409.789, 411.751, 416.162, 412.844, 410.168, 409.956, 412.569, 409.093, 412.066, 408.707, 406.922, 420.038, 412.705, 401.343, 405.998, 411.105, 406.384, 417.868]
[411.538, 413.056, 416.214, 416.447, 415.206, 405.903, 420.241, 409.789, 411.751, 416.162, 412.844, 410.168, 409.956, 412.569, 409.093, 412.066, 408.707, 406.922, 420.038, 412.705, 401.343, 405.998, 411.105, 406.384, 417.868, 406.633]
[411.538, 413.056, 416.214, 416.447, 415.206, 405.903, 420.241, 409.789, 411.751, 416.162, 412.844, 410.168, 409.956, 412.569, 409.093, 412.066, 408.707, 406.922, 420.038, 412.705, 401.343, 405.998, 411.105, 406.384, 417.868, 406.633, 409.247]
[411.538, 413.056, 416.214, 416.447, 415.206, 405.903, 420.241, 409.789, 411.751, 416.162, 412.844, 410.168, 409.956, 412.569, 409.093, 412.066, 408.707, 406.922, 420.038, 412.705, 401.343, 405.998, 411.105, 406.384, 417.868, 406.633, 409.247, 414.118]
[411.538, 413.056, 416.214, 416.447, 415.206, 405.903, 420.241, 409.789, 411.751, 416.162, 412.844, 410.168, 409.956, 412.569, 409.093, 412.066, 408.707, 406.922, 420.038, 412.705, 401.343, 405.998, 411.105, 406.384, 417.868, 406.633, 409.247, 414.118, 410.449]
[411.538, 413.056, 416.214, 416.447, 415.206, 405.903, 420.241, 409.789, 411.751, 416.162, 412.844, 410.168, 409.956, 412.569, 409.093, 412.066, 408.707, 406.922, 420.038, 412.705, 401.343, 405.998, 411.105, 406.384, 417.868, 406.633, 409.247, 414.118, 410.449, 420.944]
[411.538, 413.056, 416.214, 416.447, 415.206, 405.903, 420.241, 409.789, 411.751, 416.162, 412.844, 410.168, 409.956, 412.569, 409.093, 412.066, 408.707, 406.922, 420.038, 412.705, 401.343, 405.998, 411.105, 406.384, 417.868, 406.633, 409.247, 414.118, 410.449, 420.944, 420.165]
[411.538, 413.056, 416.214, 416.447, 415.206, 405.903, 420.241, 409.789, 411.751, 416.162, 412.844, 410.168, 409.956, 412.569, 409.093, 412.066, 408.707, 406.922, 420.038, 412.705, 401.343, 405.998, 411.105, 406.384, 417.868, 406.633, 409.247, 414.118, 410.449, 420.944, 420.165, 409.212]
[411.538, 413.056, 416.214, 416.447, 415.206, 405.903, 420.241, 409.789, 411.751, 416.162, 412.844, 410.168, 409.956, 412.569, 409.093, 412.066, 408.707, 406.922, 420.038, 412.705, 401.343, 405.998, 411.105, 406.384, 417.868, 406.633, 409.247, 414.118, 410.449, 420.944, 420.165, 409.212, 411.981]
