ANNarchy 4.8 (4.8.2.6) on linux (posix).
Pesos de INICIO:  [[  0.        0.        0.        0.        0.        0.        0.
    0.      -12.991    -5.11626   0.        0.        0.        0.
    0.        0.        0.        0.        0.        0.        0.
    0.        0.        0.     ]
 [  0.        0.        0.        0.        0.        0.        0.
    0.       72.3728   35.6969    0.        0.        0.        0.
    0.        0.        0.        0.        0.        0.        0.
    0.        0.        0.     ]
 [  0.        0.        0.        0.        0.        0.        0.
    0.      -14.8875    2.54909   0.        0.        0.        0.
    0.        0.        0.        0.        0.        0.        0.
    0.        0.        0.     ]
 [  0.        0.        0.        0.        0.        0.        0.
    0.        0.       16.157     0.        0.        0.        0.
    0.        0.        0.        0.        0.        0.        0.
    0.        0.       26.1543 ]
 [  0.        0.        0.        0.        0.        0.        0.
    0.       40.5368   51.8867    0.        0.        0.        0.
    0.        0.        0.        0.        0.        0.        0.
    0.        0.        0.     ]
 [  0.        0.        0.        0.        0.        0.        0.
    0.        9.42509   0.       26.7021    0.        0.        0.
    0.        0.        0.        0.        0.        0.        0.
    0.        0.        0.     ]
 [  0.        0.        0.        0.        0.        0.        0.
    0.       35.9146  -11.3673    0.        0.        0.        0.
    0.        0.        0.        0.        0.        0.        0.
    0.        0.        0.     ]
 [  0.        0.        0.        0.        0.        0.        0.
    0.       10.7469   52.8257    0.        0.        0.        0.
    0.        0.        0.        0.        0.        0.        0.
    0.        0.        0.     ]
 [  0.        0.      -60.4145    0.        0.        0.        0.
    0.        0.        0.        0.        0.        0.        0.
    0.        0.        0.        0.        0.        0.        0.
    0.        0.        0.     ]
 [  0.        0.        0.        0.        0.        0.        0.
    0.        0.        0.        0.        0.        0.        0.
    0.        0.        0.        0.        0.        0.        0.
    0.        0.        0.     ]
 [  0.        0.        0.        0.        0.        0.        0.
    0.        0.       61.4909    0.        0.        0.        0.
    0.        0.        0.        0.        0.        0.        0.
    0.        0.        0.     ]
 [  0.        0.        0.        0.        0.        0.        0.
    0.        0.        0.        0.        0.        0.        0.
    0.        0.        0.        0.        0.        0.        0.
    0.        0.        0.     ]
 [  0.        0.        0.        0.        0.        0.        0.
    0.        0.        0.        0.        0.        0.        0.
    0.        0.        0.        0.        0.        0.        0.
    0.        0.        0.     ]
 [  0.        0.        0.        0.        0.        0.        0.
    0.        0.        0.        0.        0.        0.        0.
    0.        0.        0.        0.        0.        0.        0.
    0.        0.        0.     ]
 [  0.        0.        0.        0.        0.        0.        0.
    0.        0.        0.        0.        0.        0.        0.
    0.        0.        0.        0.        0.        0.        0.
    0.        0.        0.     ]
 [  0.        0.        0.        0.        0.        0.        0.
    0.        0.        0.        0.        0.        0.        0.
    0.        0.        0.        0.        0.        0.        0.
    0.        0.        0.     ]
 [  0.        0.        0.        0.        0.        0.        0.
    0.        0.        0.        0.        0.        0.        0.
    0.        0.        0.        0.        0.        0.        0.
    0.        0.        0.     ]
 [  0.        0.        0.        0.        0.        0.        0.
    0.        0.        0.        0.        0.        0.        0.
    0.        0.        0.        0.        0.        0.        0.
    0.        0.        0.     ]
 [  0.        0.        0.        0.        0.        0.        0.
    0.        0.        0.        0.        0.        0.        0.
    0.        0.        0.        0.        0.        0.        0.
    0.        0.        0.     ]
 [  0.        0.        0.        0.        0.        0.        0.
    0.        0.        0.        0.        0.        0.        0.
    0.        0.        0.        0.        0.        0.        0.
    0.        0.        0.     ]
 [  0.        0.        0.        0.        0.        0.        0.
    0.        0.        0.        0.        0.        0.        0.
    0.        0.        0.        0.        0.        0.        0.
    0.        0.        0.     ]
 [  0.        0.        0.        0.        0.        0.        0.
    0.        0.        0.        0.        0.        0.        0.
    0.        0.        0.        0.        0.        0.        0.
    0.        0.        0.     ]
 [  0.        0.        0.        0.        0.        0.        0.
    0.        0.        0.        0.        0.        0.        0.
    0.        0.        0.        0.        0.        0.        0.
    0.        0.        0.     ]
 [  0.        0.        0.        0.        0.        0.        0.
    0.       10.5239    0.        0.        0.        0.        0.
    0.        0.        0.        0.        0.        0.        0.
    0.        0.        0.     ]]
Pesos de INICIO:  <Compressed Sparse Row sparse matrix of dtype 'float64'
	with 19 stored elements and shape (24, 24)>
  Coords	Values
  (0, 8)	-12.991
  (0, 9)	-5.11626
  (1, 8)	72.3728
  (1, 9)	35.6969
  (2, 8)	-14.8875
  (2, 9)	2.54909
  (3, 9)	16.157
  (3, 23)	26.1543
  (4, 8)	40.5368
  (4, 9)	51.8867
  (5, 8)	9.42509
  (5, 10)	26.7021
  (6, 8)	35.9146
  (6, 9)	-11.3673
  (7, 8)	10.7469
  (7, 9)	52.8257
  (8, 2)	-60.4145
  (10, 9)	61.4909
  (23, 8)	10.5239
Compiling ...  OK 
[427.406]
[427.406, 433.26]
[427.406, 433.26, 428.488]
[427.406, 433.26, 428.488, 425.717]
[427.406, 433.26, 428.488, 425.717, 431.271]
[427.406, 433.26, 428.488, 425.717, 431.271, 426.475]
[427.406, 433.26, 428.488, 425.717, 431.271, 426.475, 434.921]
[427.406, 433.26, 428.488, 425.717, 431.271, 426.475, 434.921, 426.972]
[427.406, 433.26, 428.488, 425.717, 431.271, 426.475, 434.921, 426.972, 432.373]
[427.406, 433.26, 428.488, 425.717, 431.271, 426.475, 434.921, 426.972, 432.373, 426.957]
[427.406, 433.26, 428.488, 425.717, 431.271, 426.475, 434.921, 426.972, 432.373, 426.957, 435.527]
[427.406, 433.26, 428.488, 425.717, 431.271, 426.475, 434.921, 426.972, 432.373, 426.957, 435.527, 425.882]
[427.406, 433.26, 428.488, 425.717, 431.271, 426.475, 434.921, 426.972, 432.373, 426.957, 435.527, 425.882, 425.664]
[427.406, 433.26, 428.488, 425.717, 431.271, 426.475, 434.921, 426.972, 432.373, 426.957, 435.527, 425.882, 425.664, 431.592]
[427.406, 433.26, 428.488, 425.717, 431.271, 426.475, 434.921, 426.972, 432.373, 426.957, 435.527, 425.882, 425.664, 431.592, 431.091]
[427.406, 433.26, 428.488, 425.717, 431.271, 426.475, 434.921, 426.972, 432.373, 426.957, 435.527, 425.882, 425.664, 431.592, 431.091, 427.928]
[427.406, 433.26, 428.488, 425.717, 431.271, 426.475, 434.921, 426.972, 432.373, 426.957, 435.527, 425.882, 425.664, 431.592, 431.091, 427.928, 425.93]
[427.406, 433.26, 428.488, 425.717, 431.271, 426.475, 434.921, 426.972, 432.373, 426.957, 435.527, 425.882, 425.664, 431.592, 431.091, 427.928, 425.93, 428.449]
[427.406, 433.26, 428.488, 425.717, 431.271, 426.475, 434.921, 426.972, 432.373, 426.957, 435.527, 425.882, 425.664, 431.592, 431.091, 427.928, 425.93, 428.449, 428.44]
[427.406, 433.26, 428.488, 425.717, 431.271, 426.475, 434.921, 426.972, 432.373, 426.957, 435.527, 425.882, 425.664, 431.592, 431.091, 427.928, 425.93, 428.449, 428.44, 422.076]
[427.406, 433.26, 428.488, 425.717, 431.271, 426.475, 434.921, 426.972, 432.373, 426.957, 435.527, 425.882, 425.664, 431.592, 431.091, 427.928, 425.93, 428.449, 428.44, 422.076, 433.931]
[427.406, 433.26, 428.488, 425.717, 431.271, 426.475, 434.921, 426.972, 432.373, 426.957, 435.527, 425.882, 425.664, 431.592, 431.091, 427.928, 425.93, 428.449, 428.44, 422.076, 433.931, 435.684]
[427.406, 433.26, 428.488, 425.717, 431.271, 426.475, 434.921, 426.972, 432.373, 426.957, 435.527, 425.882, 425.664, 431.592, 431.091, 427.928, 425.93, 428.449, 428.44, 422.076, 433.931, 435.684, 429.037]
[427.406, 433.26, 428.488, 425.717, 431.271, 426.475, 434.921, 426.972, 432.373, 426.957, 435.527, 425.882, 425.664, 431.592, 431.091, 427.928, 425.93, 428.449, 428.44, 422.076, 433.931, 435.684, 429.037, 430.801]
[427.406, 433.26, 428.488, 425.717, 431.271, 426.475, 434.921, 426.972, 432.373, 426.957, 435.527, 425.882, 425.664, 431.592, 431.091, 427.928, 425.93, 428.449, 428.44, 422.076, 433.931, 435.684, 429.037, 430.801, 426.883]
[427.406, 433.26, 428.488, 425.717, 431.271, 426.475, 434.921, 426.972, 432.373, 426.957, 435.527, 425.882, 425.664, 431.592, 431.091, 427.928, 425.93, 428.449, 428.44, 422.076, 433.931, 435.684, 429.037, 430.801, 426.883, 425.716]
[427.406, 433.26, 428.488, 425.717, 431.271, 426.475, 434.921, 426.972, 432.373, 426.957, 435.527, 425.882, 425.664, 431.592, 431.091, 427.928, 425.93, 428.449, 428.44, 422.076, 433.931, 435.684, 429.037, 430.801, 426.883, 425.716, 430.269]
[427.406, 433.26, 428.488, 425.717, 431.271, 426.475, 434.921, 426.972, 432.373, 426.957, 435.527, 425.882, 425.664, 431.592, 431.091, 427.928, 425.93, 428.449, 428.44, 422.076, 433.931, 435.684, 429.037, 430.801, 426.883, 425.716, 430.269, 427.863]
[427.406, 433.26, 428.488, 425.717, 431.271, 426.475, 434.921, 426.972, 432.373, 426.957, 435.527, 425.882, 425.664, 431.592, 431.091, 427.928, 425.93, 428.449, 428.44, 422.076, 433.931, 435.684, 429.037, 430.801, 426.883, 425.716, 430.269, 427.863, 431.695]
[427.406, 433.26, 428.488, 425.717, 431.271, 426.475, 434.921, 426.972, 432.373, 426.957, 435.527, 425.882, 425.664, 431.592, 431.091, 427.928, 425.93, 428.449, 428.44, 422.076, 433.931, 435.684, 429.037, 430.801, 426.883, 425.716, 430.269, 427.863, 431.695, 437.171]
[427.406, 433.26, 428.488, 425.717, 431.271, 426.475, 434.921, 426.972, 432.373, 426.957, 435.527, 425.882, 425.664, 431.592, 431.091, 427.928, 425.93, 428.449, 428.44, 422.076, 433.931, 435.684, 429.037, 430.801, 426.883, 425.716, 430.269, 427.863, 431.695, 437.171, 433.274]
[427.406, 433.26, 428.488, 425.717, 431.271, 426.475, 434.921, 426.972, 432.373, 426.957, 435.527, 425.882, 425.664, 431.592, 431.091, 427.928, 425.93, 428.449, 428.44, 422.076, 433.931, 435.684, 429.037, 430.801, 426.883, 425.716, 430.269, 427.863, 431.695, 437.171, 433.274, 430.797]
[427.406, 433.26, 428.488, 425.717, 431.271, 426.475, 434.921, 426.972, 432.373, 426.957, 435.527, 425.882, 425.664, 431.592, 431.091, 427.928, 425.93, 428.449, 428.44, 422.076, 433.931, 435.684, 429.037, 430.801, 426.883, 425.716, 430.269, 427.863, 431.695, 437.171, 433.274, 430.797, 433.995]
