ANNarchy 4.8 (4.8.2.6) on linux (posix).
Pesos de INICIO:  [[  0.        0.        0.        0.        0.        0.        0.
    0.      -12.991    -5.11626   0.        0.        0.        0.
    0.        0.        0.        0.        0.        0.        0.
    0.        0.        0.     ]
 [  0.        0.        0.        0.        0.        0.        0.
    0.       72.3728   35.6969    0.        0.        0.        0.
    0.        0.        0.        0.        0.        0.        0.
    0.        0.        0.     ]
 [  0.        0.        0.        0.        0.        0.        0.
    0.      -14.8875    2.54909   0.        0.        0.        0.
    0.        0.        0.        0.        0.        0.        0.
    0.        0.        0.     ]
 [  0.        0.        0.        0.        0.        0.        0.
    0.        0.       16.157     0.        0.        0.        0.
    0.        0.        0.        0.        0.        0.        0.
    0.        0.       26.1543 ]
 [  0.        0.        0.        0.        0.        0.        0.
    0.       40.5368   51.8867    0.        0.        0.        0.
    0.        0.        0.        0.        0.        0.        0.
    0.        0.        0.     ]
 [  0.        0.        0.        0.        0.        0.        0.
    0.        9.42509   0.       26.7021    0.        0.        0.
    0.        0.        0.        0.        0.        0.        0.
    0.        0.        0.     ]
 [  0.        0.        0.        0.        0.        0.        0.
    0.       35.9146  -11.3673    0.        0.        0.        0.
    0.        0.        0.        0.        0.        0.        0.
    0.        0.        0.     ]
 [  0.        0.        0.        0.        0.        0.        0.
    0.       10.7469   52.8257    0.        0.        0.        0.
    0.        0.        0.        0.        0.        0.        0.
    0.        0.        0.     ]
 [  0.        0.      -60.4145    0.        0.        0.        0.
    0.        0.        0.        0.        0.        0.        0.
    0.        0.        0.        0.        0.        0.        0.
    0.        0.        0.     ]
 [  0.        0.        0.        0.        0.        0.        0.
    0.        0.        0.        0.        0.        0.        0.
    0.        0.        0.        0.        0.        0.        0.
    0.        0.        0.     ]
 [  0.        0.        0.        0.        0.        0.        0.
    0.        0.       61.4909    0.        0.        0.        0.
    0.        0.        0.        0.        0.        0.        0.
    0.        0.        0.     ]
 [  0.        0.        0.        0.        0.        0.        0.
    0.        0.        0.        0.        0.        0.        0.
    0.        0.        0.        0.        0.        0.        0.
    0.        0.        0.     ]
 [  0.        0.        0.        0.        0.        0.        0.
    0.        0.        0.        0.        0.        0.        0.
    0.        0.        0.        0.        0.        0.        0.
    0.        0.        0.     ]
 [  0.        0.        0.        0.        0.        0.        0.
    0.        0.        0.        0.        0.        0.        0.
    0.        0.        0.        0.        0.        0.        0.
    0.        0.        0.     ]
 [  0.        0.        0.        0.        0.        0.        0.
    0.        0.        0.        0.        0.        0.        0.
    0.        0.        0.        0.        0.        0.        0.
    0.        0.        0.     ]
 [  0.        0.        0.        0.        0.        0.        0.
    0.        0.        0.        0.        0.        0.        0.
    0.        0.        0.        0.        0.        0.        0.
    0.        0.        0.     ]
 [  0.        0.        0.        0.        0.        0.        0.
    0.        0.        0.        0.        0.        0.        0.
    0.        0.        0.        0.        0.        0.        0.
    0.        0.        0.     ]
 [  0.        0.        0.        0.        0.        0.        0.
    0.        0.        0.        0.        0.        0.        0.
    0.        0.        0.        0.        0.        0.        0.
    0.        0.        0.     ]
 [  0.        0.        0.        0.        0.        0.        0.
    0.        0.        0.        0.        0.        0.        0.
    0.        0.        0.        0.        0.        0.        0.
    0.        0.        0.     ]
 [  0.        0.        0.        0.        0.        0.        0.
    0.        0.        0.        0.        0.        0.        0.
    0.        0.        0.        0.        0.        0.        0.
    0.        0.        0.     ]
 [  0.        0.        0.        0.        0.        0.        0.
    0.        0.        0.        0.        0.        0.        0.
    0.        0.        0.        0.        0.        0.        0.
    0.        0.        0.     ]
 [  0.        0.        0.        0.        0.        0.        0.
    0.        0.        0.        0.        0.        0.        0.
    0.        0.        0.        0.        0.        0.        0.
    0.        0.        0.     ]
 [  0.        0.        0.        0.        0.        0.        0.
    0.        0.        0.        0.        0.        0.        0.
    0.        0.        0.        0.        0.        0.        0.
    0.        0.        0.     ]
 [  0.        0.        0.        0.        0.        0.        0.
    0.       10.5239    0.        0.        0.        0.        0.
    0.        0.        0.        0.        0.        0.        0.
    0.        0.        0.     ]]
Pesos de INICIO:  <Compressed Sparse Row sparse matrix of dtype 'float64'
	with 19 stored elements and shape (24, 24)>
  Coords	Values
  (0, 8)	-12.991
  (0, 9)	-5.11626
  (1, 8)	72.3728
  (1, 9)	35.6969
  (2, 8)	-14.8875
  (2, 9)	2.54909
  (3, 9)	16.157
  (3, 23)	26.1543
  (4, 8)	40.5368
  (4, 9)	51.8867
  (5, 8)	9.42509
  (5, 10)	26.7021
  (6, 8)	35.9146
  (6, 9)	-11.3673
  (7, 8)	10.7469
  (7, 9)	52.8257
  (8, 2)	-60.4145
  (10, 9)	61.4909
  (23, 8)	10.5239
Compiling ...  OK 
[378.841]
[378.841, 383.332]
[378.841, 383.332, 372.583]
[378.841, 383.332, 372.583, 379.875]
[378.841, 383.332, 372.583, 379.875, 387.425]
[378.841, 383.332, 372.583, 379.875, 387.425, 378.804]
[378.841, 383.332, 372.583, 379.875, 387.425, 378.804, 382.449]
[378.841, 383.332, 372.583, 379.875, 387.425, 378.804, 382.449, 384.37]
[378.841, 383.332, 372.583, 379.875, 387.425, 378.804, 382.449, 384.37, 375.607]
[378.841, 383.332, 372.583, 379.875, 387.425, 378.804, 382.449, 384.37, 375.607, 378.657]
[378.841, 383.332, 372.583, 379.875, 387.425, 378.804, 382.449, 384.37, 375.607, 378.657, 383.577]
[378.841, 383.332, 372.583, 379.875, 387.425, 378.804, 382.449, 384.37, 375.607, 378.657, 383.577, 380.941]
[378.841, 383.332, 372.583, 379.875, 387.425, 378.804, 382.449, 384.37, 375.607, 378.657, 383.577, 380.941, 379.548]
[378.841, 383.332, 372.583, 379.875, 387.425, 378.804, 382.449, 384.37, 375.607, 378.657, 383.577, 380.941, 379.548, 384.896]
[378.841, 383.332, 372.583, 379.875, 387.425, 378.804, 382.449, 384.37, 375.607, 378.657, 383.577, 380.941, 379.548, 384.896, 375.613]
[378.841, 383.332, 372.583, 379.875, 387.425, 378.804, 382.449, 384.37, 375.607, 378.657, 383.577, 380.941, 379.548, 384.896, 375.613, 381.657]
[378.841, 383.332, 372.583, 379.875, 387.425, 378.804, 382.449, 384.37, 375.607, 378.657, 383.577, 380.941, 379.548, 384.896, 375.613, 381.657, 377.51]
[378.841, 383.332, 372.583, 379.875, 387.425, 378.804, 382.449, 384.37, 375.607, 378.657, 383.577, 380.941, 379.548, 384.896, 375.613, 381.657, 377.51, 384.09]
[378.841, 383.332, 372.583, 379.875, 387.425, 378.804, 382.449, 384.37, 375.607, 378.657, 383.577, 380.941, 379.548, 384.896, 375.613, 381.657, 377.51, 384.09, 385.285]
[378.841, 383.332, 372.583, 379.875, 387.425, 378.804, 382.449, 384.37, 375.607, 378.657, 383.577, 380.941, 379.548, 384.896, 375.613, 381.657, 377.51, 384.09, 385.285, 378.826]
[378.841, 383.332, 372.583, 379.875, 387.425, 378.804, 382.449, 384.37, 375.607, 378.657, 383.577, 380.941, 379.548, 384.896, 375.613, 381.657, 377.51, 384.09, 385.285, 378.826, 379.579]
[378.841, 383.332, 372.583, 379.875, 387.425, 378.804, 382.449, 384.37, 375.607, 378.657, 383.577, 380.941, 379.548, 384.896, 375.613, 381.657, 377.51, 384.09, 385.285, 378.826, 379.579, 381.086]
[378.841, 383.332, 372.583, 379.875, 387.425, 378.804, 382.449, 384.37, 375.607, 378.657, 383.577, 380.941, 379.548, 384.896, 375.613, 381.657, 377.51, 384.09, 385.285, 378.826, 379.579, 381.086, 380.36]
[378.841, 383.332, 372.583, 379.875, 387.425, 378.804, 382.449, 384.37, 375.607, 378.657, 383.577, 380.941, 379.548, 384.896, 375.613, 381.657, 377.51, 384.09, 385.285, 378.826, 379.579, 381.086, 380.36, 376.072]
[378.841, 383.332, 372.583, 379.875, 387.425, 378.804, 382.449, 384.37, 375.607, 378.657, 383.577, 380.941, 379.548, 384.896, 375.613, 381.657, 377.51, 384.09, 385.285, 378.826, 379.579, 381.086, 380.36, 376.072, 374.479]
[378.841, 383.332, 372.583, 379.875, 387.425, 378.804, 382.449, 384.37, 375.607, 378.657, 383.577, 380.941, 379.548, 384.896, 375.613, 381.657, 377.51, 384.09, 385.285, 378.826, 379.579, 381.086, 380.36, 376.072, 374.479, 365.79]
[378.841, 383.332, 372.583, 379.875, 387.425, 378.804, 382.449, 384.37, 375.607, 378.657, 383.577, 380.941, 379.548, 384.896, 375.613, 381.657, 377.51, 384.09, 385.285, 378.826, 379.579, 381.086, 380.36, 376.072, 374.479, 365.79, 379.525]
[378.841, 383.332, 372.583, 379.875, 387.425, 378.804, 382.449, 384.37, 375.607, 378.657, 383.577, 380.941, 379.548, 384.896, 375.613, 381.657, 377.51, 384.09, 385.285, 378.826, 379.579, 381.086, 380.36, 376.072, 374.479, 365.79, 379.525, 375.144]
[378.841, 383.332, 372.583, 379.875, 387.425, 378.804, 382.449, 384.37, 375.607, 378.657, 383.577, 380.941, 379.548, 384.896, 375.613, 381.657, 377.51, 384.09, 385.285, 378.826, 379.579, 381.086, 380.36, 376.072, 374.479, 365.79, 379.525, 375.144, 372.597]
[378.841, 383.332, 372.583, 379.875, 387.425, 378.804, 382.449, 384.37, 375.607, 378.657, 383.577, 380.941, 379.548, 384.896, 375.613, 381.657, 377.51, 384.09, 385.285, 378.826, 379.579, 381.086, 380.36, 376.072, 374.479, 365.79, 379.525, 375.144, 372.597, 376.867]
[378.841, 383.332, 372.583, 379.875, 387.425, 378.804, 382.449, 384.37, 375.607, 378.657, 383.577, 380.941, 379.548, 384.896, 375.613, 381.657, 377.51, 384.09, 385.285, 378.826, 379.579, 381.086, 380.36, 376.072, 374.479, 365.79, 379.525, 375.144, 372.597, 376.867, 382.057]
[378.841, 383.332, 372.583, 379.875, 387.425, 378.804, 382.449, 384.37, 375.607, 378.657, 383.577, 380.941, 379.548, 384.896, 375.613, 381.657, 377.51, 384.09, 385.285, 378.826, 379.579, 381.086, 380.36, 376.072, 374.479, 365.79, 379.525, 375.144, 372.597, 376.867, 382.057, 367.49]
[378.841, 383.332, 372.583, 379.875, 387.425, 378.804, 382.449, 384.37, 375.607, 378.657, 383.577, 380.941, 379.548, 384.896, 375.613, 381.657, 377.51, 384.09, 385.285, 378.826, 379.579, 381.086, 380.36, 376.072, 374.479, 365.79, 379.525, 375.144, 372.597, 376.867, 382.057, 367.49, 371.391]
