ANNarchy 4.8 (4.8.2.6) on linux (posix).
Pesos de INICIO:  [[  0.        0.        0.        0.        0.        0.        0.
    0.      -17.991   -15.1163    0.        0.        0.        0.     ]
 [  0.        0.        0.        0.        0.        0.        0.
    0.        0.       11.965     0.        0.        0.        0.     ]
 [  0.        0.        0.        0.        0.        0.        0.
    0.       50.6564    2.54909   0.        0.        0.        0.     ]
 [  0.        0.        0.        0.        0.        0.      -59.3042
    0.       57.6769    4.08287   0.        0.        0.        0.     ]
 [  0.        0.        0.        0.        0.        0.        0.
    0.      -10.652   -11.5098    0.        0.        0.        0.     ]
 [  0.        0.        0.        0.        0.        0.        0.
    0.       14.4251   61.4909    0.        0.        0.        0.     ]
 [  0.        0.        0.        0.        0.        0.        0.
    0.        0.       -4.53449   0.        0.      -37.9792    0.     ]
 [  0.        0.        0.      -34.4772    0.        0.        0.
    0.       16.142    57.8257    0.        0.        0.        0.     ]
 [  0.        0.        0.        0.        0.        0.        0.
    0.        0.        0.        0.        0.        0.        0.     ]
 [  0.        0.        0.        0.        0.        0.        0.
    0.        0.        0.        0.        0.        0.        0.     ]
 [  0.        0.        0.        0.        0.        0.        0.
    0.        0.        0.        0.        0.        0.        0.     ]
 [  0.        0.        0.        0.        0.        0.        0.
    0.        0.        0.        0.        0.        0.        0.     ]
 [  0.        0.        0.        0.        0.        0.        0.
    0.      -18.0094    0.        0.        0.        0.        0.     ]
 [  0.        0.        0.        0.        0.        0.        0.
    0.       54.7798    0.        0.        0.        0.        0.     ]]
Pesos de INICIO:  <Compressed Sparse Row sparse matrix of dtype 'float64'
	with 19 stored elements and shape (14, 14)>
  Coords	Values
  (0, 8)	-17.991
  (0, 9)	-15.1163
  (1, 9)	11.965
  (2, 8)	50.6564
  (2, 9)	2.54909
  (3, 6)	-59.3042
  (3, 8)	57.6769
  (3, 9)	4.08287
  (4, 8)	-10.652
  (4, 9)	-11.5098
  (5, 8)	14.4251
  (5, 9)	61.4909
  (6, 9)	-4.53449
  (6, 12)	-37.9792
  (7, 3)	-34.4772
  (7, 8)	16.142
  (7, 9)	57.8257
  (12, 8)	-18.0094
  (13, 8)	54.7798
Compiling ...  OK 
[191.898]
[191.898, 185.654]
[191.898, 185.654, 195.381]
[191.898, 185.654, 195.381, 202.352]
[191.898, 185.654, 195.381, 202.352, 208.031]
[191.898, 185.654, 195.381, 202.352, 208.031, 199.151]
[191.898, 185.654, 195.381, 202.352, 208.031, 199.151, 191.583]
[191.898, 185.654, 195.381, 202.352, 208.031, 199.151, 191.583, 196.45]
[191.898, 185.654, 195.381, 202.352, 208.031, 199.151, 191.583, 196.45, 194.328]
[191.898, 185.654, 195.381, 202.352, 208.031, 199.151, 191.583, 196.45, 194.328, 185.495]
[191.898, 185.654, 195.381, 202.352, 208.031, 199.151, 191.583, 196.45, 194.328, 185.495, 198.578]
[191.898, 185.654, 195.381, 202.352, 208.031, 199.151, 191.583, 196.45, 194.328, 185.495, 198.578, 192.366]
[191.898, 185.654, 195.381, 202.352, 208.031, 199.151, 191.583, 196.45, 194.328, 185.495, 198.578, 192.366, 201.011]
[191.898, 185.654, 195.381, 202.352, 208.031, 199.151, 191.583, 196.45, 194.328, 185.495, 198.578, 192.366, 201.011, 193.531]
[191.898, 185.654, 195.381, 202.352, 208.031, 199.151, 191.583, 196.45, 194.328, 185.495, 198.578, 192.366, 201.011, 193.531, 202.456]
[191.898, 185.654, 195.381, 202.352, 208.031, 199.151, 191.583, 196.45, 194.328, 185.495, 198.578, 192.366, 201.011, 193.531, 202.456, 205.461]
[191.898, 185.654, 195.381, 202.352, 208.031, 199.151, 191.583, 196.45, 194.328, 185.495, 198.578, 192.366, 201.011, 193.531, 202.456, 205.461, 191.928]
[191.898, 185.654, 195.381, 202.352, 208.031, 199.151, 191.583, 196.45, 194.328, 185.495, 198.578, 192.366, 201.011, 193.531, 202.456, 205.461, 191.928, 199.746]
[191.898, 185.654, 195.381, 202.352, 208.031, 199.151, 191.583, 196.45, 194.328, 185.495, 198.578, 192.366, 201.011, 193.531, 202.456, 205.461, 191.928, 199.746, 195.355]
[191.898, 185.654, 195.381, 202.352, 208.031, 199.151, 191.583, 196.45, 194.328, 185.495, 198.578, 192.366, 201.011, 193.531, 202.456, 205.461, 191.928, 199.746, 195.355, 210.659]
[191.898, 185.654, 195.381, 202.352, 208.031, 199.151, 191.583, 196.45, 194.328, 185.495, 198.578, 192.366, 201.011, 193.531, 202.456, 205.461, 191.928, 199.746, 195.355, 210.659, 200.31]
[191.898, 185.654, 195.381, 202.352, 208.031, 199.151, 191.583, 196.45, 194.328, 185.495, 198.578, 192.366, 201.011, 193.531, 202.456, 205.461, 191.928, 199.746, 195.355, 210.659, 200.31, 191.131]
[191.898, 185.654, 195.381, 202.352, 208.031, 199.151, 191.583, 196.45, 194.328, 185.495, 198.578, 192.366, 201.011, 193.531, 202.456, 205.461, 191.928, 199.746, 195.355, 210.659, 200.31, 191.131, 192.506]
[191.898, 185.654, 195.381, 202.352, 208.031, 199.151, 191.583, 196.45, 194.328, 185.495, 198.578, 192.366, 201.011, 193.531, 202.456, 205.461, 191.928, 199.746, 195.355, 210.659, 200.31, 191.131, 192.506, 199.905]
[191.898, 185.654, 195.381, 202.352, 208.031, 199.151, 191.583, 196.45, 194.328, 185.495, 198.578, 192.366, 201.011, 193.531, 202.456, 205.461, 191.928, 199.746, 195.355, 210.659, 200.31, 191.131, 192.506, 199.905, 190.577]
[191.898, 185.654, 195.381, 202.352, 208.031, 199.151, 191.583, 196.45, 194.328, 185.495, 198.578, 192.366, 201.011, 193.531, 202.456, 205.461, 191.928, 199.746, 195.355, 210.659, 200.31, 191.131, 192.506, 199.905, 190.577, 201.575]
[191.898, 185.654, 195.381, 202.352, 208.031, 199.151, 191.583, 196.45, 194.328, 185.495, 198.578, 192.366, 201.011, 193.531, 202.456, 205.461, 191.928, 199.746, 195.355, 210.659, 200.31, 191.131, 192.506, 199.905, 190.577, 201.575, 187.183]
[191.898, 185.654, 195.381, 202.352, 208.031, 199.151, 191.583, 196.45, 194.328, 185.495, 198.578, 192.366, 201.011, 193.531, 202.456, 205.461, 191.928, 199.746, 195.355, 210.659, 200.31, 191.131, 192.506, 199.905, 190.577, 201.575, 187.183, 187.722]
[191.898, 185.654, 195.381, 202.352, 208.031, 199.151, 191.583, 196.45, 194.328, 185.495, 198.578, 192.366, 201.011, 193.531, 202.456, 205.461, 191.928, 199.746, 195.355, 210.659, 200.31, 191.131, 192.506, 199.905, 190.577, 201.575, 187.183, 187.722, 195.847]
[191.898, 185.654, 195.381, 202.352, 208.031, 199.151, 191.583, 196.45, 194.328, 185.495, 198.578, 192.366, 201.011, 193.531, 202.456, 205.461, 191.928, 199.746, 195.355, 210.659, 200.31, 191.131, 192.506, 199.905, 190.577, 201.575, 187.183, 187.722, 195.847, 180.999]
[191.898, 185.654, 195.381, 202.352, 208.031, 199.151, 191.583, 196.45, 194.328, 185.495, 198.578, 192.366, 201.011, 193.531, 202.456, 205.461, 191.928, 199.746, 195.355, 210.659, 200.31, 191.131, 192.506, 199.905, 190.577, 201.575, 187.183, 187.722, 195.847, 180.999, 192.027]
[191.898, 185.654, 195.381, 202.352, 208.031, 199.151, 191.583, 196.45, 194.328, 185.495, 198.578, 192.366, 201.011, 193.531, 202.456, 205.461, 191.928, 199.746, 195.355, 210.659, 200.31, 191.131, 192.506, 199.905, 190.577, 201.575, 187.183, 187.722, 195.847, 180.999, 192.027, 184.607]
[191.898, 185.654, 195.381, 202.352, 208.031, 199.151, 191.583, 196.45, 194.328, 185.495, 198.578, 192.366, 201.011, 193.531, 202.456, 205.461, 191.928, 199.746, 195.355, 210.659, 200.31, 191.131, 192.506, 199.905, 190.577, 201.575, 187.183, 187.722, 195.847, 180.999, 192.027, 184.607, 185.09]
