ANNarchy 4.8 (4.8.2.6) on linux (posix).
Pesos de INICIO:  [[0. 0. 0. ... 0. 0. 0.]
 [0. 0. 0. ... 0. 0. 0.]
 [0. 0. 0. ... 0. 0. 0.]
 ...
 [0. 0. 0. ... 0. 0. 0.]
 [0. 0. 0. ... 0. 0. 0.]
 [0. 0. 0. ... 0. 0. 0.]]
Pesos de INICIO:  <Compressed Sparse Row sparse matrix of dtype 'float64'
	with 25 stored elements and shape (39, 39)>
  Coords	Values
  (0, 8)	-12.991
  (0, 9)	-19.3995
  (0, 18)	-45.3287
  (1, 8)	72.3728
  (1, 9)	64.391
  (2, 8)	41.8447
  (2, 9)	7.54909
  (3, 8)	31.8515
  (3, 9)	20.0709
  (4, 8)	21.2154
  (4, 9)	62.8278
  (5, 8)	14.4251
  (5, 9)	66.4909
  (5, 36)	-21.0931
  (6, 4)	-34.7674
  (6, 8)	45.9146
  (6, 37)	3.98712
  (7, 8)	0.746891
  (14, 8)	19.4251
  (16, 38)	1.04342
  (18, 8)	-12.991
  (28, 14)	19.5963
  (36, 28)	-15.68
  (37, 16)	-0.221237
  (38, 9)	-16.3673
Compiling ...  OK 
[484.25]
[484.25, 483.885]
[484.25, 483.885, 485.192]
[484.25, 483.885, 485.192, 481.407]
[484.25, 483.885, 485.192, 481.407, 480.99]
[484.25, 483.885, 485.192, 481.407, 480.99, 481.171]
[484.25, 483.885, 485.192, 481.407, 480.99, 481.171, 484.909]
[484.25, 483.885, 485.192, 481.407, 480.99, 481.171, 484.909, 484.686]
[484.25, 483.885, 485.192, 481.407, 480.99, 481.171, 484.909, 484.686, 483.086]
[484.25, 483.885, 485.192, 481.407, 480.99, 481.171, 484.909, 484.686, 483.086, 483.443]
[484.25, 483.885, 485.192, 481.407, 480.99, 481.171, 484.909, 484.686, 483.086, 483.443, 484.564]
[484.25, 483.885, 485.192, 481.407, 480.99, 481.171, 484.909, 484.686, 483.086, 483.443, 484.564, 484.456]
[484.25, 483.885, 485.192, 481.407, 480.99, 481.171, 484.909, 484.686, 483.086, 483.443, 484.564, 484.456, 484.115]
[484.25, 483.885, 485.192, 481.407, 480.99, 481.171, 484.909, 484.686, 483.086, 483.443, 484.564, 484.456, 484.115, 483.169]
[484.25, 483.885, 485.192, 481.407, 480.99, 481.171, 484.909, 484.686, 483.086, 483.443, 484.564, 484.456, 484.115, 483.169, 481.344]
[484.25, 483.885, 485.192, 481.407, 480.99, 481.171, 484.909, 484.686, 483.086, 483.443, 484.564, 484.456, 484.115, 483.169, 481.344, 485.728]
[484.25, 483.885, 485.192, 481.407, 480.99, 481.171, 484.909, 484.686, 483.086, 483.443, 484.564, 484.456, 484.115, 483.169, 481.344, 485.728, 483.432]
[484.25, 483.885, 485.192, 481.407, 480.99, 481.171, 484.909, 484.686, 483.086, 483.443, 484.564, 484.456, 484.115, 483.169, 481.344, 485.728, 483.432, 482.845]
[484.25, 483.885, 485.192, 481.407, 480.99, 481.171, 484.909, 484.686, 483.086, 483.443, 484.564, 484.456, 484.115, 483.169, 481.344, 485.728, 483.432, 482.845, 481.748]
[484.25, 483.885, 485.192, 481.407, 480.99, 481.171, 484.909, 484.686, 483.086, 483.443, 484.564, 484.456, 484.115, 483.169, 481.344, 485.728, 483.432, 482.845, 481.748, 483.374]
[484.25, 483.885, 485.192, 481.407, 480.99, 481.171, 484.909, 484.686, 483.086, 483.443, 484.564, 484.456, 484.115, 483.169, 481.344, 485.728, 483.432, 482.845, 481.748, 483.374, 484.924]
[484.25, 483.885, 485.192, 481.407, 480.99, 481.171, 484.909, 484.686, 483.086, 483.443, 484.564, 484.456, 484.115, 483.169, 481.344, 485.728, 483.432, 482.845, 481.748, 483.374, 484.924, 482.86]
[484.25, 483.885, 485.192, 481.407, 480.99, 481.171, 484.909, 484.686, 483.086, 483.443, 484.564, 484.456, 484.115, 483.169, 481.344, 485.728, 483.432, 482.845, 481.748, 483.374, 484.924, 482.86, 480.631]
[484.25, 483.885, 485.192, 481.407, 480.99, 481.171, 484.909, 484.686, 483.086, 483.443, 484.564, 484.456, 484.115, 483.169, 481.344, 485.728, 483.432, 482.845, 481.748, 483.374, 484.924, 482.86, 480.631, 484.745]
[484.25, 483.885, 485.192, 481.407, 480.99, 481.171, 484.909, 484.686, 483.086, 483.443, 484.564, 484.456, 484.115, 483.169, 481.344, 485.728, 483.432, 482.845, 481.748, 483.374, 484.924, 482.86, 480.631, 484.745, 482.986]
[484.25, 483.885, 485.192, 481.407, 480.99, 481.171, 484.909, 484.686, 483.086, 483.443, 484.564, 484.456, 484.115, 483.169, 481.344, 485.728, 483.432, 482.845, 481.748, 483.374, 484.924, 482.86, 480.631, 484.745, 482.986, 482.196]
[484.25, 483.885, 485.192, 481.407, 480.99, 481.171, 484.909, 484.686, 483.086, 483.443, 484.564, 484.456, 484.115, 483.169, 481.344, 485.728, 483.432, 482.845, 481.748, 483.374, 484.924, 482.86, 480.631, 484.745, 482.986, 482.196, 483.755]
[484.25, 483.885, 485.192, 481.407, 480.99, 481.171, 484.909, 484.686, 483.086, 483.443, 484.564, 484.456, 484.115, 483.169, 481.344, 485.728, 483.432, 482.845, 481.748, 483.374, 484.924, 482.86, 480.631, 484.745, 482.986, 482.196, 483.755, 481.37]
[484.25, 483.885, 485.192, 481.407, 480.99, 481.171, 484.909, 484.686, 483.086, 483.443, 484.564, 484.456, 484.115, 483.169, 481.344, 485.728, 483.432, 482.845, 481.748, 483.374, 484.924, 482.86, 480.631, 484.745, 482.986, 482.196, 483.755, 481.37, 482.3]
[484.25, 483.885, 485.192, 481.407, 480.99, 481.171, 484.909, 484.686, 483.086, 483.443, 484.564, 484.456, 484.115, 483.169, 481.344, 485.728, 483.432, 482.845, 481.748, 483.374, 484.924, 482.86, 480.631, 484.745, 482.986, 482.196, 483.755, 481.37, 482.3, 482.643]
[484.25, 483.885, 485.192, 481.407, 480.99, 481.171, 484.909, 484.686, 483.086, 483.443, 484.564, 484.456, 484.115, 483.169, 481.344, 485.728, 483.432, 482.845, 481.748, 483.374, 484.924, 482.86, 480.631, 484.745, 482.986, 482.196, 483.755, 481.37, 482.3, 482.643, 483.061]
[484.25, 483.885, 485.192, 481.407, 480.99, 481.171, 484.909, 484.686, 483.086, 483.443, 484.564, 484.456, 484.115, 483.169, 481.344, 485.728, 483.432, 482.845, 481.748, 483.374, 484.924, 482.86, 480.631, 484.745, 482.986, 482.196, 483.755, 481.37, 482.3, 482.643, 483.061, 479.662]
[484.25, 483.885, 485.192, 481.407, 480.99, 481.171, 484.909, 484.686, 483.086, 483.443, 484.564, 484.456, 484.115, 483.169, 481.344, 485.728, 483.432, 482.845, 481.748, 483.374, 484.924, 482.86, 480.631, 484.745, 482.986, 482.196, 483.755, 481.37, 482.3, 482.643, 483.061, 479.662, 483.238]
