ANNarchy 4.8 (4.8.2.6) on linux (posix).
Pesos de INICIO:  [[  0.        0.        0.        0.        0.        0.        0.
    0.      -12.991    -5.11626   0.        0.        0.        0.
    0.        0.        0.        0.        0.        0.        0.
    0.        0.        0.     ]
 [  0.        0.        0.        0.        0.        0.        0.
    0.       72.3728   35.6969    0.        0.        0.        0.
    0.        0.        0.        0.        0.        0.        0.
    0.        0.        0.     ]
 [  0.        0.        0.        0.        0.        0.        0.
    0.      -14.8875    2.54909   0.        0.        0.        0.
    0.        0.        0.        0.        0.        0.        0.
    0.        0.        0.     ]
 [  0.        0.        0.        0.        0.        0.        0.
    0.        0.       16.157     0.        0.        0.        0.
    0.        0.        0.        0.        0.        0.        0.
    0.        0.       26.1543 ]
 [  0.        0.        0.        0.        0.        0.        0.
    0.       40.5368   51.8867    0.        0.        0.        0.
    0.        0.        0.        0.        0.        0.        0.
    0.        0.        0.     ]
 [  0.        0.        0.        0.        0.        0.        0.
    0.        9.42509   0.       26.7021    0.        0.        0.
    0.        0.        0.        0.        0.        0.        0.
    0.        0.        0.     ]
 [  0.        0.        0.        0.        0.        0.        0.
    0.       35.9146  -11.3673    0.        0.        0.        0.
    0.        0.        0.        0.        0.        0.        0.
    0.        0.        0.     ]
 [  0.        0.        0.        0.        0.        0.        0.
    0.       10.7469   52.8257    0.        0.        0.        0.
    0.        0.        0.        0.        0.        0.        0.
    0.        0.        0.     ]
 [  0.        0.      -60.4145    0.        0.        0.        0.
    0.        0.        0.        0.        0.        0.        0.
    0.        0.        0.        0.        0.        0.        0.
    0.        0.        0.     ]
 [  0.        0.        0.        0.        0.        0.        0.
    0.        0.        0.        0.        0.        0.        0.
    0.        0.        0.        0.        0.        0.        0.
    0.        0.        0.     ]
 [  0.        0.        0.        0.        0.        0.        0.
    0.        0.       61.4909    0.        0.        0.        0.
    0.        0.        0.        0.        0.        0.        0.
    0.        0.        0.     ]
 [  0.        0.        0.        0.        0.        0.        0.
    0.        0.        0.        0.        0.        0.        0.
    0.        0.        0.        0.        0.        0.        0.
    0.        0.        0.     ]
 [  0.        0.        0.        0.        0.        0.        0.
    0.        0.        0.        0.        0.        0.        0.
    0.        0.        0.        0.        0.        0.        0.
    0.        0.        0.     ]
 [  0.        0.        0.        0.        0.        0.        0.
    0.        0.        0.        0.        0.        0.        0.
    0.        0.        0.        0.        0.        0.        0.
    0.        0.        0.     ]
 [  0.        0.        0.        0.        0.        0.        0.
    0.        0.        0.        0.        0.        0.        0.
    0.        0.        0.        0.        0.        0.        0.
    0.        0.        0.     ]
 [  0.        0.        0.        0.        0.        0.        0.
    0.        0.        0.        0.        0.        0.        0.
    0.        0.        0.        0.        0.        0.        0.
    0.        0.        0.     ]
 [  0.        0.        0.        0.        0.        0.        0.
    0.        0.        0.        0.        0.        0.        0.
    0.        0.        0.        0.        0.        0.        0.
    0.        0.        0.     ]
 [  0.        0.        0.        0.        0.        0.        0.
    0.        0.        0.        0.        0.        0.        0.
    0.        0.        0.        0.        0.        0.        0.
    0.        0.        0.     ]
 [  0.        0.        0.        0.        0.        0.        0.
    0.        0.        0.        0.        0.        0.        0.
    0.        0.        0.        0.        0.        0.        0.
    0.        0.        0.     ]
 [  0.        0.        0.        0.        0.        0.        0.
    0.        0.        0.        0.        0.        0.        0.
    0.        0.        0.        0.        0.        0.        0.
    0.        0.        0.     ]
 [  0.        0.        0.        0.        0.        0.        0.
    0.        0.        0.        0.        0.        0.        0.
    0.        0.        0.        0.        0.        0.        0.
    0.        0.        0.     ]
 [  0.        0.        0.        0.        0.        0.        0.
    0.        0.        0.        0.        0.        0.        0.
    0.        0.        0.        0.        0.        0.        0.
    0.        0.        0.     ]
 [  0.        0.        0.        0.        0.        0.        0.
    0.        0.        0.        0.        0.        0.        0.
    0.        0.        0.        0.        0.        0.        0.
    0.        0.        0.     ]
 [  0.        0.        0.        0.        0.        0.        0.
    0.       10.5239    0.        0.        0.        0.        0.
    0.        0.        0.        0.        0.        0.        0.
    0.        0.        0.     ]]
Pesos de INICIO:  <Compressed Sparse Row sparse matrix of dtype 'float64'
	with 19 stored elements and shape (24, 24)>
  Coords	Values
  (0, 8)	-12.991
  (0, 9)	-5.11626
  (1, 8)	72.3728
  (1, 9)	35.6969
  (2, 8)	-14.8875
  (2, 9)	2.54909
  (3, 9)	16.157
  (3, 23)	26.1543
  (4, 8)	40.5368
  (4, 9)	51.8867
  (5, 8)	9.42509
  (5, 10)	26.7021
  (6, 8)	35.9146
  (6, 9)	-11.3673
  (7, 8)	10.7469
  (7, 9)	52.8257
  (8, 2)	-60.4145
  (10, 9)	61.4909
  (23, 8)	10.5239
Compiling ...  OK 
[452.008]
[452.008, 459.825]
[452.008, 459.825, 451.83]
[452.008, 459.825, 451.83, 451.701]
[452.008, 459.825, 451.83, 451.701, 456.383]
[452.008, 459.825, 451.83, 451.701, 456.383, 454.499]
[452.008, 459.825, 451.83, 451.701, 456.383, 454.499, 451.338]
[452.008, 459.825, 451.83, 451.701, 456.383, 454.499, 451.338, 455.394]
[452.008, 459.825, 451.83, 451.701, 456.383, 454.499, 451.338, 455.394, 451.856]
[452.008, 459.825, 451.83, 451.701, 456.383, 454.499, 451.338, 455.394, 451.856, 456.828]
[452.008, 459.825, 451.83, 451.701, 456.383, 454.499, 451.338, 455.394, 451.856, 456.828, 453.783]
[452.008, 459.825, 451.83, 451.701, 456.383, 454.499, 451.338, 455.394, 451.856, 456.828, 453.783, 456.099]
[452.008, 459.825, 451.83, 451.701, 456.383, 454.499, 451.338, 455.394, 451.856, 456.828, 453.783, 456.099, 457.695]
[452.008, 459.825, 451.83, 451.701, 456.383, 454.499, 451.338, 455.394, 451.856, 456.828, 453.783, 456.099, 457.695, 452.948]
[452.008, 459.825, 451.83, 451.701, 456.383, 454.499, 451.338, 455.394, 451.856, 456.828, 453.783, 456.099, 457.695, 452.948, 456.804]
[452.008, 459.825, 451.83, 451.701, 456.383, 454.499, 451.338, 455.394, 451.856, 456.828, 453.783, 456.099, 457.695, 452.948, 456.804, 462.674]
[452.008, 459.825, 451.83, 451.701, 456.383, 454.499, 451.338, 455.394, 451.856, 456.828, 453.783, 456.099, 457.695, 452.948, 456.804, 462.674, 457.165]
[452.008, 459.825, 451.83, 451.701, 456.383, 454.499, 451.338, 455.394, 451.856, 456.828, 453.783, 456.099, 457.695, 452.948, 456.804, 462.674, 457.165, 455.877]
[452.008, 459.825, 451.83, 451.701, 456.383, 454.499, 451.338, 455.394, 451.856, 456.828, 453.783, 456.099, 457.695, 452.948, 456.804, 462.674, 457.165, 455.877, 455.059]
[452.008, 459.825, 451.83, 451.701, 456.383, 454.499, 451.338, 455.394, 451.856, 456.828, 453.783, 456.099, 457.695, 452.948, 456.804, 462.674, 457.165, 455.877, 455.059, 456.752]
[452.008, 459.825, 451.83, 451.701, 456.383, 454.499, 451.338, 455.394, 451.856, 456.828, 453.783, 456.099, 457.695, 452.948, 456.804, 462.674, 457.165, 455.877, 455.059, 456.752, 451.789]
[452.008, 459.825, 451.83, 451.701, 456.383, 454.499, 451.338, 455.394, 451.856, 456.828, 453.783, 456.099, 457.695, 452.948, 456.804, 462.674, 457.165, 455.877, 455.059, 456.752, 451.789, 454.696]
[452.008, 459.825, 451.83, 451.701, 456.383, 454.499, 451.338, 455.394, 451.856, 456.828, 453.783, 456.099, 457.695, 452.948, 456.804, 462.674, 457.165, 455.877, 455.059, 456.752, 451.789, 454.696, 453.351]
[452.008, 459.825, 451.83, 451.701, 456.383, 454.499, 451.338, 455.394, 451.856, 456.828, 453.783, 456.099, 457.695, 452.948, 456.804, 462.674, 457.165, 455.877, 455.059, 456.752, 451.789, 454.696, 453.351, 452.934]
[452.008, 459.825, 451.83, 451.701, 456.383, 454.499, 451.338, 455.394, 451.856, 456.828, 453.783, 456.099, 457.695, 452.948, 456.804, 462.674, 457.165, 455.877, 455.059, 456.752, 451.789, 454.696, 453.351, 452.934, 451.258]
[452.008, 459.825, 451.83, 451.701, 456.383, 454.499, 451.338, 455.394, 451.856, 456.828, 453.783, 456.099, 457.695, 452.948, 456.804, 462.674, 457.165, 455.877, 455.059, 456.752, 451.789, 454.696, 453.351, 452.934, 451.258, 453.112]
[452.008, 459.825, 451.83, 451.701, 456.383, 454.499, 451.338, 455.394, 451.856, 456.828, 453.783, 456.099, 457.695, 452.948, 456.804, 462.674, 457.165, 455.877, 455.059, 456.752, 451.789, 454.696, 453.351, 452.934, 451.258, 453.112, 448.459]
[452.008, 459.825, 451.83, 451.701, 456.383, 454.499, 451.338, 455.394, 451.856, 456.828, 453.783, 456.099, 457.695, 452.948, 456.804, 462.674, 457.165, 455.877, 455.059, 456.752, 451.789, 454.696, 453.351, 452.934, 451.258, 453.112, 448.459, 449.232]
[452.008, 459.825, 451.83, 451.701, 456.383, 454.499, 451.338, 455.394, 451.856, 456.828, 453.783, 456.099, 457.695, 452.948, 456.804, 462.674, 457.165, 455.877, 455.059, 456.752, 451.789, 454.696, 453.351, 452.934, 451.258, 453.112, 448.459, 449.232, 458.001]
[452.008, 459.825, 451.83, 451.701, 456.383, 454.499, 451.338, 455.394, 451.856, 456.828, 453.783, 456.099, 457.695, 452.948, 456.804, 462.674, 457.165, 455.877, 455.059, 456.752, 451.789, 454.696, 453.351, 452.934, 451.258, 453.112, 448.459, 449.232, 458.001, 458.011]
[452.008, 459.825, 451.83, 451.701, 456.383, 454.499, 451.338, 455.394, 451.856, 456.828, 453.783, 456.099, 457.695, 452.948, 456.804, 462.674, 457.165, 455.877, 455.059, 456.752, 451.789, 454.696, 453.351, 452.934, 451.258, 453.112, 448.459, 449.232, 458.001, 458.011, 460.648]
[452.008, 459.825, 451.83, 451.701, 456.383, 454.499, 451.338, 455.394, 451.856, 456.828, 453.783, 456.099, 457.695, 452.948, 456.804, 462.674, 457.165, 455.877, 455.059, 456.752, 451.789, 454.696, 453.351, 452.934, 451.258, 453.112, 448.459, 449.232, 458.001, 458.011, 460.648, 453.51]
[452.008, 459.825, 451.83, 451.701, 456.383, 454.499, 451.338, 455.394, 451.856, 456.828, 453.783, 456.099, 457.695, 452.948, 456.804, 462.674, 457.165, 455.877, 455.059, 456.752, 451.789, 454.696, 453.351, 452.934, 451.258, 453.112, 448.459, 449.232, 458.001, 458.011, 460.648, 453.51, 456.851]
