ANNarchy 4.8 (4.8.2.6) on linux (posix).
Pesos de INICIO:  [[0. 0. 0. ... 0. 0. 0.]
 [0. 0. 0. ... 0. 0. 0.]
 [0. 0. 0. ... 0. 0. 0.]
 ...
 [0. 0. 0. ... 0. 0. 0.]
 [0. 0. 0. ... 0. 0. 0.]
 [0. 0. 0. ... 0. 0. 0.]]
Pesos de INICIO:  <Compressed Sparse Row sparse matrix of dtype 'float64'
	with 22 stored elements and shape (33, 33)>
  Coords	Values
  (0, 8)	68.4318
  (0, 9)	32.2629
  (1, 8)	-6.62346
  (1, 9)	10.7168
  (2, 8)	52.9904
  (2, 27)	9.00733
  (3, 8)	70.4782
  (4, 8)	28.2441
  (4, 9)	28.2892
  (5, 9)	78.3596
  (5, 11)	31.9972
  (6, 4)	-36.1498
  (6, 8)	0.811169
  (6, 9)	-10.626
  (7, 8)	-8.38225
  (7, 9)	53.0012
  (7, 32)	-56.9881
  (8, 1)	-13.2411
  (10, 32)	-33.0681
  (11, 32)	-68.1328
  (27, 9)	44.5134
  (32, 8)	1.4524
Compiling ...  OK 
[388.932]
[388.932, 383.385]
[388.932, 383.385, 385.767]
[388.932, 383.385, 385.767, 389.321]
[388.932, 383.385, 385.767, 389.321, 385.159]
[388.932, 383.385, 385.767, 389.321, 385.159, 381.438]
[388.932, 383.385, 385.767, 389.321, 385.159, 381.438, 386.053]
[388.932, 383.385, 385.767, 389.321, 385.159, 381.438, 386.053, 391.901]
[388.932, 383.385, 385.767, 389.321, 385.159, 381.438, 386.053, 391.901, 390.945]
[388.932, 383.385, 385.767, 389.321, 385.159, 381.438, 386.053, 391.901, 390.945, 397.576]
[388.932, 383.385, 385.767, 389.321, 385.159, 381.438, 386.053, 391.901, 390.945, 397.576, 391.956]
[388.932, 383.385, 385.767, 389.321, 385.159, 381.438, 386.053, 391.901, 390.945, 397.576, 391.956, 376.669]
[388.932, 383.385, 385.767, 389.321, 385.159, 381.438, 386.053, 391.901, 390.945, 397.576, 391.956, 376.669, 382.285]
[388.932, 383.385, 385.767, 389.321, 385.159, 381.438, 386.053, 391.901, 390.945, 397.576, 391.956, 376.669, 382.285, 383.564]
[388.932, 383.385, 385.767, 389.321, 385.159, 381.438, 386.053, 391.901, 390.945, 397.576, 391.956, 376.669, 382.285, 383.564, 387.985]
[388.932, 383.385, 385.767, 389.321, 385.159, 381.438, 386.053, 391.901, 390.945, 397.576, 391.956, 376.669, 382.285, 383.564, 387.985, 391.961]
[388.932, 383.385, 385.767, 389.321, 385.159, 381.438, 386.053, 391.901, 390.945, 397.576, 391.956, 376.669, 382.285, 383.564, 387.985, 391.961, 382.663]
[388.932, 383.385, 385.767, 389.321, 385.159, 381.438, 386.053, 391.901, 390.945, 397.576, 391.956, 376.669, 382.285, 383.564, 387.985, 391.961, 382.663, 386.811]
[388.932, 383.385, 385.767, 389.321, 385.159, 381.438, 386.053, 391.901, 390.945, 397.576, 391.956, 376.669, 382.285, 383.564, 387.985, 391.961, 382.663, 386.811, 379.835]
[388.932, 383.385, 385.767, 389.321, 385.159, 381.438, 386.053, 391.901, 390.945, 397.576, 391.956, 376.669, 382.285, 383.564, 387.985, 391.961, 382.663, 386.811, 379.835, 376.742]
[388.932, 383.385, 385.767, 389.321, 385.159, 381.438, 386.053, 391.901, 390.945, 397.576, 391.956, 376.669, 382.285, 383.564, 387.985, 391.961, 382.663, 386.811, 379.835, 376.742, 397.075]
[388.932, 383.385, 385.767, 389.321, 385.159, 381.438, 386.053, 391.901, 390.945, 397.576, 391.956, 376.669, 382.285, 383.564, 387.985, 391.961, 382.663, 386.811, 379.835, 376.742, 397.075, 376.728]
[388.932, 383.385, 385.767, 389.321, 385.159, 381.438, 386.053, 391.901, 390.945, 397.576, 391.956, 376.669, 382.285, 383.564, 387.985, 391.961, 382.663, 386.811, 379.835, 376.742, 397.075, 376.728, 373.766]
[388.932, 383.385, 385.767, 389.321, 385.159, 381.438, 386.053, 391.901, 390.945, 397.576, 391.956, 376.669, 382.285, 383.564, 387.985, 391.961, 382.663, 386.811, 379.835, 376.742, 397.075, 376.728, 373.766, 393.831]
[388.932, 383.385, 385.767, 389.321, 385.159, 381.438, 386.053, 391.901, 390.945, 397.576, 391.956, 376.669, 382.285, 383.564, 387.985, 391.961, 382.663, 386.811, 379.835, 376.742, 397.075, 376.728, 373.766, 393.831, 385.988]
[388.932, 383.385, 385.767, 389.321, 385.159, 381.438, 386.053, 391.901, 390.945, 397.576, 391.956, 376.669, 382.285, 383.564, 387.985, 391.961, 382.663, 386.811, 379.835, 376.742, 397.075, 376.728, 373.766, 393.831, 385.988, 393.781]
[388.932, 383.385, 385.767, 389.321, 385.159, 381.438, 386.053, 391.901, 390.945, 397.576, 391.956, 376.669, 382.285, 383.564, 387.985, 391.961, 382.663, 386.811, 379.835, 376.742, 397.075, 376.728, 373.766, 393.831, 385.988, 393.781, 389.781]
[388.932, 383.385, 385.767, 389.321, 385.159, 381.438, 386.053, 391.901, 390.945, 397.576, 391.956, 376.669, 382.285, 383.564, 387.985, 391.961, 382.663, 386.811, 379.835, 376.742, 397.075, 376.728, 373.766, 393.831, 385.988, 393.781, 389.781, 395.053]
[388.932, 383.385, 385.767, 389.321, 385.159, 381.438, 386.053, 391.901, 390.945, 397.576, 391.956, 376.669, 382.285, 383.564, 387.985, 391.961, 382.663, 386.811, 379.835, 376.742, 397.075, 376.728, 373.766, 393.831, 385.988, 393.781, 389.781, 395.053, 376.086]
[388.932, 383.385, 385.767, 389.321, 385.159, 381.438, 386.053, 391.901, 390.945, 397.576, 391.956, 376.669, 382.285, 383.564, 387.985, 391.961, 382.663, 386.811, 379.835, 376.742, 397.075, 376.728, 373.766, 393.831, 385.988, 393.781, 389.781, 395.053, 376.086, 401.485]
[388.932, 383.385, 385.767, 389.321, 385.159, 381.438, 386.053, 391.901, 390.945, 397.576, 391.956, 376.669, 382.285, 383.564, 387.985, 391.961, 382.663, 386.811, 379.835, 376.742, 397.075, 376.728, 373.766, 393.831, 385.988, 393.781, 389.781, 395.053, 376.086, 401.485, 391.706]
[388.932, 383.385, 385.767, 389.321, 385.159, 381.438, 386.053, 391.901, 390.945, 397.576, 391.956, 376.669, 382.285, 383.564, 387.985, 391.961, 382.663, 386.811, 379.835, 376.742, 397.075, 376.728, 373.766, 393.831, 385.988, 393.781, 389.781, 395.053, 376.086, 401.485, 391.706, 400.446]
[388.932, 383.385, 385.767, 389.321, 385.159, 381.438, 386.053, 391.901, 390.945, 397.576, 391.956, 376.669, 382.285, 383.564, 387.985, 391.961, 382.663, 386.811, 379.835, 376.742, 397.075, 376.728, 373.766, 393.831, 385.988, 393.781, 389.781, 395.053, 376.086, 401.485, 391.706, 400.446, 389.873]
